******************************************************************************
                  TI ARM Linker PC v20.2.5                     
******************************************************************************
>> Linked Thu Nov 11 13:36:12 2021

OUTPUT FILE NAME:   <CapeProject.out>
ENTRY POINT SYMBOL: "ResetISR"  address: 00024ffd


MEMORY CONFIGURATION

         name            origin    length      used     unused   attr    fill
----------------------  --------  ---------  --------  --------  ----  --------
  FLASH                 00000000   00052000  00030434  00021bcc  R  X
  FLASH_NV              00052000   00004000  00004000  00000000  RW X
  FLASH_LAST            00056000   00002000  00000058  00001fa8  R  X
  GPRAM                 11000000   00002000  00000000  00002000  RW X
  SRAM                  20000000   00014000  000071b7  0000ce49  RW X
  LOG_DATA              90000000   00040000  00000000  00040000  R   


SEGMENT ALLOCATION MAP

run origin  load origin   length   init length attrs members
----------  ----------- ---------- ----------- ----- -------
00000000    00000000    00030438   00030438    r-x
  00000000    00000000    0000003c   0000003c    r-- .resetVecs
  00000040    00000040    0002d88c   0002d88c    r-x .text
  0002d8cc    0002d8cc    0000249c   0000249c    r-- .const
  0002fd68    0002fd68    000000d0   000000d0    r-- config_const
  0002fe38    0002fe38    00000600   00000600    r-- .cinit
00052000    00052000    00004000   00000000    rw-
  00052000    00052000    00004000   00000000    rw- .TI.bound:flashBuf0
00057fa8    00057fa8    00000058   00000058    r--
  00057fa8    00057fa8    00000058   00000058    r-- .ccfg
200000d8    200000d8    00001758   00000000    rw-
  200000d8    200000d8    00000028   00000000    rw- .data.1
  20000100    20000100    00000004   00000000    rw- .data:xdcRomConstPtr
  20000104    20000104    00000004   00000000    rw- .data:xdcRomExternFuncPtr
  20000108    20000108    00000004   00000000    rw- .data:xdcRomStatePtr
  2000010c    2000010c    00000010   00000000    rw- .data:RAM_MAC_BASE_ADDR
  20000120    20000120    00001710   00000000    rw- .data.2
20001830    20001830    00000010   00000000    rw-
  20001830    20001830    00000010   00000000    rw- .TI.bound:dmaSpi0RxControlTableEntry
20001840    20001840    000000c0   00000000    rw-
  20001840    20001840    00000010   00000000    rw- .TI.bound:dmaSpi0TxControlTableEntry
  20001850    20001850    000000b0   00000000    rw- .data.3
20001900    20001900    00000010   00000000    rw-
  20001900    20001900    00000010   00000000    rw- .TI.bound:dmaSpi1RxControlTableEntry
20001910    20001910    00000120   00000000    rw-
  20001910    20001910    00000010   00000000    rw- .TI.bound:dmaSpi1TxControlTableEntry
  20001920    20001920    00000110   00000000    rw- .data.4
20001a30    20001a30    00000010   00000000    rw-
  20001a30    20001a30    00000010   00000000    rw- .TI.bound:dmaSpi0RxAltControlTableEntry
20001a40    20001a40    000000c0   00000000    rw-
  20001a40    20001a40    00000010   00000000    rw- .TI.bound:dmaSpi0TxAltControlTableEntry
  20001a50    20001a50    000000b0   00000000    rw- .data.5
20001b00    20001b00    00000010   00000000    rw-
  20001b00    20001b00    00000010   00000000    rw- .TI.bound:dmaSpi1RxAltControlTableEntry
20001b10    20001b10    000050b1   00000000    rw-
  20001b10    20001b10    00000010   00000000    rw- .TI.bound:dmaSpi1TxAltControlTableEntry
  20001b20    20001b20    00003f6a   00000000    rw- .data.6
  20005a90    20005a90    00001131   00000000    rw- .bss
20013a00    20013a00    00000600   00000000    rw-
  20013a00    20013a00    00000600   00000000    rw- .stack


SECTION ALLOCATION MAP

 output                                  attributes/
section   page    origin      length       input sections
--------  ----  ----------  ----------   ----------------
.text      0    00000040    0002d88c     
                  00000040    000017fc     zstacktask.obj (.text:appMsg$38)
                  0000183c    00000900     libZStack_nwk_zr_ccs.a : nwk.obj (.text:nwk_data_ind_processing$89)
                  0000213c    000008c8                            : nwk.obj (.text:nwk_event_loop)
                  00002a04    000008c0     main.obj (.text:taskFxn)
                  000032c4    00000880     libZStack_nwk_zr_ccs.a : nwk.obj (.text:NwkCommandPktProcessing$89)
                  00003b44    000007b0     zstackstartup.obj (.text:stackInit$6)
                  000042f4    000006f4     maclib_nosecure_cc13x2_2_4g.a : mac.obj (.text:macRxCbIeee$67)
                  000049e8    00000608     zd_app.obj (.text:ZDOInitDeviceEx)
                  00004ff0    000005a0     gp_proxy.obj (.text:gp_dataIndProxy)
                  00005590    000004c0     zd_app.obj (.text:ZDApp_event_loop)
                  00005a50    000004b0     rf_multiMode_cc13x2.a : RFCC26X2_multiMode.c.cc13x2.ccs.o (.text:RF_fsmActiveState)
                  00005f00    0000045c     bdb.obj (.text:bdb_event_loop)
                  0000635c    000003f4     libZStack_nwk_zr_ccs.a : nl_mede_cb.obj (.text:NLDE_DataIndication)
                  00006750    000003e8                            : aps_frag.obj (.text:APSF_ProcessEvent)
                  00006b38    00000340                            : aps.obj (.text:APS_event_loop)
                  00006e78    00000340     gp_proxy_table.obj (.text:gp_UpdateProxyTbl)
                  000071b8    00000330     bdb.obj (.text:bdb_StartCommissioning)
                  000074e8    0000032c     zd_app.obj (.text:ZDApp_ProcessMsgCBs)
                  00007814    00000320     libZStack_nwk_zr_ccs.a : dgp_stub.obj (.text:gp_event_loop)
                  00007b34    0000031c     zcl_sampleapps_ui.obj (.text:UI_Init)
                  00007e50    00000318     zd_nwk_mgr.obj (.text:ZDNwkMgr_event_loop)
                  00008168    00000304     zd_object.obj (.text:ZDO_ProcessMgmtLqiReq)
                  0000846c    000002fc     zcl_hvac.obj (.text:zclHVAC_HdlIncoming$26)
                  00008768    000002f8     zstacktask.obj (.text:processSysConfigWriteReq$38)
                  00008a60    000002f4     drivers_cc13x2.a : SPICC26X2DMA.oem4f (.text:SPICC26X2DMA_transfer)
                  00008d54    000002f4     zcl_samplethermostat.obj (.text:zclSampleThermostat_Init$13)
                  00009048    000002f0     zstacktask.obj (.text:processSysConfigReadReq$38)
                  00009338    000002da     zstacktask.obj (.text:processDevZDOCBReq$38)
                  00009612    00000002     ti_drivers_config.obj (.text:Board_initHook)
                  00009614    000002c0     zmac_cb.obj (.text:MAC_CbackEvent)
                  000098d4    000002bc     libZStack_nwk_zr_ccs.a : aps_mede.obj (.text:APSME_FrameSecRemoveCM$83)
                  00009b90    000002b0                            : nwk.obj (.text:nwk_data_cnf_processing$89)
                  00009e40    0000029c     zstacktask.obj (.text:zsProcessZDOMsgs$38)
                  0000a0dc    0000029a     zcl.obj (.text:zclProcessInDiscAttrs$22)
                  0000a376    00000002     gp_proxy.obj (.text:GP_DataCnf)
                  0000a378    00000298     rf_multiMode_cc13x2.a : RFCC26X2_multiMode.c.cc13x2.ccs.o (.text:RF_open)
                  0000a610    0000028c     bdb.obj (.text:bdb_reportCommissioningState)
                  0000a89c    00000288     gp_proxy_table.obj (.text:pt_ZclReadGetProxyEntry)
                  0000ab24    0000027c     binding_table.obj (.text:bindAddEntry)
                  0000ada0    0000027c     libZStack_nwk_zr_ccs.a : dgp_stub.obj (.text:dGP_DataInd)
                  0000b01c    0000027c     gp_proxy_table.obj (.text:gp_PairingUpdateProxyTbl)
                  0000b298    00000270     zcl.obj (.text:zcl_ProcessMessageMSG)
                  0000b508    00000268     gp_proxy.obj (.text:zclGp_GpProxyTableReqCB)
                  0000b770    00000264     libZStack_nwk_zr_ccs.a : dgp_stub.obj (.text:gp_scheduleGPDFTransmission$78)
                  0000b9d4    0000025c     maclib_nosecure_cc13x2_2_4g.a : mac_pwr.obj (.text:macPwrVote)
                  0000bc30    00000234     drivers_cc13x2.a : SPICC26X2DMA.oem4f (.text:SPICC26X2DMA_hwiFxn)
                  0000be64    00000230     libZStack_nwk_zr_ccs.a : nl_mede.obj (.text:NLDE_DataReq)
                  0000c094    00000230     zcl_sampleapps_ui.obj (.text:uiActionProcessSetInstallCode$9)
                  0000c2c4    00000224     libZStack_nwk_zr_ccs.a : aps.obj (.text:APS_DataIndReflect$80)
                  0000c4e8    0000021c     maclib_nosecure_cc13x2_2_4g.a : mac.obj (.text:macSendReceiveCmdIeee)
                  0000c704    00000218     nvocmp.obj (.text:NVOCMP_initNv$3)
                  0000c91c    00000214     zd_object.obj (.text:ZDO_ProcessMatchDescReq)
                  0000cb30    00000214     zstacktask.obj (.text:ZStackTaskProcessEvent)
                  0000cd44    00000210     libZStack_nwk_zr_ccs.a : aps.obj (.text:APS_Reflect$80)
                  0000cf54    00000210     rf_multiMode_cc13x2.a : RFCC26X2_multiMode.c.cc13x2.ccs.o (.text:RF_scheduleCmd)
                  0000d164    00000210     zmac.obj (.text:ZMacEventLoop)
                  0000d374    00000210     zd_profile.obj (.text:zdpProcessAddrReq)
                  0000d584    0000020a     zcl.obj (.text:zclProcessInWriteUndividedCmd$22)
                  0000d78e    00000002     libZStack_nwk_zr_ccs.a : nwk_util.obj (.text:NLME_NetworkReportCB$91)
                  0000d790    00000208     nvocmp.obj (.text:NVOCMP_addItem$3)
                  0000d998    00000204     maclib_nosecure_cc13x2_2_4g.a : mac_radio_tx.obj (.text:macRadioCsmaTxCbIeee$77)
                  0000db9c    000001fc     libZStack_nwk_zr_ccs.a : aps_mede.obj (.text:APSDE_DataReq)
                  0000dd98    000001fc     zcl_sampleapps_ui.obj (.text:uiActionProcessConfigurePanId$9)
                  0000df94    000001f8     libZStack_nwk_zr_ccs.a : aps_mede.obj (.text:APSME_FrameSecSetupCM$83)
                  0000e18c    000001f4     drivers_cc13x2.a : PINCC26XX.oem4f (.text:PIN_init)
                  0000e380    000001f4     bdb_reporting.obj (.text:bdb_RepReport$42)
                  0000e574    000001f4     libZStack_nwk_zr_ccs.a : nwk.obj (.text:nwk_associate_ind_processing$89)
                  0000e768    000001ec     zcl_green_power.obj (.text:gp_addPairedSinksToMsgQueue$24)
                  0000e954    000001e0     zcl_sampleapps_ui.obj (.text:UI_DeviceStateUpdated)
                  0000eb34    000001dc     libZStack_nwk_zr_ccs.a : aps_mede.obj (.text:APSME_TransportKeyReq)
                  0000ed10    000001dc     rf_multiMode_cc13x2.a : RFCC26X2_multiMode.c.cc13x2.ccs.o (.text:RF_dispatchNextCmd)
                  0000eeec    000001dc     libZStack_nwk_zr_ccs.a : ssp_hash.obj (.text:sspMMOHash)
                  0000f0c8    000001d8     af.obj (.text:AF_DataRequest)
                  0000f2a0    000001d8     maclib_nosecure_cc13x2_2_4g.a : mac_tx.obj (.text:macTxFrame)
                  0000f478    000001d8     libZStack_nwk_zr_ccs.a : nwk_bufs.obj (.text:nwk_MacDataBuffersAdd)
                  0000f650    000001d4                            : dgp_stub.obj (.text:gp_ccmStar)
                  0000f824    000001c4     zcl_sampleapps_ui.obj (.text:uiActionProcessSetInstallCodeAddress$9)
                  0000f9e8    000001c2     zcl.obj (.text:zclProcessInReadCmd$22)
                  0000fbaa    00000002     rf_multiMode_cc13x2.a : rfc.c.cc13x2.ccs.o (.text:NOROM_RFCCpePatchReset)
                  0000fbac    000001c0     mac_user_config.obj (.text:rfSelect)
                  0000fd6c    000001b8     libZStack_nwk_zr_ccs.a : nwk_util.obj (.text:NLME_LeaveCmdProcess)
                  0000ff24    000001b8     gp_proxy.obj (.text:gp_ZclPairingParse$17)
                  000100dc    000001b6     rtsv7M4_T_le_v4SPD16_eabi.lib : fd_add_t2.asm.obj (.text)
                  00010292    00000002     drivers_cc13x2.a : NVSSPI25X.oem4f (.text:NVSSPI25X_deinitSpiCs)
                  00010294    000001b0     gp_proxy.obj (.text:zclGp_GpResponseCommandCB)
                  00010444    000001ac     maclib_nosecure_cc13x2_2_4g.a : mac_hl_patch.obj (.text:macRxBeaconCritical)
                  000105f0    000001a8     zd_object.obj (.text:ZDMatchSendState)
                  00010798    000001a4     maclib_nosecure_cc13x2_2_4g.a : mac_hl_patch.obj (.text:macWrapperDeleteKeyAndAssociatedDevices)
                  0001093c    000001a0     bdb_reporting.obj (.text:bdb_repAttrBuildClusterEndPointArrayBasedOnConfRecordsArray$42)
                  00010adc    0000019c     zcl.obj (.text:zcl_SendCommandEx)
                  00010c78    00000198     drivers_cc13x2.a : PowerCC26X2.oem4f (.text:Power_sleep)
                  00010e10    00000190     libZStack_nwk_zr_ccs.a : nwk_util.obj (.text:NLME_CheckNewAddrSet)
                  00010fa0    00000190     drivers_cc13x2.a : PowerCC26X2_calibrateRCOSC.oem4f (.text:calibrateRcoscHf1)
                  00011130    0000018c                      : PowerCC26X2_calibrateRCOSC.oem4f (.text:runCalibrateFsm)
                  000112bc    0000018c     gp_proxy.obj (.text:zclGp_DataIndParse$17)
                  00011448    00000188     nvocmp.obj (.text:NVOCMP_compact$3)
                  000115d0    00000188     maclib_nosecure_cc13x2_2_4g.a : mac_radio_tx.obj (.text:macRadioTxGoIeee$77)
                  00011758    00000186     drivers_cc13x2.a : Button.oem4f (.text:Button_clockTimeoutHandler)
                  000118de    00000002     rf_multiMode_cc13x2.a : RFCC26X2_multiMode.c.cc13x2.ccs.o (.text:RF_defaultCallback)
                  000118e0    00000184     zcl_sampleapps_ui.obj (.text:generateBdbInfoString$9)
                  00011a64    0000017c     zd_object.obj (.text:ZDO_ProcessBindUnbindReq)
                  00011be0    00000178     libZStack_nwk_zr_ccs.a : dgp_stub.obj (.text:GP_DataReq)
                  00011d58    00000178     drivers_cc13x2.a : SPICC26X2DMA.oem4f (.text:SPICC26X2DMA_transferCancel)
                  00011ed0    00000178                      : SPICC26X2DMA.oem4f (.text:configNextTransfer)
                  00012048    00000174                      : PowerCC26X2.oem4f (.text:Power_init)
                  000121bc    00000168                      : NVSSPI25X.oem4f (.text:NVSSPI25X_write)
                  00012324    00000168     libZStack_nwk_zr_ccs.a : nwk.obj (.text:nwk_beacon_notify_ind_processing$89)
                  0001248c    00000164                            : ssp.obj (.text:SSP_NwkSecurityProc)
                  000125f0    00000164     drivers_cc13x2.a : UARTCC26XX.oem4f (.text:UARTCC26XX_open)
                  00012754    00000164     maclib_nosecure_cc13x2_2_4g.a : mac_hl_patch.obj (.text:macWrapperDeleteAllDevices)
                  000128b8    00000164     libZStack_nwk_zr_ccs.a : nwk_bufs.obj (.text:nwk_SendNextDataBuf)
                  00012a1c    00000164     zcl_samplethermostat.obj (.text:zclSampleThermostat_UpdateStatusLine$13)
                  00012b80    00000162     bdb_reporting.obj (.text:bdb_isAttrValueChangedSurpassDelta$42)
                  00012ce2    00000002     zd_object.obj (.text:ZDO_ProcessNodeDescRsp)
                  00012ce4    00000160     gp_common.obj (.text:GP_SecReq)
                  00012e44    00000160     libZStack_nwk_zr_ccs.a : rtg.obj (.text:RTG_DataReq)
                  00012fa4    00000160     zd_object.obj (.text:ZDO_ProcessDeviceAnnce)
                  00013104    0000015e     zcl.obj (.text:zclProcessInDiscCmd$22)
                  00013262    00000002     zd_object.obj (.text:ZDO_ProcessSimpleDescRsp)
                  00013264    0000015c     maclib_nosecure_cc13x2_2_4g.a : mac_hl_patch.obj (.text:macScanNextChan)
                  000133c0    0000015c     zcl_general.obj (.text:zclGeneral_ProcessInIdentity$23)
                  0001351c    00000158     driverlib.lib : sys_ctrl.obj (.text:NOROM_SysCtrlStandby)
                  00013674    00000154     rf_multiMode_cc13x2.a : RFCC26X2_multiMode.c.cc13x2.ccs.o (.text:RF_radioOpDoneCb)
                  000137c8    00000154     drivers_cc13x2.a : UARTCC26XX.oem4f (.text:UARTCC26XX_hwiIntFxn)
                  0001391c    00000154     mac_util.obj (.text:Util_ltoa)
                  00013a70    00000154     maclib_nosecure_cc13x2_2_4g.a : mac_rx.obj (.text:rxPayloadIsr$72)
                  00013bc4    00000150     drivers_cc13x2.a : SPICC26X2DMA.oem4f (.text:SPICC26X2DMA_open)
                  00013d14    0000014e     zcl.obj (.text:zclProcessInWriteCmd$22)
                  00013e62    00000002     zmac_cb.obj (.text:ZMacLqiAdjust$61)
                  00013e64    00000148     rf_multiMode_cc13x2.a : RFCC26X2_multiMode.c.cc13x2.ccs.o (.text:RF_fsmSetupState)
                  00013fac    00000148     bdb_finding_and_binding.obj (.text:bdb_checkMatchingEndpoints)
                  000140f4    00000148     drivers_cc13x2.a : SPICC26X2DMA.oem4f (.text:initIO)
                  0001423c    00000144     libZStack_nwk_zr_ccs.a : nwk.obj (.text:nwk_scan_cnf_processing$89)
                  00014380    00000140                            : nwk_util.obj (.text:NLME_CmdCnf)
                  000144c0    00000140     maclib_nosecure_cc13x2_2_4g.a : mac_tx.obj (.text:txCsmaDelay)
                  00014600    0000013c     drivers_cc13x2.a : AESCCMCC26XX.oem4f (.text:AESCCM_startOperation)
                  0001473c    0000013c     libZStack_nwk_zr_ccs.a : nwk_util.obj (.text:NLDE_BuildMsg$91)
                  00014878    0000013c     zd_object.obj (.text:ZDO_ProcessSimpleDescReq)
                  000149b4    0000013c     gp_proxy.obj (.text:gp_SecurityOperationProxy)
                  00014af0    0000013a     drivers_cc13x2.a : UARTCC26XX.oem4f (.text:UARTCC26XX_read)
                  00014c2a    00000002     rtsv7M4_T_le_v4SPD16_eabi.lib : _lock.c.obj (.text:_nop)
                  00014c2c    00000138     zd_sec_mgr.obj (.text:APSME_TCLinkKeyLoad)
                  00014d64    00000138     cui.obj (.text:CUI_dispMenu$8)
                  00014e9c    00000138     drivers_cc13x2.a : NVSCC26XX.oem4f (.text:NVSCC26XX_write)
                  00014fd4    00000138     rf_multiMode_cc13x2.a : RFCC26X2_multiMode.c.cc13x2.ccs.o (.text:RF_abortCmd)
                  0001510c    00000138                           : RFCC26X2_multiMode.c.cc13x2.ccs.o (.text:RF_ratSetupChannel)
                  00015244    00000134     libZStack_nwk_zr_ccs.a : rtg.obj (.text:RTG_AddRtgEntry$93)
                  00015378    00000134     zd_object.obj (.text:ZDO_ProcessMgmtBindReq)
                  000154ac    00000132     zcl.obj (.text:zclParseInConfigReportCmd)
                  000155de    00000002     drivers_cc13x2.a : PowerCC26X2.oem4f (.text:emptyClockFunc)
                  000155e0    00000130     libZStack_nwk_zr_ccs.a : rtg.obj (.text:RTG_BcastAdd)
                  00015710    00000130     zd_app.obj (.text:ZDApp_ProcessSecMsg)
                  00015840    00000130     libZStack_nwk_zr_ccs.a : nwk.obj (.text:nwk_init)
                  00015970    00000130     rtsv7M4_T_le_v4SPD16_eabi.lib : strtol.c.obj (.text:strtol)
                  00015aa0    00000128     zd_sec_mgr.obj (.text:ZDSecMgrDeviceRemoveByExtAddr)
                  00015bc8    00000128     main.obj (.text:main)
                  00015cf0    00000128     libZStack_nwk_zr_ccs.a : nwk.obj (.text:nwk_start_coord)
                  00015e18    00000124                            : aps_frag.obj (.text:APSF_SendFragmented)
                  00015f3c    00000124     cui.obj (.text:CUI_statusLinePrintf)
                  00016060    00000124     maclib_nosecure_cc13x2_2_4g.a : mac_hl_patch.obj (.text:macBuildDataFrame)
                  00016184    00000120     cui.obj (.text:CUI_init)
                  000162a4    00000120     libZStack_nwk_zr_ccs.a : rtg.obj (.text:NLME_RouteDiscoveryRequest)
                  000163c4    00000120     nvocmp.obj (.text:NVOCMP_compactPage$3)
                  000164e4    00000120     rf_multiMode_cc13x2.a : RFCC26X2_multiMode.c.cc13x2.ccs.o (.text:RF_close)
                  00016604    00000120     drivers_cc13x2.a : PowerCC26X2.oem4f (.text:configureXOSCHF)
                  00016724    0000011e     zstacktask.obj (.text:processSecApsLinkKeySetReq$38)
                  00016842    00000002     drivers_cc13x2.a : CryptoResourceCC26XX.oem4f (.text:errorSpin)
                  00016844    00000118     zd_profile.obj (.text:ZDP_IncomingData)
                  0001695c    00000118     maclib_nosecure_cc13x2_2_4g.a : mac.obj (.text:macSetupRATChanCompare)
                  00016a74    00000114     drivers_cc13x2.a : PINCC26XX.oem4f (.text:PINCC26XX_setIoCfg)
                  00016b88    00000114     maclib_nosecure_cc13x2_2_4g.a : mac_radio.obj (.text:macRadioInitIeee)
                  00016c9c    00000110     libZStack_nwk_zr_ccs.a : aps_mede.obj (.text:APSDE_FrameAlloc)
                  00016dac    00000110     cui.obj (.text:CUI_menuActionHelp)
                  00016ebc    00000110     drivers_cc13x2.a : GPIOCC26XX.oem4f (.text:GPIO_setConfig)
                  00016fcc    00000110                      : LED.oem4f (.text:LED_open)
                  000170dc    00000110     libZStack_nwk_zr_ccs.a : ssp.obj (.text:SSP_Process)
                  000171ec    00000110     bdb.obj (.text:bdb_TCProcessJoiningList$40)
                  000172fc    0000010c     libZStack_nwk_zr_ccs.a : nwk_util.obj (.text:NLDE_ParseMsg)
                  00017408    0000010c                            : nwk_util.obj (.text:RTG_UpdateNeighborEntry)
                  00017514    00000108     drivers_cc13x2.a : AESECBCC26XX.oem4f (.text:AESECB_startOperation)
                  0001761c    00000108     libZStack_nwk_zr_ccs.a : aps_mede.obj (.text:APSDE_FrameHdrSet$83)
                  00017724    00000108                            : addr_mgr.obj (.text:AddrMgrEntryUpdate)
                  0001782c    00000108                            : ssp.obj (.text:ccmStar)
                  00017934    00000108                            : nwk.obj (.text:nwk_ScanPANChanVerify)
                  00017a3c    00000106     app_pem4f.oem4f (.text:xdc_runtime_System_printfExtend__I)
                  00017b42    00000002     maclib_nosecure_cc13x2_2_4g.a : mac_pwr.obj (.text:macApiPwrOnReq)
                  00017b44    00000104     rf_multiMode_cc13x2.a : RFCC26X2_multiMode.c.cc13x2.ccs.o (.text:RF_hwiCpe0Active)
                  00017c48    00000100     nvocmp.obj (.text:NVOCMP_findItem$3)
                  00017d48    000000fc     libZStack_nwk_zr_ccs.a : assoc_list.obj (.text:AssocRestoreFromNV)
                  00017e44    000000fc     rf_multiMode_cc13x2.a : RFCC26X2_multiMode.c.cc13x2.ccs.o (.text:RF_decodeOverridePointers)
                  00017f40    000000fc     zd_app.obj (.text:ZDO_beaconNotifyIndCB)
                  0001803c    000000f8     cui.obj (.text:CUI_statusLineResourceRequest)
                  00018134    000000f8     drivers_cc13x2.a : NVSSPI25X.oem4f (.text:NVSSPI25X_open)
                  0001822c    000000f4     libZStack_nwk_zr_ccs.a : assoc_list.obj (.text:AssocAddNew)
                  00018320    000000f4     drivers_cc13x2.a : SPICC26X2DMA.oem4f (.text:SPICC26X2DMA_control)
                  00018414    000000f4     zcl_sampleapps_ui.obj (.text:UI_UpdateDeviceInfoLine)
                  00018508    000000f4     zcl_sampleapps_ui.obj (.text:uiActionProcessApplyInstallCode$9)
                  000185fc    000000f0     nwk_globals.obj (.text:NIB_init)
                  000186ec    000000f0     rf_multiMode_cc13x2.a : RFCC26X2_multiMode.c.cc13x2.ccs.o (.text:RF_fsmPowerUpState)
                  000187dc    000000f0     zd_app.obj (.text:ZDO_NetworkFormationConfirmCB)
                  000188cc    000000ec     libZStack_nwk_zr_ccs.a : nwk_util.obj (.text:NLME_InitNV)
                  000189b8    000000ec     zd_sec_mgr.obj (.text:ZDSecMgrUpdateDeviceInd)
                  00018aa4    000000e8     libZStack_nwk_zr_ccs.a : aps_mede_cb.obj (.text:APSME_VerifyKeyInd)
                  00018b8c    000000e8     drivers_cc13x2.a : Button.oem4f (.text:Button_open)
                  00018c74    000000e8     cui.obj (.text:CUI_writeString$8)
                  00018d5c    000000e8     libZStack_nwk_zr_ccs.a : rtg.obj (.text:RTG_SendRrep$93)
                  00018e44    000000e8     zd_sec_mgr.obj (.text:ZDSecMgrAppKeyReq)
                  00018f2c    000000e4     libZStack_nwk_zr_ccs.a : nwk_util.obj (.text:NLME_ProcessAddressConflictLocal)
                  00019010    000000e4     zcl_green_power.obj (.text:zclGp_ProcessInBasicProxy$24)
                  000190f4    000000e0     libZStack_nwk_zr_ccs.a : nwk_util.obj (.text:NLME_ProcessNetworkStatus)
                  000191d4    000000e0     drivers_cc13x2.a : UARTCC26XX.oem4f (.text:UARTCC26XX_write)
                  000192b4    000000e0     zd_sec_mgr.obj (.text:ZDSecMgrDeviceJoin)
                  00019394    000000de     zd_object.obj (.text:ZDO_ProcessParentAnnce)
                  00019472    00000002     maclib_nosecure_cc13x2_2_4g.a : mac_radio.obj (.text:macRadioSetRE)
                  00019474    000000dc     zd_sec_mgr.obj (.text:APSME_TCLinkKeySync)
                  00019550    000000dc     libZStack_nwk_zr_ccs.a : aps.obj (.text:APS_GetBind$80)
                  0001962c    000000dc     maclib_nosecure_cc13x2_2_4g.a : mac_hl_patch.obj (.text:macBuildHeaderIes)
                  00019708    000000dc     libZStack_nwk_zr_ccs.a : nwk_util.obj (.text:nwkNeighborFindRandom)
                  000197e4    000000dc     zcl.obj (.text:zclSerializeData)
                  000198c0    000000d8     driverlib.lib : aes.obj (.text:NOROM_AESWriteToKeyStore)
                  00019998    000000d8     rf_multiMode_cc13x2.a : RFCC26X2_multiMode.c.cc13x2.ccs.o (.text:RF_control)
                  00019a70    000000d8                           : RFCC26X2_multiMode.c.cc13x2.ccs.o (.text:RF_pendCmd)
                  00019b48    000000d8     driverlib.lib : setup.obj (.text:TrimAfterColdResetWakeupFromShutDown$102)
                  00019c20    000000d8     zd_app.obj (.text:ZDApp_LeaveUpdate)
                  00019cf8    000000d8     bdb_reporting.obj (.text:bdb_RepChangedAttrValue)
                  00019dd0    000000d8     maclib_nosecure_cc13x2_2_4g.a : mac_hl_patch.obj (.text:macEdScanISR)
                  00019ea8    000000d8                                   : mac_tx.obj (.text:txCsmaPrep$76)
                  00019f80    000000d4                                   : mac_hl_patch.obj (.text:MAC_MlmeScanReq)
                  0001a054    000000d4     zcl_sampleapps_ui.obj (.text:UI_InitCUI$9)
                  0001a128    000000d4     zd_object.obj (.text:ZDO_ProcessNodeDescReq)
                  0001a1fc    000000d4     zd_sec_mgr.obj (.text:ZDSecMgrNwkKeyInit)
                  0001a2d0    000000d4     zstacktask.obj (.text:gpDataIndMsgSend$38)
                  0001a3a4    000000d2     rf_multiMode_cc13x2.a : RFCC26X2_multiMode.c.cc13x2.ccs.o (.text:RF_updatePaConfiguration)
                  0001a476    00000002     nwk_globals.obj (.text:nwk_InitializeDefaultPollRates)
                  0001a478    000000d0     libZStack_nwk_zr_ccs.a : rtg.obj (.text:RTG_RouteMaintanence)
                  0001a548    000000d0     osal_port_timers.obj (.text:createTimerEntry$51)
                  0001a618    000000d0     maclib_nosecure_cc13x2_2_4g.a : mac_low_level.obj (.text:macLowLevelBufferInit)
                  0001a6e8    000000cc     zd_sec_mgr.obj (.text:APSME_TCLinkKeyInit)
                  0001a7b4    000000cc     libZStack_nwk_zr_ccs.a : aps.obj (.text:APS_ReReflect$80)
                  0001a880    000000cc     cui.obj (.text:CUI_assert)
                  0001a94c    000000cc     rf_multiMode_cc13x2.a : RFCC26X2_multiMode.c.cc13x2.ccs.o (.text:RF_swiHw)
                  0001aa18    000000cc     zcl_sampleapps_ui.obj (.text:UI_UpdateBindInfoLine)
                  0001aae4    000000cc     af.obj (.text:afRegister)
                  0001abb0    000000cc     gp_proxy_table.obj (.text:gp_CheckAnnouncedDevice)
                  0001ac7c    000000ca     zstacktask.obj (.text:sendNodeDescRspInd$38)
                  0001ad46    00000002     libZStack_nwk_zr_ccs.a : nwk.obj (.text:nwk_orphan_ind_processing$89)
                  0001ad48    000000c8                            : aps_mede.obj (.text:APSME_AddTCLinkKey)
                  0001ae10    000000c8                            : nwk_util.obj (.text:NwkNotMyChildSendLeave)
                  0001aed8    000000c8     dpl_cc13x2.a : PowerCC26X2_tirtos.oem4f (.text:PowerCC26XX_standbyPolicy)
                  0001afa0    000000c4     libZStack_nwk_zr_ccs.a : aps.obj (.text:APS_UnBind$80)
                  0001b064    000000c4     drivers_cc13x2.a : GPIOCC26XX.oem4f (.text:GPIO_init)
                  0001b128    000000c4     maclib_nosecure_cc13x2_2_4g.a : mac_autopend.obj (.text:MAC_SrcMatchAddEntry)
                  0001b1ec    000000c4                                   : mac_hl_patch.obj (.text:macApiStartReq)
                  0001b2b0    000000c4                                   : mac_timer.obj (.text:macSymbolTimerTriggerCallback)
                  0001b374    000000c4     zcl_port.obj (.text:zcl_AF_DataRequest)
                  0001b438    000000c2     zcl.obj (.text:zclParseInReadRspCmd$22)
                  0001b4fa    00000002     rtsv7M4_T_le_v4SPD16_eabi.lib : div0.asm.obj (.text)
                  0001b4fc    000000c0     maclib_nosecure_cc13x2_2_4g.a : mac_pwr.obj (.text:MAC_PwrOffReq)
                  0001b5bc    000000c0     nvocmp.obj (.text:NVOCMP_erase$3)
                  0001b67c    000000c0     drivers_cc13x2.a : PowerCC26X2.oem4f (.text:Power_releaseDependency)
                  0001b73c    000000c0                      : TRNGCC26XX.oem4f (.text:TRNG_getRandom)
                  0001b7fc    000000c0                      : UARTCC26XX.oem4f (.text:UARTCC26XX_initIO)
                  0001b8bc    000000c0     maclib_nosecure_cc13x2_2_4g.a : mac_rx.obj (.text:rxPostRxUpdates$72)
                  0001b97c    000000bc     libZStack_nwk_zr_ccs.a : nwk_util.obj (.text:NLDE_SendMsg)
                  0001ba38    000000bc                            : nl_mede.obj (.text:NLME_NetworkFormationRequest)
                  0001baf4    000000bc     rf_multiMode_cc13x2.a : RFCC26X2_multiMode.c.cc13x2.ccs.o (.text:RF_initRadioSetup)
                  0001bbb0    000000bc     zmac.obj (.text:ZMacStartReq)
                  0001bc6c    000000bc     maclib_nosecure_cc13x2_2_4g.a : mac.obj (.text:macGetRFCmdDuration)
                  0001bd28    000000b8     drivers_cc13x2.a : PowerCC26X2.oem4f (.text:Power_setDependency)
                  0001bde0    000000b8                      : UARTCC26XX.oem4f (.text:UARTCC26XX_initHw)
                  0001be98    000000b8     bdb.obj (.text:bdb_TCAddJoiningDevice)
                  0001bf50    000000b8     drivers_cc13x2.a : NVSSPI25X.oem4f (.text:doErase)
                  0001c008    000000b8     maclib_nosecure_cc13x2_2_4g.a : mac_hl_patch.obj (.text:macMgmtReset)
                  0001c0c0    000000b8     libZStack_nwk_zr_ccs.a : nwk.obj (.text:nwk_associate_cnf_processing$89)
                  0001c178    000000b4     bdb_reporting.obj (.text:bdb_RepUpdateMarkBindings)
                  0001c22c    000000b4     zcl_sampleapps_ui.obj (.text:uiActionProcessConfigureChannels$9)
                  0001c2e0    000000b0     libZStack_nwk_zr_ccs.a : aps_mede_cb.obj (.text:APSDE_DataIndication)
                  0001c390    000000b0                            : nl_mede.obj (.text:NLME_GetRequest)
                  0001c440    000000b0     zcl_sampleapps_ui.obj (.text:UI_UpdateGpStatusLine)
                  0001c4f0    000000b0     zd_app.obj (.text:ZDApp_LeaveReset)
                  0001c5a0    000000b0     zd_profile.obj (.text:ZDP_ParentAnnce)
                  0001c650    000000b0     maclib_nosecure_cc13x2_2_4g.a : mac_hl_patch.obj (.text:macDataTxComplete)
                  0001c700    000000b0                                   : mac_radio.obj (.text:macRadioUpdateTxPower)
                  0001c7b0    000000b0     zcl.obj (.text:zclParseInReportCmd)
                  0001c860    000000b0     zcl.obj (.text:zclParseInWriteCmd)
                  0001c910    000000ae     zstacktask.obj (.text:processSecApsLinkKeyGetReq$38)
                  0001c9be    00000002     app_pem4f.oem4f (.text:ti_sysbios_BIOS_nullFunc__I)
                  0001c9c0    000000ac     nvocmp.obj (.text:NVOCMP_readContItemApi$3)
                  0001ca6c    000000ac     drivers_cc13x2.a : PINCC26XX.oem4f (.text:PIN_open)
                  0001cb18    000000ac     maclib_nosecure_cc13x2_2_4g.a : mac_hl_patch.obj (.text:macApiBeaconStartReq)
                  0001cbc4    000000ac                                   : mac_hl_patch.obj (.text:macScanRxCoordRealign)
                  0001cc70    000000a8     driverlib.lib : setup.obj (.text:NOROM_SetupTrimDevice)
                  0001cd18    000000a8     nvocmp.obj (.text:NVOCMP_initNvApi$3)
                  0001cdc0    000000a8     maclib_nosecure_cc13x2_2_4g.a : mac_hl_patch.obj (.text:macBeaconCheckTxTime)
                  0001ce68    000000a8                                   : mac_hl_patch.obj (.text:macTrackTimeoutCallback)
                  0001cf10    000000a4     libZStack_nwk_zr_ccs.a : aps_frag.obj (.text:APSF_ProcessAck)
                  0001cfb4    000000a4                            : aps_mede.obj (.text:APSME_CmdPktCM_CD$83)
                  0001d058    000000a4     rf_multiMode_cc13x2.a : RFCC26X2_multiMode.c.cc13x2.ccs.o (.text:RF_ratRestartChannels)
                  0001d0fc    000000a4     af.obj (.text:afBuildMSGIncoming$39)
                  0001d1a0    000000a4     maclib_nosecure_cc13x2_2_4g.a : mac.obj (.text:macSetupReceiveCmd)
                  0001d244    000000a4     libZStack_nwk_zr_ccs.a : nwk_util.obj (.text:nwk_SetCurrentPollRateType)
                  0001d2e8    000000a4     zstacktask.obj (.text:processZdoBindReq$38)
                  0001d38c    000000a4     zcl_samplethermostat.obj (.text:zclSampleThermostat_processAfIncomingMsgInd$13)
                  0001d430    000000a2     libZStack_nwk_zr_ccs.a : rtg.obj (.text:RTG_SendRrec$93)
                  0001d4d2    00000002     rom_sysbios.aem4f : rom_sysbios.obj (.text:ti_sysbios_heaps_HeapCallback_defaultDelete)
                  0001d4d4    000000a0     rf_multiMode_cc13x2.a : RFCC26X2_multiMode.c.cc13x2.ccs.o (.text:RF_requestAccess)
                  0001d574    000000a0     libZStack_nwk_zr_ccs.a : ssp.obj (.text:SSP_SwitchNwkKey)
                  0001d614    000000a0     zcl_sampleapps_ui.obj (.text:UI_UpdateNwkStatusLine)
                  0001d6b4    000000a0     zmac.obj (.text:ZMacDataReqSec)
                  0001d754    000000a0     auto_init.aem4f : auto_init.oem4f (.text)
                  0001d7f4    000000a0     maclib_nosecure_cc13x2_2_4g.a : mac_radio.obj (.text:scheduleNopWakeupCmd)
                  0001d894    000000a0     rom_sysbios.aem4f : rom_sysbios.obj (.text:ti_sysbios_knl_Task_setPri__E)
                  0001d934    0000009c     libZStack_nwk_zr_ccs.a : aps_mede.obj (.text:APSME_RemoveDeviceReq)
                  0001d9d0    0000009c                            : nl_mede.obj (.text:NLME_LeaveReq)
                  0001da6c    0000009c     nvocmp.obj (.text:NVOCMP_readHeader$3)
                  0001db08    0000009c     drivers_cc13x2.a : TRNGCC26XX.oem4f (.text:TRNG_construct)
                  0001dba4    0000009c     zd_sec_mgr.obj (.text:ZDSecMgrDeviceRemove)
                  0001dc40    0000009c     maclib_nosecure_cc13x2_2_4g.a : mac_radio.obj (.text:macRadioUpdateChannel)
                  0001dcdc    0000009c                                   : mac_radio.obj (.text:macRadioUpdateChannelRx)
                  0001dd78    0000009c                                   : mac_tx.obj (.text:macTxDoneCallback)
                  0001de14    0000009c     rtsv7M4_T_le_v4SPD16_eabi.lib : memcpy_t2.asm.obj (.text)
                  0001deb0    0000009c     zcl_green_power.obj (.text:zclGp_SendGpProxyTableResponse)
                  0001df4c    0000009c     zcl_port.obj (.text:zcl_HandleExternal)
                  0001dfe8    0000009a     libZStack_nwk_zr_ccs.a : rtg.obj (.text:RTG_RtgRecordInitiation)
                  0001e082    0000009a     zstacktask.obj (.text:sendSimpleDescRspInd$38)
                  0001e11c    00000098     gp_common.obj (.text:GP_RecoveryKey$16)
                  0001e1b4    00000098     nvocmp.obj (.text:NVOCMP_updateItemApi$3)
                  0001e24c    00000098     rf_multiMode_cc13x2.a : RFCC26X2_multiMode.c.cc13x2.ccs.o (.text:RF_calculateDispatchTime)
                  0001e2e4    00000098     drivers_cc13x2.a : TRNGCC26XX.oem4f (.text:TRNGCC26XX_hwiFxn)
                  0001e37c    00000098     bdb_reporting.obj (.text:bdb_RepFindAttrEntry$42)
                  0001e414    00000098     maclib_nosecure_cc13x2_2_4g.a : mac_hl_patch.obj (.text:macAutoPendAddSrcMatchTableEntry)
                  0001e4ac    00000098     zstackstartup.obj (.text:stackTask_init)
                  0001e544    00000098     drivers_cc13x2.a : UARTCC26XX.oem4f (.text:writeTxFifoFlush)
                  0001e5dc    00000096     rtsv7M4_T_le_v4SPD16_eabi.lib : ull_div_t2.asm.obj (.text)
                  0001e672    00000002     rom_sysbios.aem4f : rom_sysbios.obj (.text:xdc_runtime_SysCallback_defaultAbort)
                  0001e674    00000094     libZStack_nwk_zr_ccs.a : aps_mede.obj (.text:APSME_FrameTunnel$83)
                  0001e708    00000094     zd_profile.obj (.text:ZDP_MgmtNwkUpdateNotify)
                  0001e79c    00000094     zd_sec_mgr.obj (.text:ZDSecMgrDeviceJoinDirect)
                  0001e830    00000094     maclib_nosecure_cc13x2_2_4g.a : mac.obj (.text:macRatCb_A)
                  0001e8c4    00000094     zcl_port.obj (.text:zclport_registerEndpoint)
                  0001e958    00000092     drivers_cc13x2.a : UARTCC26XX.oem4f (.text:UARTCC26XX_writeCancel)
                  0001e9ea    00000092     zd_object.obj (.text:ZDO_ParseSimpleDescBuf)
                  0001ea7c    00000092     libZStack_nwk_zr_ccs.a : aps_util.obj (.text:apsGenerateAck)
                  0001eb0e    00000002     rom_sysbios.aem4f : rom_sysbios.obj (.text:xdc_runtime_SysCallback_defaultExit)
                  0001eb10    00000090     zd_sec_mgr.obj (.text:APSME_LinkKeySet)
                  0001eba0    00000090     maclib_nosecure_cc13x2_2_4g.a : mac_hl_patch.obj (.text:MAC_ResumeReq)
                  0001ec30    00000090     libZStack_nwk_zr_ccs.a : nwk_util.obj (.text:NLME_LeaveCmdSend)
                  0001ecc0    00000090     rf_multiMode_cc13x2.a : RFCC26X2_multiMode.c.cc13x2.ccs.o (.text:RF_discardPendCmd)
                  0001ed50    00000090                           : RFCC26X2_multiMode.c.cc13x2.ccs.o (.text:RF_getInfo)
                  0001ede0    00000090     bdb_finding_and_binding.obj (.text:bdb_ProcessIEEEAddrRsp)
                  0001ee70    00000090     maclib_nosecure_cc13x2_2_4g.a : mac_hl_patch.obj (.text:macCcmDecrypt)
                  0001ef00    00000090     gp_proxy.obj (.text:zclGp_GpPairingCommandCB)
                  0001ef90    0000008c     libZStack_nwk_zr_ccs.a : aps_mede.obj (.text:APSME_ConfirmKeyReq)
                  0001f01c    0000008c                            : nwk_util.obj (.text:NLME_RejoinRspSend)
                  0001f0a8    0000008c     osal_port.obj (.text:OsalPort_heapMalloc$50)
                  0001f134    0000008c     osal_port.obj (.text:OsalPort_setTimer)
                  0001f1c0    0000008c     maclib_nosecure_cc13x2_2_4g.a : mac_hl_patch.obj (.text:macCcmEncrypt)
                  0001f24c    0000008c                                   : mac_radio_tx.obj (.text:macRadioTxPrepCsmaSlottedIeee)
                  0001f2d8    0000008c                                   : mac_autopend.obj (.text:macSrcMatchCheckSrcAddr$68)
                  0001f364    0000008c     rom_sysbios.aem4f : rom_sysbios.obj (.text:ti_sysbios_gates_GateMutexPri_enter__E)
                  0001f3f0    0000008c     zcl.obj (.text:zcl_SendWriteRsp)
                  0001f47c    0000008a     zcl.obj (.text:zclGetDataTypeLength)
                  0001f506    00000002     rom_sysbios.aem4f : rom_sysbios.obj (.text:xdc_runtime_SysCallback_defaultFlush)
                  0001f508    00000088     libZStack_nwk_zr_ccs.a : assoc_list.obj (.text:AssocChildAging)
                  0001f590    00000088     driverlib.lib : osc.obj (.text:NOROM_OSCHF_AttemptToSwitchToXosc)
                  0001f618    00000088     nvocmp.obj (.text:NVOCMP_deleteItemApi$3)
                  0001f6a0    00000088     rf_multiMode_cc13x2.a : RFCC26X2_multiMode.c.cc13x2.ccs.o (.text:RF_cmdDispatchTime)
                  0001f728    00000088                           : RFCC26X2_multiMode.c.cc13x2.ccs.o (.text:RF_getTxPower)
                  0001f7b0    00000088     zd_sec_mgr.obj (.text:ZDSecMgrNewDeviceEvent)
                  0001f838    00000088     zd_sec_mgr.obj (.text:ZDSecMgrTclkReq)
                  0001f8c0    00000088     drivers_cc13x2.a : PowerCC26X2_calibrateRCOSC.oem4f (.text:calibrateRcoscHf2)
                  0001f948    00000088                      : PowerCC26X2.oem4f (.text:disableLFClockQualifiers)
                  0001f9d0    00000088     maclib_nosecure_cc13x2_2_4g.a : mac_mcu.obj (.text:macMcuOverflowSetPeriod)
                  0001fa58    00000088                                   : mac_symbol_timer.obj (.text:macSymbolTimerInit)
                  0001fae0    00000088     drivers_cc13x2.a : PowerCC26X2_calibrateRCOSC.oem4f (.text:updateSubSecInc)
                  0001fb68    00000086     rtsv7M4_T_le_v4SPD16_eabi.lib : fd_cmp_t2.asm.obj (.text:__aeabi_cdrcmple)
                  0001fbee    00000086     libZStack_nwk_zr_ccs.a : nwk_util.obj (.text:nwkListStatusAddToSortedList)
                  0001fc74    00000084     maclib_nosecure_cc13x2_2_4g.a : mac_autopend.obj (.text:MAC_SrcMatchEnable)
                  0001fcf8    00000084     libZStack_nwk_zr_ccs.a : nwk_util.obj (.text:NLME_SetAssocFlags)
                  0001fd7c    00000084     nvocmp.obj (.text:NVOCMP_createItemApi$3)
                  0001fe00    00000084     drivers_cc13x2.a : NVSSPI25X.oem4f (.text:NVSSPI25X_close)
                  0001fe84    00000084     rf_multiMode_cc13x2.a : RFCC26X2_multiMode.c.cc13x2.ccs.o (.text:RF_issueRadioFreeCb)
                  0001ff08    00000084                           : RFCC26X2_multiMode.c.cc13x2.ccs.o (.text:RF_verifyGap)
                  0001ff8c    00000084     drivers_cc13x2.a : UARTCC26XX.oem4f (.text:UARTCC26XX_close)
                  00020010    00000084     zd_app.obj (.text:ZDApp_SaveNwkKey)
                  00020094    00000084     zd_object.obj (.text:ZDO_ProcessPowerDescReq)
                  00020118    00000084     zd_profile.obj (.text:ZDP_BindUnbindReq)
                  0002019c    00000084     bdb_finding_and_binding.obj (.text:bdb_ProcessSimpleDesc)
                  00020220    00000084     bdb_finding_and_binding.obj (.text:bdb_zclFindingBindingAddBindEntry$41)
                  000202a4    00000084     maclib_nosecure_cc13x2_2_4g.a : mac_radio.obj (.text:macRadioStartScan)
                  00020328    00000084                                   : mac_timer.obj (.text:macTimerUpdateSymbolTimer)
                  000203ac    00000084     libZStack_nwk_zr_ccs.a : nwk.obj (.text:nwk_ScanPANChanSelect)
                  00020430    00000082     zd_nwk_mgr.obj (.text:ZDNwkMgr_BuildAndSendUpdateNotify$56)
                  000204b2    00000002     rom_sysbios.aem4f : rom_sysbios.obj (.text:xdc_runtime_SysCallback_defaultPutch)
                  000204b4    00000080     driverlib.lib : chipinfo.obj (.text:NOROM_ChipInfo_GetChipType)
                  00020534    00000080     drivers_cc13x2.a : NVSCC26XX.oem4f (.text:NVSCC26XX_open)
                  000205b4    00000080     osal_port.obj (.text:OsalPort_msgFindDequeue)
                  00020634    00000080     bdb_reporting.obj (.text:bdb_repAttrCfgRecordsArrayAdd$42)
                  000206b4    00000080     maclib_nosecure_cc13x2_2_4g.a : mac_mcu.obj (.text:macMcuOverflowSetCompare)
                  00020734    00000080                                   : mac_radio.obj (.text:macRadioWakeupCb)
                  000207b4    00000080     libZStack_nwk_zr_ccs.a : nwk_bufs.obj (.text:nwk_MacDataBuffersDealloc)
                  00020834    00000080     zstackstartup.obj (.text:stackTaskFxn$6)
                  000208b4    00000080     rom_sysbios.aem4f : rom_sysbios.obj (.text:ti_sysbios_family_arm_cc26xx_Timer_start__E)
                  00020934    00000080     zcl_sampleapps_ui.obj (.text:uiActionProcessConfigurePriChannels$9)
                  000209b4    00000080     zcl_sampleapps_ui.obj (.text:uiActionProcessConfigureSecChannels$9)
                  00020a34    00000080     zcl.obj (.text:zclFindNextCmdRec$22)
                  00020ab4    0000007c     nvocmp.obj (.text:NVOCMP_readItemApi$3)
                  00020b30    0000007c     rf_multiMode_cc13x2.a : RFCC26X2_multiMode.c.cc13x2.ccs.o (.text:RF_ratFreeChannel)
                  00020bac    0000007c     zcl_sampleapps_ui.obj (.text:UI_UpdateBdbStatusLine)
                  00020c28    0000007c     zd_app.obj (.text:ZDO_JoinIndicationCB)
                  00020ca4    0000007c     drivers_cc13x2.a : NVSSPI25X.oem4f (.text:doRead)
                  00020d20    0000007c     zstacktask.obj (.text:processSecNwkKeyUpdateReq$38)
                  00020d9c    0000007a     zd_sec_mgr.obj (.text:ZDSecMgrSendNwkKey)
                  00020e16    0000007a     rtsv7M4_T_le_v4SPD16_eabi.lib : memset_t2.asm.obj (.text)
                  00020e90    00000078     libZStack_nwk_zr_ccs.a : addr_mgr.obj (.text:AddrMgrEntryLookupNwk)
                  00020f08    00000078     nvocmp.obj (.text:NVOCMP_checkItem$3)
                  00020f80    00000078     libZStack_nwk_zr_ccs.a : nwk_util.obj (.text:NwkNotMyChildListAdd)
                  00020ff8    00000078     zd_app.obj (.text:ZDApp_RestoreNwkSecMaterial)
                  00021070    00000078     zd_object.obj (.text:ZDO_ProcessMgmtLeaveReq)
                  000210e8    00000078     zd_sec_mgr.obj (.text:ZDSecMgrClearNVKeyValues)
                  00021160    00000078     zmac.obj (.text:ZMacScanReq)
                  000211d8    00000078     drivers_cc13x2.a : NVSSPI25X.oem4f (.text:doWriteVerify)
                  00021250    00000078     maclib_nosecure_cc13x2_2_4g.a : mac_timer.obj (.text:macTimerSetRollover)
                  000212c8    00000078                                   : mac_hl_patch.obj (.text:macTrackStartCallback)
                  00021340    00000078     libZStack_nwk_zr_ccs.a : nwk_bufs.obj (.text:nwkbufs_hold)
                  000213b8    00000078     zstacktask.obj (.text:processGpSecRsp$38)
                  00021430    00000078     rom_sysbios.aem4f : rom_sysbios.obj (.text:ti_sysbios_heaps_HeapMem_allocUnprotected__E)
                  000214a8    00000076     libZStack_nwk_zr_ccs.a : nwk_util.obj (.text:NLME_SendNetworkStatus)
                  0002151e    00000076     gp_common.obj (.text:gp_PopulateField)
                  00021594    00000076     zstacktask.obj (.text:sendBeaconNotifyInd$38)
                  0002160a    00000074     libZStack_nwk_zr_ccs.a : aps_mede.obj (.text:APSME_UpdateDeviceReq)
                  0002167e    00000002     zcl_samplethermostat.obj (.text:zclSampleThermostat_RemoveAppNvmData$13)
                  00021680    00000074     libZStack_nwk_zr_ccs.a : nwk_util.obj (.text:NLDE_DataIndSend)
                  000216f4    00000074     nvocmp.obj (.text:NVOCMP_writeItemApi$3)
                  00021768    00000074     drivers_cc13x2.a : PowerCC26X2_calibrateRCOSC.oem4f (.text:PowerCC26X2_auxISR)
                  000217dc    00000074     rf_multiMode_cc13x2.a : RFCC26X2_multiMode.c.cc13x2.ccs.o (.text:RF_ratDisableChannel)
                  00021850    00000074                           : RFCC26X2_multiMode.c.cc13x2.ccs.o (.text:RF_yield)
                  000218c4    00000074     libZStack_nwk_zr_ccs.a : rtg.obj (.text:RTG_GetRtgEntry)
                  00021938    00000074                            : rtg.obj (.text:RTG_ProcessRtDiscBits)
                  000219ac    00000074                            : rtg.obj (.text:RTG_UpdateRtDiscEntry$93)
                  00021a20    00000074     zd_object.obj (.text:ZDO_ProcessActiveEPReq)
                  00021a94    00000074     zd_sec_mgr.obj (.text:ZDSecMgrUpdateNwkKey)
                  00021b08    00000074     libZStack_nwk_zr_ccs.a : aps_groups.obj (.text:aps_AddGroup)
                  00021b7c    00000074     gp_common.obj (.text:gp_aliasDerivation)
                  00021bf0    00000074     maclib_nosecure_cc13x2_2_4g.a : mac_hl_patch.obj (.text:macAutoPoll)
                  00021c64    00000074     rom_sysbios.aem4f : rom_sysbios.obj (.text:ti_sysbios_gates_GateMutexPri_leave__E)
                  00021cd8    00000074     zd_object.obj (.text:zdoSendStateChangeMsg$57)
                  00021d4c    00000072     libZStack_nwk_zr_ccs.a : aps_mede.obj (.text:APSME_SearchTCLinkKeyEntry)
                  00021dbe    00000072     rf_multiMode_cc13x2.a : RFCC26X2_multiMode.c.cc13x2.ccs.o (.text:RF_detachOverrides)
                  00021e30    00000072     zd_object.obj (.text:ZDO_CopyMatchInfo$57)
                  00021ea2    00000072     drivers_cc13x2.a : SPICC26X2DMA.oem4f (.text:csnCallback)
                  00021f14    00000072     zstacktask.obj (.text:processZdoUnbindReq$38)
                  00021f86    00000002     --HOLE-- [fill = 0]
                  00021f88    00000070     drivers_cc13x2.a : AESCCMCC26XX.oem4f (.text:AESCCM_cleanup)
                  00021ff8    00000070     libZStack_nwk_zr_ccs.a : aps_mede.obj (.text:APSME_FrameSecApplyCM$83)
                  00022068    00000070                            : assoc_list.obj (.text:AssocGetWithAddress)
                  000220d8    00000070     rf_multiMode_cc13x2.a : rfc.c.cc13x2.ccs.o (.text:NOROM_RFCAnaDivTxOverride)
                  00022148    00000070     nvocmp.obj (.text:NVOCMP_eraseNvApi$3)
                  000221b8    00000070     libZStack_nwk_zr_ccs.a : nwk_util.obj (.text:NwkNotMyChildListAging)
                  00022228    00000070     drivers_cc13x2.a : PINCC26XX.oem4f (.text:PIN_add)
                  00022298    00000070     rf_multiMode_cc13x2.a : RFCC26X2_multiMode.c.cc13x2.ccs.o (.text:RF_getCurrentTime)
                  00022308    00000070     drivers_cc13x2.a : Random.oem4f (.text:Random_seedAutomatic)
                  00022378    00000070     bdb.obj (.text:bdb_GenerateInstallCodeCRC)
                  000223e8    00000070     gp_proxy.obj (.text:gp_ProxyTblInit)
                  00022458    00000070     gp_proxy.obj (.text:gp_getProxyTableByGpId)
                  000224c8    00000070     maclib_nosecure_cc13x2_2_4g.a : mac_tx.obj (.text:txComplete)
                  00022538    00000070     zcl_samplethermostat.obj (.text:zclSampleThermostat_ProcessIncomingMsg$13)
                  000225a8    0000006e     rf_multiMode_cc13x2.a : RFCC26X2_multiMode.c.cc13x2.ccs.o (.text:RF_attachOverrides)
                  00022616    0000006e                           : RFCC26X2_multiMode.c.cc13x2.ccs.o (.text:RF_howToSchedule)
                  00022684    0000006e     rtsv7M4_T_le_v4SPD16_eabi.lib : ll_div_t2.asm.obj (.text)
                  000226f2    00000002     --HOLE-- [fill = 0]
                  000226f4    0000006d     rom_sysbios.aem4f : rom_sysbios.obj (.text:xdc_runtime_System_formatNum__I)
                  00022761    00000003     --HOLE-- [fill = 0]
                  00022764    0000006c     libZStack_nwk_zr_ccs.a : aps_mede.obj (.text:APSME_LinkKeySync$83)
                  000227d0    0000006c                            : aps_mede.obj (.text:APSME_LookupExtAddr)
                  0002283c    0000006c     nvocmp.obj (.text:NVOCMP_getDstPage$3)
                  000228a8    0000006c     rf_multiMode_cc13x2.a : RFCC26X2_multiMode.c.cc13x2.ccs.o (.text:RF_dispatchNextEvent)
                  00022914    0000006c     zd_object.obj (.text:ZDO_ParseAddrRsp)
                  00022980    0000006c     zd_sec_mgr.obj (.text:ZDSecMgrWriteNV$59)
                  000229ec    0000006c     maclib_nosecure_cc13x2_2_4g.a : mac_timer.obj (.text:macTimerRealign)
                  00022a58    0000006c                                   : mac_hl_patch.obj (.text:macTrackPeriodCallback)
                  00022ac4    0000006c     gp_proxy_table.obj (.text:pt_addProxyGroup$18)
                  00022b30    0000006c     zcl_sampleapps_ui.obj (.text:uiActionProcessConfigureBdbModes$9)
                  00022b9c    0000006c     zcl_samplethermostat.obj (.text:zclSampleThermostat_UiActionSetCoolPoint)
                  00022c08    0000006c     zcl_samplethermostat.obj (.text:zclSampleThermostat_UiActionSetHeatPoint)
                  00022c74    0000006a     libZStack_nwk_zr_ccs.a : aps_mede.obj (.text:APSME_SwitchKeyReq)
                  00022cde    0000006a                            : rtg.obj (.text:RTG_CheckRtStatus)
                  00022d48    00000068                            : addr_mgr.obj (.text:AddrMgrEntryLookupExt)
                  00022db0    00000068     driverlib.lib : osc.obj (.text:NOROM_OSCHF_SwitchToRcOscTurnOffXosc)
                  00022e18    00000068     libZStack_nwk_zr_ccs.a : nwk_util.obj (.text:NwkFreqAgilityIncErrorCnt$91)
                  00022e80    00000068     osal_port.obj (.text:OsalPort_registerTask)
                  00022ee8    00000068     rf_multiMode_cc13x2.a : RFCC26X2_multiMode.c.cc13x2.ccs.o (.text:RF_hwiHw)
                  00022f50    00000068     zd_profile.obj (.text:ZDP_EPRsp)
                  00022fb8    00000068     binding_table.obj (.text:bindRemoveDev)
                  00023020    00000068     rtsv7M4_T_le_v4SPD16_eabi.lib : copy_decompress_lzss.c.obj (.text:decompress:lzss:__TI_decompress_lzss)
                  00023088    00000068     zd_profile.obj (.text:fillAndSend$58)
                  000230f0    00000068     maclib_nosecure_cc13x2_2_4g.a : mac_radio_tx.obj (.text:macRadioTxPrepCsmaUnslottedIeee)
                  00023158    00000068                                   : mac_rx.obj (.text:macRxHaltCleanup)
                  000231c0    00000068                                   : mac_rx_onoff.obj (.text:macRxOn)
                  00023228    00000068     libZStack_nwk_zr_ccs.a : nwk.obj (.text:nwk_start_cnf_processing$89)
                  00023290    00000068     zstackapi.obj (.text:sendReqRsp$7)
                  000232f8    00000066     zstacktask.obj (.text:processSecApsLinkKeyRemoveReq$38)
                  0002335e    00000002     --HOLE-- [fill = 0]
                  00023360    00000064     drivers_cc13x2.a : AESCCMCC26XX.oem4f (.text:AESCCM_waitForResult)
                  000233c4    00000064                      : AESECBCC26XX.oem4f (.text:AESECB_waitForResult)
                  00023428    00000064     libZStack_nwk_zr_ccs.a : aps_mede.obj (.text:APSME_CmdPkt)
                  0002348c    00000064     drivers_cc13x2.a : Button.oem4f (.text:Button_gpioCallbackFxn)
                  000234f0    00000064     nvocmp.obj (.text:NVOCMP_findSignature$3)
                  00023554    00000064     osal_port.obj (.text:OsalPort_clearEvent)
                  000235b8    00000064     osal_port.obj (.text:OsalPort_pwrmgrTaskState)
                  0002361c    00000064     libZStack_nwk_zr_ccs.a : rtg.obj (.text:RTG_SendRErr)
                  00023680    00000064     drivers_cc13x2.a : UARTCC26XX.oem4f (.text:UARTCC26XX_control)
                  000236e4    00000064     zd_app.obj (.text:ZDApp_StoreNwkSecMaterial)
                  00023748    00000064     zstackapi.obj (.text:Zstackapi_sysNwkInfoReadReq)
                  000237ac    00000064     maclib_nosecure_cc13x2_2_4g.a : mac.obj (.text:macRequestBackoff)
                  00023810    00000064                                   : mac_timer.obj (.text:macSymbolTimerRolloverCallback)
                  00023874    00000064                                   : mac_timer.obj (.text:macTimerAddTimer)
                  000238d8    00000064     libZStack_nwk_zr_ccs.a : nwk.obj (.text:nwk_BeaconToNative)
                  0002393c    00000064     zstackapi.obj (.text:sendReqDefaultRsp$7)
                  000239a0    00000064     zcl_sampleapps_ui.obj (.text:uiProcessIdentifyTimeChange)
                  00023a04    00000064     zcl.obj (.text:zclFindNextAttrRec$22)
                  00023a68    00000064     gp_proxy.obj (.text:zclGp_GpProxyCommissioningModeCB)
                  00023acc    00000064     zcl_samplethermostat.obj (.text:zclSampleThermostat_SetpointRaiseLowerCB$13)
                  00023b30    00000062     libZStack_nwk_zr_ccs.a : aps.obj (.text:APS_ReflectMonitor$80)
                  00023b92    00000062     ti_drivers_config.obj (.text:Board_sendExtFlashByte)
                  00023bf4    00000062     rf_multiMode_cc13x2.a : RFCC26X2_multiMode.c.cc13x2.ccs.o (.text:RF_syncCb)
                  00023c56    00000062     drivers_cc13x2.a : UARTCC26XX.oem4f (.text:UARTCC26XX_swiIntFxn)
                  00023cb8    00000062     zstacktask.obj (.text:sendIeeeAddrRspInd$38)
                  00023d1a    00000062     zstacktask.obj (.text:sendNwkAddrRspInd$38)
                  00023d7c    00000062     zcl.obj (.text:zclParseInWriteRspCmd$22)
                  00023dde    00000002     --HOLE-- [fill = 0]
                  00023de0    00000060     drivers_cc13x2.a : AESCCMCC26XX.oem4f (.text:AESCCM_hwiFxn)
                  00023e40    00000060                      : AESECBCC26XX.oem4f (.text:AESECB_hwiFxn)
                  00023ea0    00000060                      : CryptoResourceCC26XX.oem4f (.text:CryptoResourceCC26XX_constructRTOSObjects)
                  00023f00    00000060                      : GPIOCC26XX.oem4f (.text:GPIO_write)
                  00023f60    00000060     libZStack_nwk_zr_ccs.a : nl_mede.obj (.text:NLME_NwkDiscReq2)
                  00023fc0    00000060     rf_multiMode_cc13x2.a : RFCC26X2_multiMode.c.cc13x2.ccs.o (.text:RF_applyRfCorePatch)
                  00024020    00000060     drivers_cc13x2.a : TRNGCC26XX.oem4f (.text:TRNGCC26XX_startTrng)
                  00024080    00000060     zd_object.obj (.text:ZDO_ProcessMgmtPermitJoinReq)
                  000240e0    00000060     zd_profile.obj (.text:ZDP_NwkAddrReq)
                  00024140    00000060     bdb_finding_and_binding.obj (.text:bdb_SendIdentifyQuery)
                  000241a0    00000060     gp_common.obj (.text:gpLookForGpd)
                  00024200    00000060     maclib_nosecure_cc13x2_2_4g.a : mac_radio.obj (.text:macGetRadioTxPowerReg)
                  00024260    00000060                                   : mac_timer.obj (.text:macTimerCancel)
                  000242c0    00000060                                   : mac_timer.obj (.text:macTimerGetNextTimer)
                  00024320    00000060     zcl_samplethermostat.obj (.text:zclSampleThermostat_UpdateLedState$13)
                  00024380    0000005e     libZStack_nwk_zr_ccs.a : ssp_hash.obj (.text:SSP_KeyedHash)
                  000243de    0000005e     zmac.obj (.text:convertTxOptions)
                  0002443c    0000005e     zstacktask.obj (.text:gpSecRecMsgSend$38)
                  0002449a    0000005e     zstacktask.obj (.text:sendZdoSrcRtgInd$38)
                  000244f8    0000005c     nvocmp.obj (.text:NVOCMP_readItem$3)
                  00024554    0000005c     osal_port.obj (.text:OsalPort_msgReceive)
                  000245b0    0000005c     osal_port.obj (.text:OsalPort_setEvent)
                  0002460c    0000005c     drivers_cc13x2.a : PINCC26XX.oem4f (.text:PIN_remove)
                  00024668    0000005c     rf_multiMode_cc13x2.a : RFCC26X2_multiMode.c.cc13x2.ccs.o (.text:RF_hwiCpe0PowerFsm)
                  000246c4    0000005c     libZStack_nwk_zr_ccs.a : rtg.obj (.text:RTG_GetRtgSrcIndex$93)
                  00024720    0000005c     zd_object.obj (.text:ZDO_RemoveMatchMemory$57)
                  0002477c    0000005c     zd_sec_mgr.obj (.text:ZDSecMgrGenerateKeyFromSeed)
                  000247d8    0000005c     zd_sec_mgr.obj (.text:ZDSecMgrReadKeyFromNv)
                  00024834    0000005c     drivers_cc13x2.a : NVSCC26XX.oem4f (.text:doErase)
                  00024890    0000005c                      : SPICC26X2DMA.oem4f (.text:initHw)
                  000248ec    0000005c     maclib_nosecure_cc13x2_2_4g.a : mac_radio.obj (.text:macRadioSetChannel)
                  00024948    0000005c                                   : mac_radio.obj (.text:macRadioSetChannelRx)
                  000249a4    0000005c                                   : mac_hl_patch.obj (.text:macSetDefaultsByPatch)
                  00024a00    0000005c     libZStack_nwk_zr_ccs.a : nwk.obj (.text:nwk_BeaconFromNative)
                  00024a5c    0000005c     zstacktask.obj (.text:processApsAddGroup$38)
                  00024ab8    0000005c     zstacktask.obj (.text:sendActiveEPRspInd$38)
                  00024b14    0000005c     zstacktask.obj (.text:sendMatchDescRspInd$38)
                  00024b70    0000005c     drivers_cc13x2.a : UARTCC26XX.oem4f (.text:startTxFifoEmptyClk)
                  00024bcc    0000005c     app_pem4f.oem4f (.text:xdc_runtime_Startup_getState__I)
                  00024c28    0000005c     zcl_samplethermostat.obj (.text:zclSampleThermostat_initParameters$13)
                  00024c84    0000005c     zglobals.obj (.text:zgInitItems)
                  00024ce0    0000005a     zcl.obj (.text:zclParseInDiscAttrsExtRspCmd$22)
                  00024d3a    00000002     --HOLE-- [fill = 0]
                  00024d3c    00000058     libZStack_nwk_zr_ccs.a : addr_mgr.obj (.text:AddrMgrEntryAdd$79)
                  00024d94    00000058     nvocmp.obj (.text:NVOCMP_getItemLenApi$3)
                  00024dec    00000058     osal_port_timers.obj (.text:OsalPortTimers_stopTimer)
                  00024e44    00000058     drivers_cc13x2.a : PowerCC26X2_calibrateRCOSC.oem4f (.text:PowerCC26X2_initiateCalibration)
                  00024e9c    00000058     rf_multiMode_cc13x2.a : RFCC26X2_multiMode.c.cc13x2.ccs.o (.text:RF_TxPowerTable_findValue)
                  00024ef4    00000058     drivers_cc13x2.a : TRNGCC26XX.oem4f (.text:TRNG_init)
                  00024f4c    00000058     zd_profile.obj (.text:ZDP_MgmtPermitJoinReq)
                  00024fa4    00000058     bdb.obj (.text:bdb_TCJoiningDeviceFree$40)
                  00024ffc    00000058     boot.aem4f : boot.oem4f (.text)
                  00025054    00000058     drivers_cc13x2.a : NVSSPI25X.oem4f (.text:extFlashWaitReady)
                  000250ac    00000058     maclib_nosecure_cc13x2_2_4g.a : mac_sleep.obj (.text:macCanSleep)
                  00025104    00000058     libZStack_nwk_zr_ccs.a : nwk_util.obj (.text:nwkTransmissionFailures)
                  0002515c    00000058                            : nwk.obj (.text:nwk_indSendError$89)
                  000251b4    00000058     osal_nv.obj (.text:osal_nv_item_init_ex)
                  0002520c    00000058     rom_sysbios.aem4f : rom_sysbios.obj (.text:ti_sysbios_heaps_HeapMem_alloc__E)
                  00025264    00000058     osal_port_timers.obj (.text:timerCb$51)
                  000252bc    00000058     zcl_general.obj (.text:zclGeneral_HdlIncoming$23)
                  00025314    00000056     drivers_cc13x2.a : LED.oem4f (.text:LED_startBlinking)
                  0002536a    00000056     rf_multiMode_cc13x2.a : RFCC26X2_multiMode.c.cc13x2.ccs.o (.text:RF_defaultSubmitPolicy)
                  000253c0    00000056     zd_sec_mgr.obj (.text:ZDSecMgrAuthenticationCheck)
                  00025416    00000056     libZStack_nwk_zr_ccs.a : dgp_stub.obj (.text:gp_SecBuildNonce$78)
                  0002546c    00000056     zcl_sampleapps_ui.obj (.text:uiArrayToString$9)
                  000254c2    00000056     zcl.obj (.text:zclParseInReadReportCfgCmd)
                  00025518    00000054     drivers_cc13x2.a : AESCCMCC26XX.oem4f (.text:AESCCM_construct)
                  0002556c    00000054                      : AESECBCC26XX.oem4f (.text:AESECB_construct)
                  000255c0    00000054     libZStack_nwk_zr_ccs.a : assoc_list.obj (.text:AssocRemove)
                  00025614    00000054     driverlib.lib : prcm.obj (.text:NOROM_PRCMPowerDomainsAllOff)
                  00025668    00000054     nvocmp.obj (.text:NVOCMP_doNVCRC$3)
                  000256bc    00000054     drivers_cc13x2.a : NVSCC26XX.oem4f (.text:NVSCC26XX_init)
                  00025710    00000054     rf_multiMode_cc13x2.a : RFCC26X2_multiMode.c.cc13x2.ccs.o (.text:RF_fsmXOSCState)
                  00025764    00000054     libZStack_nwk_zr_ccs.a : rtg.obj (.text:RTG_GetStochastic)
                  000257b8    00000054     drivers_cc13x2.a : StructRingBuf.oem4f (.text:StructRingBuf_put)
                  0002580c    00000054     dpl_cc13x2.a : SwiP_tirtos.oem4f (.text:SwiP_construct)
                  00025860    00000054     bdb.obj (.text:bdb_ZclIdentifyCmdInd)
                  000258b4    00000054     zcl_green_power.obj (.text:gp_AddNotificationMsgNode)
                  00025908    00000054     gp_proxy.obj (.text:gp_returnOperationalChannel)
                  0002595c    00000054     zcl.obj (.text:zclParseInDiscAttrsRspCmd$22)
                  000259b0    00000052     zstacktask.obj (.text:processSecNwkKeyGetReq$38)
                  00025a02    00000002     --HOLE-- [fill = 0]
                  00025a04    00000051     zcl_sampleapps_ui.obj (.text:uiActionProcessConfigureFindBind$9)
                  00025a55    00000003     --HOLE-- [fill = 0]
                  00025a58    00000050     libZStack_nwk_zr_ccs.a : addr_mgr.obj (.text:AddrMgrEntryGet)
                  00025aa8    00000050     zstacktask.obj (.text:BDBBindNotificationsendMsgToAllCBs$38)
                  00025af8    00000050     zstacktask.obj (.text:BDBTCLinkKeyExchangeNotificationsendMsgToAllCB$38)
                  00025b48    00000050     drivers_cc13x2.a : GPIOCC26XX.oem4f (.text:GPIO_enableInt)
                  00025b98    00000050     nvocmp.obj (.text:NVOCMP_compactNvApi$3)
                  00025be8    00000050     libZStack_nwk_zr_ccs.a : nwk_util.obj (.text:NwkNotMyChildListDelete)
                  00025c38    00000050                            : rtg.obj (.text:RTG_SendBrokenRoute)
                  00025c88    00000050     drivers_cc13x2.a : SPICC26X2DMA.oem4f (.text:SPICC26X2DMA_close)
                  00025cd8    00000050     libZStack_nwk_zr_ccs.a : ssp.obj (.text:SSP_GetNwkKey)
                  00025d28    00000050     drivers_cc13x2.a : TRNGCC26XX.oem4f (.text:TRNGCC26XX_waitForResult)
                  00025d78    00000050                      : NVSSPI25X.oem4f (.text:extFlashSpiWrite)
                  00025dc8    00000050     maclib_nosecure_cc13x2_2_4g.a : mac_rx_onoff.obj (.text:macRxOffRequest)
                  00025e18    00000050                                   : mac_timer.obj (.text:macTimerStart)
                  00025e68    00000050     libZStack_nwk_zr_ccs.a : nwk_util.obj (.text:nlmeAddConflictedAddrTable$91)
                  00025eb8    00000050     osal_port.obj (.text:osalHeapInitFxn)
                  00025f08    00000050     osal_nv.obj (.text:osal_nv_delete_ex)
                  00025f58    00000050     zstacktask.obj (.text:sendLeaveInd$38)
                  00025fa8    00000050     zcl_port.obj (.text:zclport_writeNV)
                  00025ff8    0000004f     zcl_sampleapps_ui.obj (.text:uiActionProcessConfigureNwkFormation$9)
                  00026047    00000001     --HOLE-- [fill = 0]
                  00026048    0000004f     zcl_sampleapps_ui.obj (.text:uiActionProcessConfigureNwkSteering$9)
                  00026097    00000001     --HOLE-- [fill = 0]
                  00026098    0000004e     libZStack_nwk_zr_ccs.a : aps_util.obj (.text:apsAckFindMatchCB$85)
                  000260e6    0000004e     zstacktask.obj (.text:processSecNwkKeySetReq$38)
                  00026134    0000004c     libZStack_nwk_zr_ccs.a : aps_mede.obj (.text:APSME_GetRequest)
                  00026180    0000004c     zstacktask.obj (.text:BDBsendMsgToAllCBs$38)
                  000261cc    0000004c     cui.obj (.text:CUI_updateCursor$8)
                  00026218    0000004c     main.obj (.text:Main_assertHandler)
                  00026264    0000004c     driverlib.lib : prcm.obj (.text:NOROM_PRCMPowerDomainsAllOn)
                  000262b0    0000004c     nvocmp.obj (.text:NVOCMP_setItemInactive$3)
                  000262fc    0000004c     osal_port.obj (.text:OsalPort_msgSend)
                  00026348    0000004c     rf_multiMode_cc13x2.a : RFCC26X2_multiMode.c.cc13x2.ccs.o (.text:RF_wakeupNotification)
                  00026394    0000004c     libZStack_nwk_zr_ccs.a : rtg.obj (.text:RTG_GetLinkCost$93)
                  000263e0    0000004c     drivers_cc13x2.a : StructRingBuf.oem4f (.text:StructRingBuf_get)
                  0002642c    0000004c                      : UARTCC26XX.oem4f (.text:UARTCC26XX_readCancel)
                  00026478    0000004c                      : UDMACC26XX.oem4f (.text:UDMACC26XX_open)
                  000264c4    0000004c     util_timer.obj (.text:UtilTimer_construct)
                  00026510    0000004c     zmac.obj (.text:ZMacAssociateRsp)
                  0002655c    0000004c     zmac.obj (.text:ZMacSendNoData)
                  000265a8    0000004c     af.obj (.text:afDelete)
                  000265f4    0000004c     bdb_finding_and_binding.obj (.text:bdb_SetIdentifyActiveEndpoint)
                  00026640    0000004c     rtsv7M4_T_le_v4SPD16_eabi.lib : cpy_tbl.c.obj (.text:copy_in)
                  0002668c    0000004c     gp_proxy.obj (.text:gp_stopCommissioningMode)
                  000266d8    0000004c     maclib_nosecure_cc13x2_2_4g.a : mac_low_level.obj (.text:macLowLevelYield)
                  00026724    0000004c     libZStack_nwk_zr_ccs.a : nwk_bufs.obj (.text:nwkDB_DeleteRecAll)
                  00026770    0000004c     osal_port.obj (.text:osalHeapGetStatsFxn)
                  000267bc    0000004c     osal_nv.obj (.text:osal_nv_read_match_entry)
                  00026808    0000004a     zcl.obj (.text:zclFindAttrRec)
                  00026852    00000002     --HOLE-- [fill = 0]
                  00026854    00000048     libZStack_nwk_zr_ccs.a : addr_mgr.obj (.text:AddrMgrEntrySet$79)
                  0002689c    00000048     ti_drivers_config.obj (.text:Board_wakeUpExtFlash)
                  000268e4    00000048     libZStack_nwk_zr_ccs.a : nl_mede.obj (.text:NLME_PermitJoiningSet$87)
                  0002692c    00000048     rf_multiMode_cc13x2.a : rfc.c.cc13x2.ccs.o (.text:NOROM_RFCSynthPowerDown)
                  00026974    00000048     nvocmp.obj (.text:NVOCMP_write$3)
                  000269bc    00000048     drivers_cc13x2.a : NVSSPI25X.oem4f (.text:NVSSPI25X_read)
                  00026a04    00000048                      : NVS.oem4f (.text:NVS_open)
                  00026a4c    00000048                      : PINCC26XX.oem4f (.text:PIN_setOutputEnable)
                  00026a94    00000048                      : PowerCC26X2_calibrateRCOSC.oem4f (.text:PowerCC26X2_RCOSC_clockFunc)
                  00026adc    00000048                      : PowerCC26X2.oem4f (.text:PowerCC26XX_switchXOSC_HF)
                  00026b24    00000048     cui.obj (.text:UartReadCallback$8)
                  00026b6c    00000048     mac_util.obj (.text:Util_itoa)
                  00026bb4    00000048     zd_object.obj (.text:ZDO_CompareClusterLists$57)
                  00026bfc    00000048     zd_profile.obj (.text:ZDO_RegisterForZDOMsg)
                  00026c44    00000048     af.obj (.text:afDataReqMTU)
                  00026c8c    00000048     bdb_reporting.obj (.text:bdb_clusterEndpointArrayIncrementAll$42)
                  00026cd4    00000048     bdb_finding_and_binding.obj (.text:bdb_setEpDescListToActiveEndpoint)
                  00026d1c    00000048     binding_table.obj (.text:bindAddressClear)
                  00026d64    00000048     drivers_cc13x2.a : NVSCC26XX.oem4f (.text:disableFlashCache)
                  00026dac    00000048                      : NVSSPI25X.oem4f (.text:extFlashMassErase)
                  00026df4    00000048     zstacktask.obj (.text:isDevicePartOfNetwork$38)
                  00026e3c    00000048     maclib_nosecure_cc13x2_2_4g.a : mac_radio.obj (.text:macRadioNeedAdjustPower)
                  00026e84    00000048                                   : mac_timer.obj (.text:macTimerUpdActive)
                  00026ecc    00000048     libZStack_nwk_zr_ccs.a : nwk.obj (.text:nwkBuildDataCnf)
                  00026f14    00000048     zstacktask.obj (.text:sendDeviceAnnounceInd$38)
                  00026f5c    00000048     zstacktask.obj (.text:sendNwkFrameFwdNotificationCBMsg$38)
                  00026fa4    00000048     drivers_cc13x2.a : PowerCC26X2.oem4f (.text:switchXOSCHF)
                  00026fec    00000048                      : UARTCC26XX.oem4f (.text:writeFinishedDoCallback)
                  00027034    00000048     zcl_green_power.obj (.text:zclGp_HdlIncoming$24)
                  0002707c    00000046     drivers_cc13x2.a : RingBuf.oem4f (.text:RingBuf_put)
                  000270c2    00000046     zstacktask.obj (.text:gpCheckAnnceMsgSend$38)
                  00027108    00000046     libZStack_nwk_zr_ccs.a : nwk.obj (.text:nwk_comm_status_ind_processing$89)
                  0002714e    00000046                            : rtg.obj (.text:rtgRReqFindMatchCB$93)
                  00027194    00000046     zcl.obj (.text:zclParseInReadCmd)
                  000271da    00000002     --HOLE-- [fill = 0]
                  000271dc    00000044     drivers_cc13x2.a : GPIOCC26XX.oem4f (.text:GPIO_disableInt)
                  00027220    00000044     maclib_nosecure_cc13x2_2_4g.a : mac_timer.obj (.text:MAC_PwrNextTimeout)
                  00027264    00000044     driverlib.lib : chipinfo.obj (.text:NOROM_ChipInfo_GetHwRevision)
                  000272a8    00000044     nvocmp.obj (.text:NVOCMP_getFreeNvApi$3)
                  000272ec    00000044     drivers_cc13x2.a : NVSCC26XX.oem4f (.text:NVSCC26XX_read)
                  00027330    00000044                      : PINCC26XX.oem4f (.text:PIN_swi)
                  00027374    00000044                      : PWM.oem4f (.text:PWM_init)
                  000273b8    00000044     libZStack_nwk_zr_ccs.a : rtg.obj (.text:RTG_MTORouteReq)
                  000273fc    00000044     drivers_cc13x2.a : SPI.oem4f (.text:SPI_init)
                  00027440    00000044                      : UART.oem4f (.text:UART_init)
                  00027484    00000044     zd_app.obj (.text:ZDApp_RestoreNwkKey)
                  000274c8    00000044     zd_app.obj (.text:ZDO_JoinConfirmCB)
                  0002750c    00000044     zd_profile.obj (.text:ZDP_MgmtLeaveReq)
                  00027550    00000044     zd_profile.obj (.text:ZDP_SendData)
                  00027594    00000044     bdb_reporting.obj (.text:bdb_RepLoadCfgRecords$42)
                  000275d8    00000044     bdb_reporting.obj (.text:bdb_clusterEndpointArrayUpdateAt$42)
                  0002761c    00000044     maclib_nosecure_cc13x2_2_4g.a : mac_rx_onoff.obj (.text:macRxDisable)
                  00027660    00000044                                   : mac_tx.obj (.text:macTxTimestampCallback)
                  000276a4    00000044     libZStack_nwk_zr_ccs.a : nwk_util.obj (.text:nwkHandleBrokenRoute)
                  000276e8    00000044                            : nwk_util.obj (.text:nwkNeighborAdd)
                  0002772c    00000044                            : rtg.obj (.text:rtgIsValidNeighbor$93)
                  00027770    00000044     zcl_samplethermostat.obj (.text:zclSampleThermostat_initialization$13)
                  000277b4    00000044     zstacktask.obj (.text:zdoNwkDiscCnfCB$38)
                  000277f8    00000042     drivers_cc13x2.a : SPICC26X2DMA.oem4f (.text:SPICC26X2DMA_swiFxn)
                  0002783a    00000042     zstacktask.obj (.text:gp_CommissioningModeInd$38)
                  0002787c    00000040     libZStack_nwk_zr_ccs.a : aps_mede.obj (.text:APSDE_FrameSend)
                  000278bc    00000040     zstacktask.obj (.text:BDBIdentifyTimesendMsgToAllCBs$38)
                  000278fc    00000040     dpl_cc13x2.a : ClockP_tirtos.oem4f (.text:ClockP_construct)
                  0002793c    00000040                  : ClockP_tirtos.oem4f (.text:ClockP_create)
                  0002797c    00000040     libZStack_nwk_zr_ccs.a : nwk_util.obj (.text:NLDE_BuildSrcRtgFrame)
                  000279bc    00000040                            : nwk_util.obj (.text:NLME_IsAddressBroadcast)
                  000279fc    00000040     driverlib.lib : osc.obj (.text:NOROM_OSC_HPOSCRelativeFrequencyOffsetGet)
                  00027a3c    00000040     osal_port_timers.obj (.text:OsalPortTimers_getTimerTimeout)
                  00027a7c    00000040     osal_port.obj (.text:OsalPort_heapFree$50)
                  00027abc    00000040     drivers_cc13x2.a : PWM.oem4f (.text:PWM_open)
                  00027afc    00000040                      : PowerCC26X2.oem4f (.text:PowerCC26XX_isStableXOSC_HF)
                  00027b3c    00000040     libZStack_nwk_zr_ccs.a : rtg.obj (.text:RTG_BcastHold$93)
                  00027b7c    00000040     drivers_cc13x2.a : Random.oem4f (.text:Random_getNumber)
                  00027bbc    00000040                      : RingBuf.oem4f (.text:RingBuf_get)
                  00027bfc    00000040                      : SPI.oem4f (.text:SPI_open)
                  00027c3c    00000040                      : TRNGCC26XX.oem4f (.text:TRNGCC26XX_copyToClient)
                  00027c7c    00000040                      : UART.oem4f (.text:UART_open)
                  00027cbc    00000040     zd_app.obj (.text:ZDO_LeaveCnf)
                  00027cfc    00000040     zd_sec_mgr.obj (.text:ZDSecMgrUpdateTCAddress)
                  00027d3c    00000040     libZStack_nwk_zr_ccs.a : aps_groups.obj (.text:aps_GroupsWriteNV)
                  00027d7c    00000040     bdb.obj (.text:bdb_SendMsg)
                  00027dbc    00000040     bdb.obj (.text:bdb_nwkJoiningFormation$40)
                  00027dfc    00000040     bdb_reporting.obj (.text:bdb_repAttrDefaultCfgRecordsLinkedListSearch$42)
                  00027e3c    00000040     libZStack_nwk_zr_ccs.a : dgp_stub.obj (.text:gp_DataIndReleaseFromList$78)
[...]
20005534  AIB_apsUseExtendedPANID                                         
2000553c  ZDNwkMgr_TaskID                                                 
2000553d  ZDNwkMgr_MgmtNwkUpdateNotifyTransSeq                            
2000553e  ZDNwkMgr_NumUpdateNotifySent                                    
2000553f  ZDNwkMgr_WaitingForNotifyConfirm                                
20005540  ZDNwkMgr_NewChannel                                             
20005542  ZDNwkMgr_UpdateNotifyTimer                                      
20005544  ZDNwkMgr_TotalTransmissions                                     
20005546  ZDNwkMgr_TxFailures                                             
20005548  pZDNwkMgr_ProcessDataConfirm                                    
2000554c  pZDNwkMgr_ReportChannelInterference                             
20005550  pZDNwkMgr_EDScanConfirmCB                                       
20005554  pZDNwkMgr_NetworkReportCB                                       
20005558  pZDNwkMgr_NetworkUpdateCB                                       
2000555c  ZDNwkMgr_MgmtNwkUpdateNotifyAddr                                
20005568  ZDNwkMgr_MgmtNwkUpdateReq                                       
20005574  ti_sysbios_gates_GateMutex_Object__table__V                     
200055ac  macBeaconPayload                                                
200055e0  zclMenuApp                                                      
20005614  pMacDataTx                                                      
20005618  macDataTxIndirect                                               
2000561c  macDataRequeueIndirect                                          
20005620  macDataRxBeaconCritical                                         
20005624  macDataTxBeaconComplete                                         
20005628  macDataSetSched                                                 
2000562c  macDataCheckSched                                               
20005630  macDataCheckTxTime                                              
20005634  macDataBeaconRequeue                                            
20005638  csmPhy                                                          
2000563c  macTimerRollover                                                
20005640  macTimerNewRollover                                             
20005644  ti_sysbios_knl_Swi_Module_State_0_readyQ__A                     
20005674  ti_sysbios_knl_Swi_Object__table__V                             
200056a4  ti_sysbios_knl_Task_Module_State_0_readyQ__A                    
200056d4  zclSampleThermostat_SystemMode                                  
200056d5  zclSampleThermostat_PhysicalEnvironment                         
200056d6  zclSampleThermostat_ControlSequenceOfOperation                  
200056d8  zclSampleThermostat_IdentifyTime                                
200056da  zclSampleThermostat_OccupiedCoolingSetpoint                     
200056dc  zclSampleThermostat_OccupiedHeatingSetpoint                     
200056de  zclSampleThermostat_LocalTemperature                            
200056e0  zclSampleThermostat_AbsMinHeatSetpointLimit                     
200056e2  zclSampleThermostat_AbsMaxHeatSetpointLimit                     
200056e4  zclSampleThermostat_AbsMinCoolSetpointLimit                     
200056e6  zclSampleThermostat_AbsMaxCoolSetpointLimit                     
200056e8  data_count                                                      
200056ec  zclSampleThermostat_SimpleDesc                                  
20005700  macTxSlottedDelayFactor                                         
20005701  macTxType                                                       
20005702  macTxBe                                                         
20005703  macTxGpInterframeDelay                                          
20005704  txAckReq                                                        
20005707  txSeqn                                                          
20005709  numTx                                                           
2000570a  macTxCsmaBackoffDelay                                           
2000570c  macCsmaRtcTimerId                                               
20005710  macAckDbg                                                       
20005748  _hposcCoeffs                                                    
2000576c  macActionSet                                                    
20005790  bdbIndentifyActiveEndpoint                                      
20005794  pfnIdentifyTimeChangeCB                                         
20005798  pfnBindNotificationCB                                           
2000579c  bdb_FindingBindingTargetSimpleDesc                              
200057b4  pbindAddEntry                                                   
200057b8  pbindNumOfEntries                                               
200057bc  pbindRemoveDev                                                  
200057c0  pBindInitNV                                                     
200057c4  pBindSetDefaultNV                                               
200057c8  pBindRestoreFromNV                                              
200057cc  pBindWriteNV                                                    
200057f0  ti_sysbios_knl_Clock_Object__table__V                           
20005810  xdc_runtime_Error_IgnoreBlock                                   
20005830  zcl_radius                                                      
20005831  zcl_InSeqNum                                                    
20005832  zcl_TransID                                                     
20005834  zcl_ValidateAttrDataCB                                          
2000584c  gp_TaskID                                                       
20005850  GP_DataCnfGCB                                                   
20005854  GP_stopCommissioningModeGCB                                     
20005858  GP_DataIndGCB                                                   
2000585c  GP_SecReqGCB                                                    
20005860  GP_CheckAnnouncedDeviceGCB                                      
20005864  GP_expireDuplicateFilteringGCB                                  
20005868  zgGP_ProxyCommissioningMode                                     
20005869  gpTempMaster                                                    
2000586a  gp_commissioningOptions                                         
2000586b  gp_unicastCommunication                                         
2000586c  gp_OperationalChannel                                           
2000586e  gp_commissionerAddress                                          
2000587c  NLME_PermitJoining                                              
2000587d  NLME_AssocPermission                                            
20005880  NLME_ScanFields                                                 
20005884  pnwk_ScanPANChanSelect                                          
20005888  pnwk_ScanPANChanVerify                                          
2000588c  pNLME_NetworkFormationConfirm                                   
20005892  nwkFrameCounterChanges                                          
20005894  nwkFrameCounter                                                 
20005898  distributedFrameCounter                                         
200058a4  gpioCallbackFunctions                                           
200058b8  gpioPinConfigs                                                  
200058cc  macStateTbl                                                     
20005900  macCfg                                                          
20005938  pClockHandleEDScan                                              
2000593c  APSF_taskID                                                     
20005944  pAPSF_IgnoreBlock                                               
20005954  pOverrides_ieee154                                              
20005960  ti_sysbios_heaps_HeapCallback_Object__table__V                  
2000596c  lastRatChanA                                                    
2000596d  lastRatChanB                                                    
2000596e  macRxCmdActive                                                  
2000596f  macTxCmdActive                                                  
20005970  macFsCmdActive                                                  
20005971  macRxPreempted                                                  
20005972  numRfCmd                                                        
20005973  numRxCmd                                                        
20005974  numRxPostCmd                                                    
20005988  maxSupportedEndpoints                                           
20005989  nwkUseMultiCast                                                 
20005990  AF_DataRequestDiscoverRoute                                     
20005994  epList                                                          
20005998  txCmdHandle                                                     
2000599a  macRadioAckIeeeFrame                                            
200059a8  nwkDataBufQueue                                                 
200059b8  gpTxOffset                                                      
200059bc  gp_macReq                                                       
200059c0  _lock                                                           
200059c4  _unlock                                                         
200059c8  RFCC26XX_schedulerPolicy                                        
200059d0  pinUpperBound                                                   
200059d4  pinLowerBound                                                   
200059e0  ti_sysbios_family_arm_m3_Hwi_Module__root__V                    
200059e8  ti_sysbios_gates_GateHwi_Module__root__V                        
200059f0  ti_sysbios_gates_GateMutexPri_Module__root__V                   
200059f8  ti_sysbios_gates_GateMutex_Module__root__V                      
20005a00  ti_sysbios_hal_Hwi_Module__root__V                              
20005a08  ti_sysbios_heaps_HeapCallback_Module__root__V                   
20005a10  ti_sysbios_heaps_HeapMem_Module__root__V                        
20005a18  ti_sysbios_knl_Clock_Module__root__V                            
20005a20  ti_sysbios_knl_Event_Module__root__V                            
20005a28  ti_sysbios_knl_Mailbox_Module__root__V                          
20005a30  ti_sysbios_knl_Queue_Module__root__V                            
20005a38  ti_sysbios_knl_Semaphore_Module__root__V                        
20005a40  ti_sysbios_knl_Swi_Module__root__V                              
20005a48  ti_sysbios_knl_Task_Module__root__V                             
20005a50  zTouchLinkNwkStartRtr                                           
20005a52  zgNwkCommissionedNwkAddr                                        
20005a54  zgStartDelay                                                    
20005a55  zgZdoDirectCB                                                   
20005a56  zgNwkMgrMode                                                    
20005a57  zgSapiEndpoint                                                  
20005a5d  macRadioYielded                                                 
20005a5e  bInSwi                                                          
20005a5f  macTxSlottedDelay                                               
20005a60  macSrcMatchIsEnabled                                            
20005a64  macTasksEvents                                                  
20005a68  errno                                                           
20005a6c  main_func_sp                                                    
20005a70  ti_sysbios_family_arm_m3_Hwi_Module_State_0_excContext__A       
20005a74  ti_sysbios_family_arm_m3_Hwi_Module_State_0_excStack__A         
20005a78  ti_sysbios_knl_Task_Module_State_0_idleTask__A                  
20005a7c  CryptoResourceCC26XX_pollingFlag                                
20005a80  ti_sysbios_family_arm_m3_Hwi_Module_State_0_excActive__A        
20005a88  macSleepState                                                   
20005a90  ti_sysbios_knl_Task_Instance_State_0_stack__A                   
20005c90  uartCC26XXObjects                                               
20005e4c  spiCC26X2DMAObjects                                             
20005f5c  enhancedAckBuf                                                  
20006150  ti_sysbios_family_arm_m3_Hwi_dispatchTable                      
20006228  LEDObjects                                                      
200062e0  macPib                                                          
20006368  trngCC26XXObjects                                               
200063ec  bdb_reportingClusterEndpointArrayCount                          
200063ed  bdb_reportingNextClusterEndpointIndex                           
200063ee  bdb_reportingAttrCfgRecordsArrayCount                           
200063ef  bdb_reportingAttrCfgRecordsArrayMaxSize                         
200063f0  bdb_reportingAcceptDefaultConfs                                 
200063f2  bdb_reportingNextEventTimeout                                   
200063f4  gAttrDataValue                                                  
200063f8  bdb_reportingAttrCfgRecordsArray                                
200063fc  attrDefaultCfgRecordLinkedList                                  
20006404  bdb_reportingClusterEndpointArray                               
20006468  pinHandleTable                                                  
200064e4  macScan                                                         
20006588  ButtonObjects                                                   
200065d8  CryptoResourceCC26XX_accessSemaphore                            
20006628  CryptoResourceCC26XX_operationSemaphore                         
20006678  cuiMultiMenuData                                                
20006740  macBeaconCoord                                                  
2000677c  macDeviceAction1                                                
200067b4  macBeaconDevice                                                 
200067e8  macMgmtAction1                                                  
20006818  macSrcExtAddrList                                               
20006848  macCoord                                                        
20006874  macDevice                                                       
200068a0  macRxFilter                                                     
200068a1  rxPromiscuousMode                                               
200068a4  rxSeqNum                                                        
200068ac  macRxDataEntryOffset                                            
200068b0  rxRadioBufferPtr                                                
200068bc  macRxDataEntryQueue                                             
20006924  macBeacon                                                       
20006944  udmaCC26XXObject                                                
200069b8  CryptoResourceCC26XX_hwi                                        
200069d4  macCoordAction2                                                 
200069f0  macReset                                                        
20006a0c  macSrcShortAddrList                                             
20006a28  aesccmCC26XXObjects                                             
20006a40  aesecbCC26XXObjects                                             
20006a58  macScanAction                                                   
20006a70  ZDO_Config_Power_Descriptor                                     
20006a74  ZDO_Config_Node_Descriptor                                      
20006aac  macDeviceAction2                                                
20006ac0  macMgmtAction2                                                  
20006ae4  macBeaconDeviceAction                                           
20006af4  macCoordAction3                                                 
20006b04  macData                                                         
20006b14  macDataTxDelay                                                  
20006b48  coexMetricsStruct                                               
20006b54  macMain                                                         
20006b60  nvsSPI25XObjects                                                
20006b74  macBeaconCoordAction1                                           
20006b7c  macCoordAction1                                                 
20006b84  rreqCounter                                                     
20006b90  PowerCC26XX_swiKey                                              
20006b94  PowerCC26XX_taskKey                                             
20006b98  _ScanChannels                                                   
20006b9c  macRxSymbol                                                     
20006ba0  macTimerActive                                                  
20006ba4  nvsCC26XXObjects                                                
20006ba8  timerAlignedQ                                                   
20006bac  timerUnalignedQ                                                 
20006bb2  driverlib_release_0_60278                                       
20006bb3  macAckTxActive                                                  
20006bb4  macMgmt                                                         
20006bb5  macPanCoordinator                                               
20006bb6  macPhyChannel                                                   
20006bb7  macPwr                                                          
20006bb8  macRxActive                                                     
20006bb9  macRxEnableFlags                                                
20006bba  macRxOutgoingAckFlag                                            
20006bbb  macSymbolTimerImpending                                         
20006bbc  macTaskId                                                       
20006bbd  macTxActive                                                     
20006bbe  macUnitBackoffPeriod                                            
20006bbf  rxFhRsl                                                         
20006bc0  stackServiceTaskId                                              
20013a00  __stack                                                         
20014000  __STACK_END                                                     
20014000  __STACK_TOP                                                     
e000e000  ti_sysbios_family_arm_m3_Hwi_nvic                               
ffffffff  __TI_pprof_out_hndl                                             
ffffffff  __TI_prof_data_size                                             
ffffffff  __TI_prof_data_start                                            
ffffffff  __binit__                                                       
ffffffff  __c_args__                                                      
ffffffff  binit                                                           
UNDEFED   ITM_flush                                                       
UNDEFED   ITM_restore                                                     
UNDEFED   PWM_config                                                      
UNDEFED   PWM_count                                                       
UNDEFED   SHT$$INIT_ARRAY$$Base                                           
UNDEFED   SHT$$INIT_ARRAY$$Limit                                          

[2613 symbols]
