******************************************************************************
                  TI ARM Linker PC v20.2.5                     
******************************************************************************
>> Linked Wed Nov 17 20:35:03 2021

OUTPUT FILE NAME:   <CapeFirmware_P.out>
ENTRY POINT SYMBOL: "ResetISR"  address: 000252d1


MEMORY CONFIGURATION

         name            origin    length      used     unused   attr    fill
----------------------  --------  ---------  --------  --------  ----  --------
  FLASH                 00000000   00052000  00030968  00021698  R  X
  FLASH_NV              00052000   00004000  00004000  00000000  RW X
  FLASH_LAST            00056000   00002000  00000058  00001fa8  R  X
  GPRAM                 11000000   00002000  00000000  00002000  RW X
  SRAM                  20000000   00014000  00007c4b  0000c3b5  RW X
  LOG_DATA              90000000   00040000  00000000  00040000  R   


SEGMENT ALLOCATION MAP

run origin  load origin   length   init length attrs members
----------  ----------- ---------- ----------- ----- -------
00000000    00000000    00030970   00030970    r-x
  00000000    00000000    0000003c   0000003c    r-- .resetVecs
  00000040    00000040    0002dd60   0002dd60    r-x .text
  0002dda0    0002dda0    000024fc   000024fc    r-- .const
  0003029c    0003029c    000000d0   000000d0    r-- config_const
  00030370    00030370    00000600   00000600    r-- .cinit
00052000    00052000    00004000   00000000    rw-
  00052000    00052000    00004000   00000000    rw- .TI.bound:flashBuf0
00057fa8    00057fa8    00000058   00000058    r--
  00057fa8    00057fa8    00000058   00000058    r-- .ccfg
200000d8    200000d8    00001758   00000000    rw-
  200000d8    200000d8    00000028   00000000    rw- .data.1
  20000100    20000100    00000004   00000000    rw- .data:xdcRomConstPtr
  20000104    20000104    00000004   00000000    rw- .data:xdcRomExternFuncPtr
  20000108    20000108    00000004   00000000    rw- .data:xdcRomStatePtr
  2000010c    2000010c    00000010   00000000    rw- .data:RAM_MAC_BASE_ADDR
  20000120    20000120    00001710   00000000    rw- .data.2
20001830    20001830    00000010   00000000    rw-
  20001830    20001830    00000010   00000000    rw- .TI.bound:dmaSpi0RxControlTableEntry
20001840    20001840    000000c0   00000000    rw-
  20001840    20001840    00000010   00000000    rw- .TI.bound:dmaSpi0TxControlTableEntry
  20001850    20001850    000000b0   00000000    rw- .data.3
20001900    20001900    00000010   00000000    rw-
  20001900    20001900    00000010   00000000    rw- .TI.bound:dmaSpi1RxControlTableEntry
20001910    20001910    00000120   00000000    rw-
  20001910    20001910    00000010   00000000    rw- .TI.bound:dmaSpi1TxControlTableEntry
  20001920    20001920    00000110   00000000    rw- .data.4
20001a30    20001a30    00000010   00000000    rw-
  20001a30    20001a30    00000010   00000000    rw- .TI.bound:dmaSpi0RxAltControlTableEntry
20001a40    20001a40    000000c0   00000000    rw-
  20001a40    20001a40    00000010   00000000    rw- .TI.bound:dmaSpi0TxAltControlTableEntry
  20001a50    20001a50    000000b0   00000000    rw- .data.5
20001b00    20001b00    00000010   00000000    rw-
  20001b00    20001b00    00000010   00000000    rw- .TI.bound:dmaSpi1RxAltControlTableEntry
20001b10    20001b10    00005b45   00000000    rw-
  20001b10    20001b10    00000010   00000000    rw- .TI.bound:dmaSpi1TxAltControlTableEntry
  20001b20    20001b20    0000401a   00000000    rw- .data.6
  20005b40    20005b40    00001b15   00000000    rw- .bss
20013a00    20013a00    00000600   00000000    rw-
  20013a00    20013a00    00000600   00000000    rw- .stack


SECTION ALLOCATION MAP

 output                                  attributes/
section   page    origin      length       input sections
--------  ----  ----------  ----------   ----------------
.text      0    00000040    0002dd60     
                  00000040    000017fc     zstacktask.obj (.text:appMsg$39)
                  0000183c    00000900     libZStack_nwk_zr_ccs.a : nwk.obj (.text:nwk_data_ind_processing$90)
                  0000213c    000008c8                            : nwk.obj (.text:nwk_event_loop)
                  00002a04    000008c0     main.obj (.text:taskFxn)
                  000032c4    00000880     libZStack_nwk_zr_ccs.a : nwk.obj (.text:NwkCommandPktProcessing$90)
                  00003b44    000007b0     zstackstartup.obj (.text:stackInit$7)
                  000042f4    000006f4     maclib_nosecure_cc13x2_2_4g.a : mac.obj (.text:macRxCbIeee$68)
                  000049e8    00000608     zd_app.obj (.text:ZDOInitDeviceEx)
                  00004ff0    000005a0     gp_proxy.obj (.text:gp_dataIndProxy)
                  00005590    000004c0     zd_app.obj (.text:ZDApp_event_loop)
                  00005a50    000004b0     rf_multiMode_cc13x2.a : RFCC26X2_multiMode.c.cc13x2.ccs.o (.text:RF_fsmActiveState)
                  00005f00    0000045c     bdb.obj (.text:bdb_event_loop)
                  0000635c    000003f4     libZStack_nwk_zr_ccs.a : nl_mede_cb.obj (.text:NLDE_DataIndication)
                  00006750    000003e8                            : aps_frag.obj (.text:APSF_ProcessEvent)
                  00006b38    00000340                            : aps.obj (.text:APS_event_loop)
                  00006e78    00000340     gp_proxy_table.obj (.text:gp_UpdateProxyTbl)
                  000071b8    00000330     bdb.obj (.text:bdb_StartCommissioning)
                  000074e8    0000032c     zd_app.obj (.text:ZDApp_ProcessMsgCBs)
                  00007814    00000320     libZStack_nwk_zr_ccs.a : dgp_stub.obj (.text:gp_event_loop)
                  00007b34    0000031c     zcl_sampleapps_ui.obj (.text:UI_Init)
                  00007e50    00000318     zd_nwk_mgr.obj (.text:ZDNwkMgr_event_loop)
                  00008168    00000304     zd_object.obj (.text:ZDO_ProcessMgmtLqiReq)
                  0000846c    000002fc     zcl_hvac.obj (.text:zclHVAC_HdlIncoming$27)
                  00008768    000002f8     zstacktask.obj (.text:processSysConfigWriteReq$39)
                  00008a60    000002f4     drivers_cc13x2.a : SPICC26X2DMA.oem4f (.text:SPICC26X2DMA_transfer)
                  00008d54    000002f4     zcl_samplethermostat.obj (.text:zclSampleThermostat_Init$14)
                  00009048    000002f0     zstacktask.obj (.text:processSysConfigReadReq$39)
                  00009338    000002da     zstacktask.obj (.text:processDevZDOCBReq$39)
                  00009612    00000002     ti_drivers_config.obj (.text:Board_initHook)
                  00009614    000002c0     zmac_cb.obj (.text:MAC_CbackEvent)
                  000098d4    000002bc     libZStack_nwk_zr_ccs.a : aps_mede.obj (.text:APSME_FrameSecRemoveCM$84)
                  00009b90    000002b0                            : nwk.obj (.text:nwk_data_cnf_processing$90)
                  00009e40    0000029c     zstacktask.obj (.text:zsProcessZDOMsgs$39)
                  0000a0dc    0000029a     zcl.obj (.text:zclProcessInDiscAttrs$23)
                  0000a376    00000002     gp_proxy.obj (.text:GP_DataCnf)
                  0000a378    00000298     rf_multiMode_cc13x2.a : RFCC26X2_multiMode.c.cc13x2.ccs.o (.text:RF_open)
                  0000a610    0000028c     bdb.obj (.text:bdb_reportCommissioningState)
                  0000a89c    00000288     gp_proxy_table.obj (.text:pt_ZclReadGetProxyEntry)
                  0000ab24    0000027c     binding_table.obj (.text:bindAddEntry)
                  0000ada0    0000027c     libZStack_nwk_zr_ccs.a : dgp_stub.obj (.text:dGP_DataInd)
                  0000b01c    0000027c     gp_proxy_table.obj (.text:gp_PairingUpdateProxyTbl)
                  0000b298    00000270     zcl.obj (.text:zcl_ProcessMessageMSG)
                  0000b508    00000268     gp_proxy.obj (.text:zclGp_GpProxyTableReqCB)
                  0000b770    00000264     libZStack_nwk_zr_ccs.a : dgp_stub.obj (.text:gp_scheduleGPDFTransmission$79)
                  0000b9d4    0000025c     maclib_nosecure_cc13x2_2_4g.a : mac_pwr.obj (.text:macPwrVote)
                  0000bc30    00000234     drivers_cc13x2.a : SPICC26X2DMA.oem4f (.text:SPICC26X2DMA_hwiFxn)
                  0000be64    00000230     libZStack_nwk_zr_ccs.a : nl_mede.obj (.text:NLDE_DataReq)
                  0000c094    00000230     zcl_sampleapps_ui.obj (.text:uiActionProcessSetInstallCode$10)
                  0000c2c4    00000224     libZStack_nwk_zr_ccs.a : aps.obj (.text:APS_DataIndReflect$81)
                  0000c4e8    0000021c     maclib_nosecure_cc13x2_2_4g.a : mac.obj (.text:macSendReceiveCmdIeee)
                  0000c704    00000218     nvocmp.obj (.text:NVOCMP_initNv$4)
                  0000c91c    00000214     zd_object.obj (.text:ZDO_ProcessMatchDescReq)
                  0000cb30    00000214     zstacktask.obj (.text:ZStackTaskProcessEvent)
                  0000cd44    00000210     libZStack_nwk_zr_ccs.a : aps.obj (.text:APS_Reflect$81)
                  0000cf54    00000210     rf_multiMode_cc13x2.a : RFCC26X2_multiMode.c.cc13x2.ccs.o (.text:RF_scheduleCmd)
                  0000d164    00000210     zmac.obj (.text:ZMacEventLoop)
                  0000d374    00000210     zd_profile.obj (.text:zdpProcessAddrReq)
                  0000d584    0000020a     zcl.obj (.text:zclProcessInWriteUndividedCmd$23)
                  0000d78e    00000002     libZStack_nwk_zr_ccs.a : nwk_util.obj (.text:NLME_NetworkReportCB$92)
                  0000d790    00000208     nvocmp.obj (.text:NVOCMP_addItem$4)
                  0000d998    00000204     maclib_nosecure_cc13x2_2_4g.a : mac_radio_tx.obj (.text:macRadioCsmaTxCbIeee$78)
                  0000db9c    000001fc     libZStack_nwk_zr_ccs.a : aps_mede.obj (.text:APSDE_DataReq)
                  0000dd98    000001fc     zcl_sampleapps_ui.obj (.text:uiActionProcessConfigurePanId$10)
                  0000df94    000001f8     libZStack_nwk_zr_ccs.a : aps_mede.obj (.text:APSME_FrameSecSetupCM$84)
                  0000e18c    000001f4     drivers_cc13x2.a : PINCC26XX.oem4f (.text:PIN_init)
                  0000e380    000001f4     bdb_reporting.obj (.text:bdb_RepReport$43)
                  0000e574    000001f4     libZStack_nwk_zr_ccs.a : nwk.obj (.text:nwk_associate_ind_processing$90)
                  0000e768    000001ec     zcl_green_power.obj (.text:gp_addPairedSinksToMsgQueue$25)
                  0000e954    000001e0     zcl_sampleapps_ui.obj (.text:UI_DeviceStateUpdated)
                  0000eb34    000001dc     libZStack_nwk_zr_ccs.a : aps_mede.obj (.text:APSME_TransportKeyReq)
                  0000ed10    000001dc     rf_multiMode_cc13x2.a : RFCC26X2_multiMode.c.cc13x2.ccs.o (.text:RF_dispatchNextCmd)
                  0000eeec    000001dc     libZStack_nwk_zr_ccs.a : ssp_hash.obj (.text:sspMMOHash)
                  0000f0c8    000001d8     af.obj (.text:AF_DataRequest)
                  0000f2a0    000001d8     maclib_nosecure_cc13x2_2_4g.a : mac_tx.obj (.text:macTxFrame)
                  0000f478    000001d8     libZStack_nwk_zr_ccs.a : nwk_bufs.obj (.text:nwk_MacDataBuffersAdd)
                  0000f650    000001d4                            : dgp_stub.obj (.text:gp_ccmStar)
                  0000f824    000001c4     zcl_sampleapps_ui.obj (.text:uiActionProcessSetInstallCodeAddress$10)
                  0000f9e8    000001c2     zcl.obj (.text:zclProcessInReadCmd$23)
                  0000fbaa    00000002     rf_multiMode_cc13x2.a : rfc.c.cc13x2.ccs.o (.text:NOROM_RFCCpePatchReset)
                  0000fbac    000001c0     mac_user_config.obj (.text:rfSelect)
                  0000fd6c    000001b8     libZStack_nwk_zr_ccs.a : nwk_util.obj (.text:NLME_LeaveCmdProcess)
                  0000ff24    000001b8     gp_proxy.obj (.text:gp_ZclPairingParse$18)
                  000100dc    000001b6     rtsv7M4_T_le_v4SPD16_eabi.lib : fd_add_t2.asm.obj (.text)
                  00010292    00000002     drivers_cc13x2.a : NVSSPI25X.oem4f (.text:NVSSPI25X_deinitSpiCs)
                  00010294    000001b0     gp_proxy.obj (.text:zclGp_GpResponseCommandCB)
                  00010444    000001ac     maclib_nosecure_cc13x2_2_4g.a : mac_hl_patch.obj (.text:macRxBeaconCritical)
                  000105f0    000001a8     zd_object.obj (.text:ZDMatchSendState)
                  00010798    000001a4     maclib_nosecure_cc13x2_2_4g.a : mac_hl_patch.obj (.text:macWrapperDeleteKeyAndAssociatedDevices)
                  0001093c    000001a0     bdb_reporting.obj (.text:bdb_repAttrBuildClusterEndPointArrayBasedOnConfRecordsArray$43)
                  00010adc    0000019c     zcl.obj (.text:zcl_SendCommandEx)
                  00010c78    00000198     drivers_cc13x2.a : PowerCC26X2.oem4f (.text:Power_sleep)
                  00010e10    00000190     libZStack_nwk_zr_ccs.a : nwk_util.obj (.text:NLME_CheckNewAddrSet)
                  00010fa0    00000190     drivers_cc13x2.a : PowerCC26X2_calibrateRCOSC.oem4f (.text:calibrateRcoscHf1)
                  00011130    0000018c     main.obj (.text:main)
                  000112bc    0000018c     drivers_cc13x2.a : PowerCC26X2_calibrateRCOSC.oem4f (.text:runCalibrateFsm)
                  00011448    0000018c     gp_proxy.obj (.text:zclGp_DataIndParse$18)
                  000115d4    00000188     nvocmp.obj (.text:NVOCMP_compact$4)
                  0001175c    00000188     maclib_nosecure_cc13x2_2_4g.a : mac_radio_tx.obj (.text:macRadioTxGoIeee$78)
                  000118e4    00000186     drivers_cc13x2.a : Button.oem4f (.text:Button_clockTimeoutHandler)
                  00011a6a    00000002     rf_multiMode_cc13x2.a : RFCC26X2_multiMode.c.cc13x2.ccs.o (.text:RF_defaultCallback)
                  00011a6c    00000184     zcl_sampleapps_ui.obj (.text:generateBdbInfoString$10)
                  00011bf0    0000017c     zd_object.obj (.text:ZDO_ProcessBindUnbindReq)
                  00011d6c    00000178     libZStack_nwk_zr_ccs.a : dgp_stub.obj (.text:GP_DataReq)
                  00011ee4    00000178     drivers_cc13x2.a : SPICC26X2DMA.oem4f (.text:SPICC26X2DMA_transferCancel)
                  0001205c    00000178                      : SPICC26X2DMA.oem4f (.text:configNextTransfer)
                  000121d4    00000174                      : PowerCC26X2.oem4f (.text:Power_init)
                  00012348    00000168                      : NVSSPI25X.oem4f (.text:NVSSPI25X_write)
                  000124b0    00000168     libZStack_nwk_zr_ccs.a : nwk.obj (.text:nwk_beacon_notify_ind_processing$90)
                  00012618    00000164                            : ssp.obj (.text:SSP_NwkSecurityProc)
                  0001277c    00000164     drivers_cc13x2.a : UARTCC26XX.oem4f (.text:UARTCC26XX_open)
                  000128e0    00000164     maclib_nosecure_cc13x2_2_4g.a : mac_hl_patch.obj (.text:macWrapperDeleteAllDevices)
                  00012a44    00000164     libZStack_nwk_zr_ccs.a : nwk_bufs.obj (.text:nwk_SendNextDataBuf)
                  00012ba8    00000164     zcl_samplethermostat.obj (.text:zclSampleThermostat_UpdateStatusLine$14)
                  00012d0c    00000162     bdb_reporting.obj (.text:bdb_isAttrValueChangedSurpassDelta$43)
                  00012e6e    00000002     zd_object.obj (.text:ZDO_ProcessNodeDescRsp)
                  00012e70    00000160     gp_common.obj (.text:GP_SecReq)
                  00012fd0    00000160     libZStack_nwk_zr_ccs.a : rtg.obj (.text:RTG_DataReq)
                  00013130    00000160     zd_object.obj (.text:ZDO_ProcessDeviceAnnce)
                  00013290    0000015e     zcl.obj (.text:zclProcessInDiscCmd$23)
                  000133ee    00000002     zd_object.obj (.text:ZDO_ProcessSimpleDescRsp)
                  000133f0    0000015c     maclib_nosecure_cc13x2_2_4g.a : mac_hl_patch.obj (.text:macScanNextChan)
                  0001354c    0000015c     zcl_general.obj (.text:zclGeneral_ProcessInIdentity$24)
                  000136a8    00000158     driverlib.lib : sys_ctrl.obj (.text:NOROM_SysCtrlStandby)
                  00013800    00000154     rf_multiMode_cc13x2.a : RFCC26X2_multiMode.c.cc13x2.ccs.o (.text:RF_radioOpDoneCb)
                  00013954    00000154     drivers_cc13x2.a : UARTCC26XX.oem4f (.text:UARTCC26XX_hwiIntFxn)
                  00013aa8    00000154     mac_util.obj (.text:Util_ltoa)
                  00013bfc    00000154     maclib_nosecure_cc13x2_2_4g.a : mac_rx.obj (.text:rxPayloadIsr$73)
                  00013d50    00000150     drivers_cc13x2.a : SPICC26X2DMA.oem4f (.text:SPICC26X2DMA_open)
                  00013ea0    0000014e     zcl.obj (.text:zclProcessInWriteCmd$23)
                  00013fee    00000002     zmac_cb.obj (.text:ZMacLqiAdjust$62)
                  00013ff0    00000148     rf_multiMode_cc13x2.a : RFCC26X2_multiMode.c.cc13x2.ccs.o (.text:RF_fsmSetupState)
                  00014138    00000148     bdb_finding_and_binding.obj (.text:bdb_checkMatchingEndpoints)
                  00014280    00000148     drivers_cc13x2.a : SPICC26X2DMA.oem4f (.text:initIO)
                  000143c8    00000144     libZStack_nwk_zr_ccs.a : nwk.obj (.text:nwk_scan_cnf_processing$90)
                  0001450c    00000140                            : nwk_util.obj (.text:NLME_CmdCnf)
                  0001464c    00000140     maclib_nosecure_cc13x2_2_4g.a : mac_tx.obj (.text:txCsmaDelay)
                  0001478c    0000013c     drivers_cc13x2.a : AESCCMCC26XX.oem4f (.text:AESCCM_startOperation)
                  000148c8    0000013c     libZStack_nwk_zr_ccs.a : nwk_util.obj (.text:NLDE_BuildMsg$92)
                  00014a04    0000013c     zd_object.obj (.text:ZDO_ProcessSimpleDescReq)
                  00014b40    0000013c     gp_proxy.obj (.text:gp_SecurityOperationProxy)
                  00014c7c    0000013a     drivers_cc13x2.a : UARTCC26XX.oem4f (.text:UARTCC26XX_read)
                  00014db6    00000002     rtsv7M4_T_le_v4SPD16_eabi.lib : _lock.c.obj (.text:_nop)
                  00014db8    00000138     zd_sec_mgr.obj (.text:APSME_TCLinkKeyLoad)
                  00014ef0    00000138     cui.obj (.text:CUI_dispMenu$9)
                  00015028    00000138     drivers_cc13x2.a : NVSCC26XX.oem4f (.text:NVSCC26XX_write)
                  00015160    00000138     rf_multiMode_cc13x2.a : RFCC26X2_multiMode.c.cc13x2.ccs.o (.text:RF_abortCmd)
                  00015298    00000138                           : RFCC26X2_multiMode.c.cc13x2.ccs.o (.text:RF_ratSetupChannel)
                  000153d0    00000134     libZStack_nwk_zr_ccs.a : rtg.obj (.text:RTG_AddRtgEntry$94)
                  00015504    00000134     zd_object.obj (.text:ZDO_ProcessMgmtBindReq)
                  00015638    00000132     zcl.obj (.text:zclParseInConfigReportCmd)
                  0001576a    00000002     drivers_cc13x2.a : PowerCC26X2.oem4f (.text:emptyClockFunc)
                  0001576c    00000130     libZStack_nwk_zr_ccs.a : rtg.obj (.text:RTG_BcastAdd)
                  0001589c    00000130     zd_app.obj (.text:ZDApp_ProcessSecMsg)
                  000159cc    00000130     libZStack_nwk_zr_ccs.a : nwk.obj (.text:nwk_init)
                  00015afc    00000130     rtsv7M4_T_le_v4SPD16_eabi.lib : strtol.c.obj (.text:strtol)
                  00015c2c    00000128     zd_sec_mgr.obj (.text:ZDSecMgrDeviceRemoveByExtAddr)
                  00015d54    00000128     libZStack_nwk_zr_ccs.a : nwk.obj (.text:nwk_start_coord)
                  00015e7c    00000124                            : aps_frag.obj (.text:APSF_SendFragmented)
                  00015fa0    00000124     cui.obj (.text:CUI_statusLinePrintf)
                  000160c4    00000124     maclib_nosecure_cc13x2_2_4g.a : mac_hl_patch.obj (.text:macBuildDataFrame)
                  000161e8    00000120     cui.obj (.text:CUI_init)
                  00016308    00000120     libZStack_nwk_zr_ccs.a : rtg.obj (.text:NLME_RouteDiscoveryRequest)
                  00016428    00000120     nvocmp.obj (.text:NVOCMP_compactPage$4)
                  00016548    00000120     rf_multiMode_cc13x2.a : RFCC26X2_multiMode.c.cc13x2.ccs.o (.text:RF_close)
                  00016668    00000120     drivers_cc13x2.a : PowerCC26X2.oem4f (.text:configureXOSCHF)
                  00016788    0000011e     zstacktask.obj (.text:processSecApsLinkKeySetReq$39)
                  000168a6    00000002     drivers_cc13x2.a : CryptoResourceCC26XX.oem4f (.text:errorSpin)
                  000168a8    00000118     zd_profile.obj (.text:ZDP_IncomingData)
                  000169c0    00000118     maclib_nosecure_cc13x2_2_4g.a : mac.obj (.text:macSetupRATChanCompare)
                  00016ad8    00000114     drivers_cc13x2.a : PINCC26XX.oem4f (.text:PINCC26XX_setIoCfg)
                  00016bec    00000114     maclib_nosecure_cc13x2_2_4g.a : mac_radio.obj (.text:macRadioInitIeee)
                  00016d00    00000110     libZStack_nwk_zr_ccs.a : aps_mede.obj (.text:APSDE_FrameAlloc)
                  00016e10    00000110     cui.obj (.text:CUI_menuActionHelp)
                  00016f20    00000110     drivers_cc13x2.a : GPIOCC26XX.oem4f (.text:GPIO_setConfig)
                  00017030    00000110                      : LED.oem4f (.text:LED_open)
                  00017140    00000110     libZStack_nwk_zr_ccs.a : ssp.obj (.text:SSP_Process)
                  00017250    00000110     bdb.obj (.text:bdb_TCProcessJoiningList$41)
                  00017360    0000010c     libZStack_nwk_zr_ccs.a : nwk_util.obj (.text:NLDE_ParseMsg)
                  0001746c    0000010c                            : nwk_util.obj (.text:RTG_UpdateNeighborEntry)
                  00017578    00000108     drivers_cc13x2.a : AESECBCC26XX.oem4f (.text:AESECB_startOperation)
                  00017680    00000108     libZStack_nwk_zr_ccs.a : aps_mede.obj (.text:APSDE_FrameHdrSet$84)
                  00017788    00000108                            : addr_mgr.obj (.text:AddrMgrEntryUpdate)
                  00017890    00000108                            : ssp.obj (.text:ccmStar)
                  00017998    00000108                            : nwk.obj (.text:nwk_ScanPANChanVerify)
                  00017aa0    00000106     app_pem4f.oem4f (.text:xdc_runtime_System_printfExtend__I)
                  00017ba6    00000002     maclib_nosecure_cc13x2_2_4g.a : mac_pwr.obj (.text:macApiPwrOnReq)
                  00017ba8    00000104     rf_multiMode_cc13x2.a : RFCC26X2_multiMode.c.cc13x2.ccs.o (.text:RF_hwiCpe0Active)
                  00017cac    00000100     nvocmp.obj (.text:NVOCMP_findItem$4)
                  00017dac    00000100     bb_uart.obj (.text:bb_uartThread)
                  00017eac    000000fc     libZStack_nwk_zr_ccs.a : assoc_list.obj (.text:AssocRestoreFromNV)
                  00017fa8    000000fc     rf_multiMode_cc13x2.a : RFCC26X2_multiMode.c.cc13x2.ccs.o (.text:RF_decodeOverridePointers)
                  000180a4    000000fc     zd_app.obj (.text:ZDO_beaconNotifyIndCB)
                  000181a0    000000f8     cui.obj (.text:CUI_statusLineResourceRequest)
                  00018298    000000f8     drivers_cc13x2.a : NVSSPI25X.oem4f (.text:NVSSPI25X_open)
                  00018390    000000f4     libZStack_nwk_zr_ccs.a : assoc_list.obj (.text:AssocAddNew)
                  00018484    000000f4     drivers_cc13x2.a : SPICC26X2DMA.oem4f (.text:SPICC26X2DMA_control)
                  00018578    000000f4     zcl_sampleapps_ui.obj (.text:UI_UpdateDeviceInfoLine)
                  0001866c    000000f4     zcl_sampleapps_ui.obj (.text:uiActionProcessApplyInstallCode$10)
                  00018760    000000f0     nwk_globals.obj (.text:NIB_init)
                  00018850    000000f0     rf_multiMode_cc13x2.a : RFCC26X2_multiMode.c.cc13x2.ccs.o (.text:RF_fsmPowerUpState)
                  00018940    000000f0     zd_app.obj (.text:ZDO_NetworkFormationConfirmCB)
                  00018a30    000000ec     libZStack_nwk_zr_ccs.a : nwk_util.obj (.text:NLME_InitNV)
                  00018b1c    000000ec     zd_sec_mgr.obj (.text:ZDSecMgrUpdateDeviceInd)
                  00018c08    000000ec     rom_sysbios.aem4f : rom_sysbios.obj (.text:pthread_create)
                  00018cf4    000000e8     libZStack_nwk_zr_ccs.a : aps_mede_cb.obj (.text:APSME_VerifyKeyInd)
                  00018ddc    000000e8     drivers_cc13x2.a : Button.oem4f (.text:Button_open)
                  00018ec4    000000e8     cui.obj (.text:CUI_writeString$9)
                  00018fac    000000e8     libZStack_nwk_zr_ccs.a : rtg.obj (.text:RTG_SendRrep$94)
                  00019094    000000e8     zd_sec_mgr.obj (.text:ZDSecMgrAppKeyReq)
                  0001917c    000000e4     libZStack_nwk_zr_ccs.a : nwk_util.obj (.text:NLME_ProcessAddressConflictLocal)
                  00019260    000000e4     zcl_green_power.obj (.text:zclGp_ProcessInBasicProxy$25)
                  00019344    000000e0     libZStack_nwk_zr_ccs.a : nwk_util.obj (.text:NLME_ProcessNetworkStatus)
                  00019424    000000e0     drivers_cc13x2.a : UARTCC26XX.oem4f (.text:UARTCC26XX_write)
                  00019504    000000e0     zd_sec_mgr.obj (.text:ZDSecMgrDeviceJoin)
                  000195e4    000000de     zd_object.obj (.text:ZDO_ProcessParentAnnce)
                  000196c2    00000002     maclib_nosecure_cc13x2_2_4g.a : mac_radio.obj (.text:macRadioSetRE)
                  000196c4    000000dc     zd_sec_mgr.obj (.text:APSME_TCLinkKeySync)
                  000197a0    000000dc     libZStack_nwk_zr_ccs.a : aps.obj (.text:APS_GetBind$81)
                  0001987c    000000dc     maclib_nosecure_cc13x2_2_4g.a : mac_hl_patch.obj (.text:macBuildHeaderIes)
                  00019958    000000dc     libZStack_nwk_zr_ccs.a : nwk_util.obj (.text:nwkNeighborFindRandom)
                  00019a34    000000dc     zcl.obj (.text:zclSerializeData)
                  00019b10    000000d8     driverlib.lib : aes.obj (.text:NOROM_AESWriteToKeyStore)
                  00019be8    000000d8     rf_multiMode_cc13x2.a : RFCC26X2_multiMode.c.cc13x2.ccs.o (.text:RF_control)
                  00019cc0    000000d8                           : RFCC26X2_multiMode.c.cc13x2.ccs.o (.text:RF_pendCmd)
                  00019d98    000000d8     driverlib.lib : setup.obj (.text:TrimAfterColdResetWakeupFromShutDown$103)
                  00019e70    000000d8     zd_app.obj (.text:ZDApp_LeaveUpdate)
                  00019f48    000000d8     bdb_reporting.obj (.text:bdb_RepChangedAttrValue)
                  0001a020    000000d8     maclib_nosecure_cc13x2_2_4g.a : mac_hl_patch.obj (.text:macEdScanISR)
                  0001a0f8    000000d8                                   : mac_tx.obj (.text:txCsmaPrep$77)
                  0001a1d0    000000d4                                   : mac_hl_patch.obj (.text:MAC_MlmeScanReq)
                  0001a2a4    000000d4     zcl_sampleapps_ui.obj (.text:UI_InitCUI$10)
                  0001a378    000000d4     zd_object.obj (.text:ZDO_ProcessNodeDescReq)
                  0001a44c    000000d4     zd_sec_mgr.obj (.text:ZDSecMgrNwkKeyInit)
                  0001a520    000000d4     zstacktask.obj (.text:gpDataIndMsgSend$39)
                  0001a5f4    000000d2     rf_multiMode_cc13x2.a : RFCC26X2_multiMode.c.cc13x2.ccs.o (.text:RF_updatePaConfiguration)
                  0001a6c6    00000002     nwk_globals.obj (.text:nwk_InitializeDefaultPollRates)
                  0001a6c8    000000d0     libZStack_nwk_zr_ccs.a : rtg.obj (.text:RTG_RouteMaintanence)
                  0001a798    000000d0     osal_port_timers.obj (.text:createTimerEntry$52)
                  0001a868    000000d0     maclib_nosecure_cc13x2_2_4g.a : mac_low_level.obj (.text:macLowLevelBufferInit)
                  0001a938    000000cc     zd_sec_mgr.obj (.text:APSME_TCLinkKeyInit)
                  0001aa04    000000cc     libZStack_nwk_zr_ccs.a : aps.obj (.text:APS_ReReflect$81)
                  0001aad0    000000cc     cui.obj (.text:CUI_assert)
                  0001ab9c    000000cc     rf_multiMode_cc13x2.a : RFCC26X2_multiMode.c.cc13x2.ccs.o (.text:RF_swiHw)
                  0001ac68    000000cc     zcl_sampleapps_ui.obj (.text:UI_UpdateBindInfoLine)
                  0001ad34    000000cc     af.obj (.text:afRegister)
                  0001ae00    000000cc     gp_proxy_table.obj (.text:gp_CheckAnnouncedDevice)
                  0001aecc    000000ca     zstacktask.obj (.text:sendNodeDescRspInd$39)
                  0001af96    00000002     libZStack_nwk_zr_ccs.a : nwk.obj (.text:nwk_orphan_ind_processing$90)
                  0001af98    000000c8                            : aps_mede.obj (.text:APSME_AddTCLinkKey)
                  0001b060    000000c8                            : nwk_util.obj (.text:NwkNotMyChildSendLeave)
                  0001b128    000000c8     dpl_cc13x2.a : PowerCC26X2_tirtos.oem4f (.text:PowerCC26XX_standbyPolicy)
                  0001b1f0    000000c4     libZStack_nwk_zr_ccs.a : aps.obj (.text:APS_UnBind$81)
                  0001b2b4    000000c4     drivers_cc13x2.a : GPIOCC26XX.oem4f (.text:GPIO_init)
                  0001b378    000000c4     maclib_nosecure_cc13x2_2_4g.a : mac_autopend.obj (.text:MAC_SrcMatchAddEntry)
                  0001b43c    000000c4                                   : mac_hl_patch.obj (.text:macApiStartReq)
                  0001b500    000000c4                                   : mac_timer.obj (.text:macSymbolTimerTriggerCallback)
                  0001b5c4    000000c4     zcl_port.obj (.text:zcl_AF_DataRequest)
                  0001b688    000000c2     zcl.obj (.text:zclParseInReadRspCmd$23)
                  0001b74a    00000002     rtsv7M4_T_le_v4SPD16_eabi.lib : div0.asm.obj (.text)
                  0001b74c    000000c0     maclib_nosecure_cc13x2_2_4g.a : mac_pwr.obj (.text:MAC_PwrOffReq)
                  0001b80c    000000c0     nvocmp.obj (.text:NVOCMP_erase$4)
                  0001b8cc    000000c0     drivers_cc13x2.a : PowerCC26X2.oem4f (.text:Power_releaseDependency)
                  0001b98c    000000c0                      : TRNGCC26XX.oem4f (.text:TRNG_getRandom)
                  0001ba4c    000000c0                      : UARTCC26XX.oem4f (.text:UARTCC26XX_initIO)
                  0001bb0c    000000c0     maclib_nosecure_cc13x2_2_4g.a : mac_rx.obj (.text:rxPostRxUpdates$73)
                  0001bbcc    000000bc     libZStack_nwk_zr_ccs.a : nwk_util.obj (.text:NLDE_SendMsg)
                  0001bc88    000000bc                            : nl_mede.obj (.text:NLME_NetworkFormationRequest)
                  0001bd44    000000bc     rf_multiMode_cc13x2.a : RFCC26X2_multiMode.c.cc13x2.ccs.o (.text:RF_initRadioSetup)
                  0001be00    000000bc     zmac.obj (.text:ZMacStartReq)
                  0001bebc    000000bc     maclib_nosecure_cc13x2_2_4g.a : mac.obj (.text:macGetRFCmdDuration)
                  0001bf78    000000b8     drivers_cc13x2.a : PowerCC26X2.oem4f (.text:Power_setDependency)
                  0001c030    000000b8                      : UARTCC26XX.oem4f (.text:UARTCC26XX_initHw)
                  0001c0e8    000000b8     bdb.obj (.text:bdb_TCAddJoiningDevice)
                  0001c1a0    000000b8     drivers_cc13x2.a : NVSSPI25X.oem4f (.text:doErase)
                  0001c258    000000b8     maclib_nosecure_cc13x2_2_4g.a : mac_hl_patch.obj (.text:macMgmtReset)
                  0001c310    000000b8     libZStack_nwk_zr_ccs.a : nwk.obj (.text:nwk_associate_cnf_processing$90)
                  0001c3c8    000000b4     bdb_reporting.obj (.text:bdb_RepUpdateMarkBindings)
                  0001c47c    000000b4     zcl_sampleapps_ui.obj (.text:uiActionProcessConfigureChannels$10)
                  0001c530    000000b0     libZStack_nwk_zr_ccs.a : aps_mede_cb.obj (.text:APSDE_DataIndication)
                  0001c5e0    000000b0                            : nl_mede.obj (.text:NLME_GetRequest)
                  0001c690    000000b0     zcl_sampleapps_ui.obj (.text:UI_UpdateGpStatusLine)
                  0001c740    000000b0     zd_app.obj (.text:ZDApp_LeaveReset)
                  0001c7f0    000000b0     zd_profile.obj (.text:ZDP_ParentAnnce)
                  0001c8a0    000000b0     maclib_nosecure_cc13x2_2_4g.a : mac_hl_patch.obj (.text:macDataTxComplete)
                  0001c950    000000b0                                   : mac_radio.obj (.text:macRadioUpdateTxPower)
                  0001ca00    000000b0     zcl.obj (.text:zclParseInReportCmd)
                  0001cab0    000000b0     zcl.obj (.text:zclParseInWriteCmd)
                  0001cb60    000000ae     zstacktask.obj (.text:processSecApsLinkKeyGetReq$39)
                  0001cc0e    00000002     app_pem4f.oem4f (.text:ti_sysbios_BIOS_nullFunc__I)
                  0001cc10    000000ac     nvocmp.obj (.text:NVOCMP_readContItemApi$4)
                  0001ccbc    000000ac     drivers_cc13x2.a : PINCC26XX.oem4f (.text:PIN_open)
                  0001cd68    000000ac     maclib_nosecure_cc13x2_2_4g.a : mac_hl_patch.obj (.text:macApiBeaconStartReq)
                  0001ce14    000000ac                                   : mac_hl_patch.obj (.text:macScanRxCoordRealign)
                  0001cec0    000000a8     driverlib.lib : setup.obj (.text:NOROM_SetupTrimDevice)
                  0001cf68    000000a8     nvocmp.obj (.text:NVOCMP_initNvApi$4)
                  0001d010    000000a8     maclib_nosecure_cc13x2_2_4g.a : mac_hl_patch.obj (.text:macBeaconCheckTxTime)
                  0001d0b8    000000a8                                   : mac_hl_patch.obj (.text:macTrackTimeoutCallback)
                  0001d160    000000a4     libZStack_nwk_zr_ccs.a : aps_frag.obj (.text:APSF_ProcessAck)
                  0001d204    000000a4                            : aps_mede.obj (.text:APSME_CmdPktCM_CD$84)
                  0001d2a8    000000a4     rf_multiMode_cc13x2.a : RFCC26X2_multiMode.c.cc13x2.ccs.o (.text:RF_ratRestartChannels)
                  0001d34c    000000a4     af.obj (.text:afBuildMSGIncoming$40)
                  0001d3f0    000000a4     maclib_nosecure_cc13x2_2_4g.a : mac.obj (.text:macSetupReceiveCmd)
                  0001d494    000000a4     libZStack_nwk_zr_ccs.a : nwk_util.obj (.text:nwk_SetCurrentPollRateType)
                  0001d538    000000a4     zstacktask.obj (.text:processZdoBindReq$39)
                  0001d5dc    000000a4     zcl_samplethermostat.obj (.text:zclSampleThermostat_processAfIncomingMsgInd$14)
                  0001d680    000000a2     libZStack_nwk_zr_ccs.a : rtg.obj (.text:RTG_SendRrec$94)
                  0001d722    00000002     rom_sysbios.aem4f : rom_sysbios.obj (.text:ti_sysbios_heaps_HeapCallback_defaultDelete)
                  0001d724    000000a0     rf_multiMode_cc13x2.a : RFCC26X2_multiMode.c.cc13x2.ccs.o (.text:RF_requestAccess)
                  0001d7c4    000000a0     libZStack_nwk_zr_ccs.a : ssp.obj (.text:SSP_SwitchNwkKey)
                  0001d864    000000a0     zcl_sampleapps_ui.obj (.text:UI_UpdateNwkStatusLine)
                  0001d904    000000a0     zmac.obj (.text:ZMacDataReqSec)
                  0001d9a4    000000a0     auto_init.aem4f : auto_init.oem4f (.text)
                  0001da44    000000a0     maclib_nosecure_cc13x2_2_4g.a : mac_radio.obj (.text:scheduleNopWakeupCmd)
                  0001dae4    000000a0     rom_sysbios.aem4f : rom_sysbios.obj (.text:ti_sysbios_knl_Task_setPri__E)
                  0001db84    0000009c     libZStack_nwk_zr_ccs.a : aps_mede.obj (.text:APSME_RemoveDeviceReq)
                  0001dc20    0000009c                            : nl_mede.obj (.text:NLME_LeaveReq)
                  0001dcbc    0000009c     nvocmp.obj (.text:NVOCMP_readHeader$4)
                  0001dd58    0000009c     drivers_cc13x2.a : TRNGCC26XX.oem4f (.text:TRNG_construct)
                  0001ddf4    0000009c     zd_sec_mgr.obj (.text:ZDSecMgrDeviceRemove)
                  0001de90    0000009c     maclib_nosecure_cc13x2_2_4g.a : mac_radio.obj (.text:macRadioUpdateChannel)
                  0001df2c    0000009c                                   : mac_radio.obj (.text:macRadioUpdateChannelRx)
                  0001dfc8    0000009c                                   : mac_tx.obj (.text:macTxDoneCallback)
                  0001e064    0000009c     rtsv7M4_T_le_v4SPD16_eabi.lib : memcpy_t2.asm.obj (.text)
                  0001e100    0000009c     zcl_green_power.obj (.text:zclGp_SendGpProxyTableResponse)
                  0001e19c    0000009c     zcl_port.obj (.text:zcl_HandleExternal)
                  0001e238    0000009a     libZStack_nwk_zr_ccs.a : rtg.obj (.text:RTG_RtgRecordInitiation)
                  0001e2d2    0000009a     zstacktask.obj (.text:sendSimpleDescRspInd$39)
                  0001e36c    00000098     gp_common.obj (.text:GP_RecoveryKey$17)
                  0001e404    00000098     nvocmp.obj (.text:NVOCMP_updateItemApi$4)
                  0001e49c    00000098     rf_multiMode_cc13x2.a : RFCC26X2_multiMode.c.cc13x2.ccs.o (.text:RF_calculateDispatchTime)
                  0001e534    00000098     drivers_cc13x2.a : TRNGCC26XX.oem4f (.text:TRNGCC26XX_hwiFxn)
                  0001e5cc    00000098     bdb_reporting.obj (.text:bdb_RepFindAttrEntry$43)
                  0001e664    00000098     maclib_nosecure_cc13x2_2_4g.a : mac_hl_patch.obj (.text:macAutoPendAddSrcMatchTableEntry)
                  0001e6fc    00000098     zstackstartup.obj (.text:stackTask_init)
                  0001e794    00000098     drivers_cc13x2.a : UARTCC26XX.oem4f (.text:writeTxFifoFlush)
                  0001e82c    00000096     rtsv7M4_T_le_v4SPD16_eabi.lib : ull_div_t2.asm.obj (.text)
                  0001e8c2    00000002     rom_sysbios.aem4f : rom_sysbios.obj (.text:xdc_runtime_SysCallback_defaultAbort)
                  0001e8c4    00000094     libZStack_nwk_zr_ccs.a : aps_mede.obj (.text:APSME_FrameTunnel$84)
                  0001e958    00000094     zd_profile.obj (.text:ZDP_MgmtNwkUpdateNotify)
                  0001e9ec    00000094     zd_sec_mgr.obj (.text:ZDSecMgrDeviceJoinDirect)
                  0001ea80    00000094     maclib_nosecure_cc13x2_2_4g.a : mac.obj (.text:macRatCb_A)
                  0001eb14    00000094     zcl_port.obj (.text:zclport_registerEndpoint)
                  0001eba8    00000092     drivers_cc13x2.a : UARTCC26XX.oem4f (.text:UARTCC26XX_writeCancel)
                  0001ec3a    00000092     zd_object.obj (.text:ZDO_ParseSimpleDescBuf)
                  0001eccc    00000092     libZStack_nwk_zr_ccs.a : aps_util.obj (.text:apsGenerateAck)
                  0001ed5e    00000002     rom_sysbios.aem4f : rom_sysbios.obj (.text:xdc_runtime_SysCallback_defaultExit)
                  0001ed60    00000090     zd_sec_mgr.obj (.text:APSME_LinkKeySet)
                  0001edf0    00000090     maclib_nosecure_cc13x2_2_4g.a : mac_hl_patch.obj (.text:MAC_ResumeReq)
                  0001ee80    00000090     libZStack_nwk_zr_ccs.a : nwk_util.obj (.text:NLME_LeaveCmdSend)
                  0001ef10    00000090     rf_multiMode_cc13x2.a : RFCC26X2_multiMode.c.cc13x2.ccs.o (.text:RF_discardPendCmd)
                  0001efa0    00000090                           : RFCC26X2_multiMode.c.cc13x2.ccs.o (.text:RF_getInfo)
                  0001f030    00000090     bdb_finding_and_binding.obj (.text:bdb_ProcessIEEEAddrRsp)
                  0001f0c0    00000090     maclib_nosecure_cc13x2_2_4g.a : mac_hl_patch.obj (.text:macCcmDecrypt)
                  0001f150    00000090     gp_proxy.obj (.text:zclGp_GpPairingCommandCB)
                  0001f1e0    0000008c     libZStack_nwk_zr_ccs.a : aps_mede.obj (.text:APSME_ConfirmKeyReq)
                  0001f26c    0000008c                            : nwk_util.obj (.text:NLME_RejoinRspSend)
                  0001f2f8    0000008c     osal_port.obj (.text:OsalPort_heapMalloc$51)
                  0001f384    0000008c     osal_port.obj (.text:OsalPort_setTimer)
                  0001f410    0000008c     maclib_nosecure_cc13x2_2_4g.a : mac_hl_patch.obj (.text:macCcmEncrypt)
                  0001f49c    0000008c                                   : mac_radio_tx.obj (.text:macRadioTxPrepCsmaSlottedIeee)
                  0001f528    0000008c                                   : mac_autopend.obj (.text:macSrcMatchCheckSrcAddr$69)
                  0001f5b4    0000008c     rom_sysbios.aem4f : rom_sysbios.obj (.text:ti_sysbios_gates_GateMutexPri_enter__E)
                  0001f640    0000008c     zcl.obj (.text:zcl_SendWriteRsp)
                  0001f6cc    0000008a     zcl.obj (.text:zclGetDataTypeLength)
                  0001f756    00000002     rom_sysbios.aem4f : rom_sysbios.obj (.text:xdc_runtime_SysCallback_defaultFlush)
                  0001f758    00000088     libZStack_nwk_zr_ccs.a : assoc_list.obj (.text:AssocChildAging)
                  0001f7e0    00000088     driverlib.lib : osc.obj (.text:NOROM_OSCHF_AttemptToSwitchToXosc)
                  0001f868    00000088     nvocmp.obj (.text:NVOCMP_deleteItemApi$4)
                  0001f8f0    00000088     rf_multiMode_cc13x2.a : RFCC26X2_multiMode.c.cc13x2.ccs.o (.text:RF_cmdDispatchTime)
                  0001f978    00000088                           : RFCC26X2_multiMode.c.cc13x2.ccs.o (.text:RF_getTxPower)
                  0001fa00    00000088     zd_sec_mgr.obj (.text:ZDSecMgrNewDeviceEvent)
                  0001fa88    00000088     zd_sec_mgr.obj (.text:ZDSecMgrTclkReq)
                  0001fb10    00000088     rom_sysbios.aem4f : rom_sysbios.obj (.text:_pthread_removeThreadKeys)
                  0001fb98    00000088     drivers_cc13x2.a : PowerCC26X2_calibrateRCOSC.oem4f (.text:calibrateRcoscHf2)
                  0001fc20    00000088                      : PowerCC26X2.oem4f (.text:disableLFClockQualifiers)
                  0001fca8    00000088     maclib_nosecure_cc13x2_2_4g.a : mac_mcu.obj (.text:macMcuOverflowSetPeriod)
                  0001fd30    00000088                                   : mac_symbol_timer.obj (.text:macSymbolTimerInit)
                  0001fdb8    00000088     drivers_cc13x2.a : PowerCC26X2_calibrateRCOSC.oem4f (.text:updateSubSecInc)
                  0001fe40    00000086     rtsv7M4_T_le_v4SPD16_eabi.lib : fd_cmp_t2.asm.obj (.text:__aeabi_cdrcmple)
                  0001fec6    00000086     libZStack_nwk_zr_ccs.a : nwk_util.obj (.text:nwkListStatusAddToSortedList)
                  0001ff4c    00000084     maclib_nosecure_cc13x2_2_4g.a : mac_autopend.obj (.text:MAC_SrcMatchEnable)
                  0001ffd0    00000084     libZStack_nwk_zr_ccs.a : nwk_util.obj (.text:NLME_SetAssocFlags)
                  00020054    00000084     nvocmp.obj (.text:NVOCMP_createItemApi$4)
                  000200d8    00000084     drivers_cc13x2.a : NVSSPI25X.oem4f (.text:NVSSPI25X_close)
                  0002015c    00000084     rf_multiMode_cc13x2.a : RFCC26X2_multiMode.c.cc13x2.ccs.o (.text:RF_issueRadioFreeCb)
                  000201e0    00000084                           : RFCC26X2_multiMode.c.cc13x2.ccs.o (.text:RF_verifyGap)
                  00020264    00000084     drivers_cc13x2.a : UARTCC26XX.oem4f (.text:UARTCC26XX_close)
                  000202e8    00000084     zd_app.obj (.text:ZDApp_SaveNwkKey)
                  0002036c    00000084     zd_object.obj (.text:ZDO_ProcessPowerDescReq)
                  000203f0    00000084     zd_profile.obj (.text:ZDP_BindUnbindReq)
                  00020474    00000084     bdb_finding_and_binding.obj (.text:bdb_ProcessSimpleDesc)
                  000204f8    00000084     bdb_finding_and_binding.obj (.text:bdb_zclFindingBindingAddBindEntry$42)
                  0002057c    00000084     maclib_nosecure_cc13x2_2_4g.a : mac_radio.obj (.text:macRadioStartScan)
                  00020600    00000084                                   : mac_timer.obj (.text:macTimerUpdateSymbolTimer)
                  00020684    00000084     libZStack_nwk_zr_ccs.a : nwk.obj (.text:nwk_ScanPANChanSelect)
                  00020708    00000082     zd_nwk_mgr.obj (.text:ZDNwkMgr_BuildAndSendUpdateNotify$57)
                  0002078a    00000002     rom_sysbios.aem4f : rom_sysbios.obj (.text:xdc_runtime_SysCallback_defaultPutch)
                  0002078c    00000080     driverlib.lib : chipinfo.obj (.text:NOROM_ChipInfo_GetChipType)
                  0002080c    00000080     drivers_cc13x2.a : NVSCC26XX.oem4f (.text:NVSCC26XX_open)
                  0002088c    00000080     osal_port.obj (.text:OsalPort_msgFindDequeue)
                  0002090c    00000080     bdb_reporting.obj (.text:bdb_repAttrCfgRecordsArrayAdd$43)
                  0002098c    00000080     maclib_nosecure_cc13x2_2_4g.a : mac_mcu.obj (.text:macMcuOverflowSetCompare)
                  00020a0c    00000080                                   : mac_radio.obj (.text:macRadioWakeupCb)
                  00020a8c    00000080     libZStack_nwk_zr_ccs.a : nwk_bufs.obj (.text:nwk_MacDataBuffersDealloc)
                  00020b0c    00000080     zstackstartup.obj (.text:stackTaskFxn$7)
                  00020b8c    00000080     rom_sysbios.aem4f : rom_sysbios.obj (.text:ti_sysbios_family_arm_cc26xx_Timer_start__E)
                  00020c0c    00000080     zcl_sampleapps_ui.obj (.text:uiActionProcessConfigurePriChannels$10)
                  00020c8c    00000080     zcl_sampleapps_ui.obj (.text:uiActionProcessConfigureSecChannels$10)
                  00020d0c    00000080     zcl.obj (.text:zclFindNextCmdRec$23)
                  00020d8c    0000007c     nvocmp.obj (.text:NVOCMP_readItemApi$4)
                  00020e08    0000007c     rf_multiMode_cc13x2.a : RFCC26X2_multiMode.c.cc13x2.ccs.o (.text:RF_ratFreeChannel)
                  00020e84    0000007c     zcl_sampleapps_ui.obj (.text:UI_UpdateBdbStatusLine)
                  00020f00    0000007c     zd_app.obj (.text:ZDO_JoinIndicationCB)
                  00020f7c    0000007c     drivers_cc13x2.a : NVSSPI25X.oem4f (.text:doRead)
                  00020ff8    0000007c     zstacktask.obj (.text:processSecNwkKeyUpdateReq$39)
                  00021074    0000007a     zd_sec_mgr.obj (.text:ZDSecMgrSendNwkKey)
                  000210ee    0000007a     rtsv7M4_T_le_v4SPD16_eabi.lib : memset_t2.asm.obj (.text)
                  00021168    00000078     libZStack_nwk_zr_ccs.a : addr_mgr.obj (.text:AddrMgrEntryLookupNwk)
                  000211e0    00000078     nvocmp.obj (.text:NVOCMP_checkItem$4)
                  00021258    00000078     libZStack_nwk_zr_ccs.a : nwk_util.obj (.text:NwkNotMyChildListAdd)
                  000212d0    00000078     zd_app.obj (.text:ZDApp_RestoreNwkSecMaterial)
                  00021348    00000078     zd_object.obj (.text:ZDO_ProcessMgmtLeaveReq)
                  000213c0    00000078     zd_sec_mgr.obj (.text:ZDSecMgrClearNVKeyValues)
                  00021438    00000078     zmac.obj (.text:ZMacScanReq)
                  000214b0    00000078     drivers_cc13x2.a : NVSSPI25X.oem4f (.text:doWriteVerify)
                  00021528    00000078     maclib_nosecure_cc13x2_2_4g.a : mac_timer.obj (.text:macTimerSetRollover)
                  000215a0    00000078                                   : mac_hl_patch.obj (.text:macTrackStartCallback)
                  00021618    00000078     libZStack_nwk_zr_ccs.a : nwk_bufs.obj (.text:nwkbufs_hold)
                  00021690    00000078     zstacktask.obj (.text:processGpSecRsp$39)
                  00021708    00000076     libZStack_nwk_zr_ccs.a : nwk_util.obj (.text:NLME_SendNetworkStatus)
                  0002177e    00000076     gp_common.obj (.text:gp_PopulateField)
                  000217f4    00000076     zstacktask.obj (.text:sendBeaconNotifyInd$39)
                  0002186a    00000076     rom_sysbios.aem4f : rom_sysbios.obj (.text:ti_sysbios_heaps_HeapMem_allocUnprotected__E)
                  000218e0    00000074     libZStack_nwk_zr_ccs.a : aps_mede.obj (.text:APSME_UpdateDeviceReq)
                  00021954    00000074                            : nwk_util.obj (.text:NLDE_DataIndSend)
                  000219c8    00000074     nvocmp.obj (.text:NVOCMP_writeItemApi$4)
                  00021a3c    00000074     drivers_cc13x2.a : PowerCC26X2_calibrateRCOSC.oem4f (.text:PowerCC26X2_auxISR)
                  00021ab0    00000074     rf_multiMode_cc13x2.a : RFCC26X2_multiMode.c.cc13x2.ccs.o (.text:RF_ratDisableChannel)
                  00021b24    00000074                           : RFCC26X2_multiMode.c.cc13x2.ccs.o (.text:RF_yield)
                  00021b98    00000074     libZStack_nwk_zr_ccs.a : rtg.obj (.text:RTG_GetRtgEntry)
                  00021c0c    00000074                            : rtg.obj (.text:RTG_ProcessRtDiscBits)
                  00021c80    00000074                            : rtg.obj (.text:RTG_UpdateRtDiscEntry$94)
                  00021cf4    00000074     zd_object.obj (.text:ZDO_ProcessActiveEPReq)
                  00021d68    00000074     zd_sec_mgr.obj (.text:ZDSecMgrUpdateNwkKey)
                  00021ddc    00000074     libZStack_nwk_zr_ccs.a : aps_groups.obj (.text:aps_AddGroup)
                  00021e50    00000074     gp_common.obj (.text:gp_aliasDerivation)
                  00021ec4    00000074     maclib_nosecure_cc13x2_2_4g.a : mac_hl_patch.obj (.text:macAutoPoll)
                  00021f38    00000074     rom_sysbios.aem4f : rom_sysbios.obj (.text:ti_sysbios_gates_GateMutexPri_leave__E)
                  00021fac    00000074     zd_object.obj (.text:zdoSendStateChangeMsg$58)
                  00022020    00000072     libZStack_nwk_zr_ccs.a : aps_mede.obj (.text:APSME_SearchTCLinkKeyEntry)
                  00022092    00000072     rf_multiMode_cc13x2.a : RFCC26X2_multiMode.c.cc13x2.ccs.o (.text:RF_detachOverrides)
                  00022104    00000072     zd_object.obj (.text:ZDO_CopyMatchInfo$58)
                  00022176    00000072     drivers_cc13x2.a : SPICC26X2DMA.oem4f (.text:csnCallback)
                  000221e8    00000072     zstacktask.obj (.text:processZdoUnbindReq$39)
                  0002225a    00000002     zcl_samplethermostat.obj (.text:zclSampleThermostat_RemoveAppNvmData$14)
                  0002225c    00000070     drivers_cc13x2.a : AESCCMCC26XX.oem4f (.text:AESCCM_cleanup)
                  000222cc    00000070     libZStack_nwk_zr_ccs.a : aps_mede.obj (.text:APSME_FrameSecApplyCM$84)
                  0002233c    00000070                            : assoc_list.obj (.text:AssocGetWithAddress)
                  000223ac    00000070     rf_multiMode_cc13x2.a : rfc.c.cc13x2.ccs.o (.text:NOROM_RFCAnaDivTxOverride)
                  0002241c    00000070     nvocmp.obj (.text:NVOCMP_eraseNvApi$4)
                  0002248c    00000070     libZStack_nwk_zr_ccs.a : nwk_util.obj (.text:NwkNotMyChildListAging)
                  000224fc    00000070     drivers_cc13x2.a : PINCC26XX.oem4f (.text:PIN_add)
                  0002256c    00000070     rf_multiMode_cc13x2.a : RFCC26X2_multiMode.c.cc13x2.ccs.o (.text:RF_getCurrentTime)
                  000225dc    00000070     drivers_cc13x2.a : Random.oem4f (.text:Random_seedAutomatic)
                  0002264c    00000070     bdb.obj (.text:bdb_GenerateInstallCodeCRC)
                  000226bc    00000070     gp_proxy.obj (.text:gp_ProxyTblInit)
                  0002272c    00000070     gp_proxy.obj (.text:gp_getProxyTableByGpId)
                  0002279c    00000070     maclib_nosecure_cc13x2_2_4g.a : mac_tx.obj (.text:txComplete)
                  0002280c    00000070     zcl_samplethermostat.obj (.text:zclSampleThermostat_ProcessIncomingMsg$14)
                  0002287c    0000006e     rf_multiMode_cc13x2.a : RFCC26X2_multiMode.c.cc13x2.ccs.o (.text:RF_attachOverrides)
                  000228ea    0000006e                           : RFCC26X2_multiMode.c.cc13x2.ccs.o (.text:RF_howToSchedule)
                  00022958    0000006e     rtsv7M4_T_le_v4SPD16_eabi.lib : ll_div_t2.asm.obj (.text)
                  000229c6    00000002     --HOLE-- [fill = 0]
                  000229c8    0000006d     rom_sysbios.aem4f : rom_sysbios.obj (.text:xdc_runtime_System_formatNum__I)
                  00022a35    00000003     --HOLE-- [fill = 0]
                  00022a38    0000006c     libZStack_nwk_zr_ccs.a : aps_mede.obj (.text:APSME_LinkKeySync$84)
                  00022aa4    0000006c                            : aps_mede.obj (.text:APSME_LookupExtAddr)
                  00022b10    0000006c     nvocmp.obj (.text:NVOCMP_getDstPage$4)
                  00022b7c    0000006c     rf_multiMode_cc13x2.a : RFCC26X2_multiMode.c.cc13x2.ccs.o (.text:RF_dispatchNextEvent)
                  00022be8    0000006c     zd_object.obj (.text:ZDO_ParseAddrRsp)
                  00022c54    0000006c     zd_sec_mgr.obj (.text:ZDSecMgrWriteNV$60)
                  00022cc0    0000006c     maclib_nosecure_cc13x2_2_4g.a : mac_timer.obj (.text:macTimerRealign)
                  00022d2c    0000006c                                   : mac_hl_patch.obj (.text:macTrackPeriodCallback)
                  00022d98    0000006c     gp_proxy_table.obj (.text:pt_addProxyGroup$19)
                  00022e04    0000006c     zcl_sampleapps_ui.obj (.text:uiActionProcessConfigureBdbModes$10)
                  00022e70    0000006c     zcl_samplethermostat.obj (.text:zclSampleThermostat_UiActionSetCoolPoint)
                  00022edc    0000006c     zcl_samplethermostat.obj (.text:zclSampleThermostat_UiActionSetHeatPoint)
                  00022f48    0000006a     libZStack_nwk_zr_ccs.a : aps_mede.obj (.text:APSME_SwitchKeyReq)
                  00022fb2    0000006a                            : rtg.obj (.text:RTG_CheckRtStatus)
                  0002301c    00000068                            : addr_mgr.obj (.text:AddrMgrEntryLookupExt)
                  00023084    00000068     driverlib.lib : osc.obj (.text:NOROM_OSCHF_SwitchToRcOscTurnOffXosc)
                  000230ec    00000068     libZStack_nwk_zr_ccs.a : nwk_util.obj (.text:NwkFreqAgilityIncErrorCnt$92)
                  00023154    00000068     osal_port.obj (.text:OsalPort_registerTask)
                  000231bc    00000068     rf_multiMode_cc13x2.a : RFCC26X2_multiMode.c.cc13x2.ccs.o (.text:RF_hwiHw)
                  00023224    00000068     zd_profile.obj (.text:ZDP_EPRsp)
                  0002328c    00000068     binding_table.obj (.text:bindRemoveDev)
                  000232f4    00000068     rtsv7M4_T_le_v4SPD16_eabi.lib : copy_decompress_lzss.c.obj (.text:decompress:lzss:__TI_decompress_lzss)
                  0002335c    00000068     zd_profile.obj (.text:fillAndSend$59)
                  000233c4    00000068     maclib_nosecure_cc13x2_2_4g.a : mac_radio_tx.obj (.text:macRadioTxPrepCsmaUnslottedIeee)
                  0002342c    00000068                                   : mac_rx.obj (.text:macRxHaltCleanup)
                  00023494    00000068                                   : mac_rx_onoff.obj (.text:macRxOn)
                  000234fc    00000068     libZStack_nwk_zr_ccs.a : nwk.obj (.text:nwk_start_cnf_processing$90)
                  00023564    00000068     zstackapi.obj (.text:sendReqRsp$8)
                  000235cc    00000066     zstacktask.obj (.text:processSecApsLinkKeyRemoveReq$39)
                  00023632    00000002     --HOLE-- [fill = 0]
                  00023634    00000064     drivers_cc13x2.a : AESCCMCC26XX.oem4f (.text:AESCCM_waitForResult)
                  00023698    00000064                      : AESECBCC26XX.oem4f (.text:AESECB_waitForResult)
                  000236fc    00000064     libZStack_nwk_zr_ccs.a : aps_mede.obj (.text:APSME_CmdPkt)
                  00023760    00000064     drivers_cc13x2.a : Button.oem4f (.text:Button_gpioCallbackFxn)
                  000237c4    00000064     nvocmp.obj (.text:NVOCMP_findSignature$4)
                  00023828    00000064     osal_port.obj (.text:OsalPort_clearEvent)
                  0002388c    00000064     osal_port.obj (.text:OsalPort_pwrmgrTaskState)
                  000238f0    00000064     libZStack_nwk_zr_ccs.a : rtg.obj (.text:RTG_SendRErr)
                  00023954    00000064     drivers_cc13x2.a : UARTCC26XX.oem4f (.text:UARTCC26XX_control)
                  000239b8    00000064     zd_app.obj (.text:ZDApp_StoreNwkSecMaterial)
                  00023a1c    00000064     zstackapi.obj (.text:Zstackapi_sysNwkInfoReadReq)
                  00023a80    00000064     maclib_nosecure_cc13x2_2_4g.a : mac.obj (.text:macRequestBackoff)
                  00023ae4    00000064                                   : mac_timer.obj (.text:macSymbolTimerRolloverCallback)
                  00023b48    00000064                                   : mac_timer.obj (.text:macTimerAddTimer)
                  00023bac    00000064     libZStack_nwk_zr_ccs.a : nwk.obj (.text:nwk_BeaconToNative)
                  00023c10    00000064     zstackapi.obj (.text:sendReqDefaultRsp$8)
                  00023c74    00000064     zcl_sampleapps_ui.obj (.text:uiProcessIdentifyTimeChange)
                  00023cd8    00000064     zcl.obj (.text:zclFindNextAttrRec$23)
                  00023d3c    00000064     gp_proxy.obj (.text:zclGp_GpProxyCommissioningModeCB)
                  00023da0    00000064     zcl_samplethermostat.obj (.text:zclSampleThermostat_SetpointRaiseLowerCB$14)
                  00023e04    00000062     libZStack_nwk_zr_ccs.a : aps.obj (.text:APS_ReflectMonitor$81)
                  00023e66    00000062     ti_drivers_config.obj (.text:Board_sendExtFlashByte)
                  00023ec8    00000062     rf_multiMode_cc13x2.a : RFCC26X2_multiMode.c.cc13x2.ccs.o (.text:RF_syncCb)
                  00023f2a    00000062     drivers_cc13x2.a : UARTCC26XX.oem4f (.text:UARTCC26XX_swiIntFxn)
                  00023f8c    00000062     zstacktask.obj (.text:sendIeeeAddrRspInd$39)
                  00023fee    00000062     zstacktask.obj (.text:sendNwkAddrRspInd$39)
                  00024050    00000062     zcl.obj (.text:zclParseInWriteRspCmd$23)
                  000240b2    00000002     --HOLE-- [fill = 0]
                  000240b4    00000060     drivers_cc13x2.a : AESCCMCC26XX.oem4f (.text:AESCCM_hwiFxn)
                  00024114    00000060                      : AESECBCC26XX.oem4f (.text:AESECB_hwiFxn)
                  00024174    00000060                      : CryptoResourceCC26XX.oem4f (.text:CryptoResourceCC26XX_constructRTOSObjects)
                  000241d4    00000060                      : GPIOCC26XX.oem4f (.text:GPIO_write)
                  00024234    00000060     libZStack_nwk_zr_ccs.a : nl_mede.obj (.text:NLME_NwkDiscReq2)
                  00024294    00000060     rf_multiMode_cc13x2.a : RFCC26X2_multiMode.c.cc13x2.ccs.o (.text:RF_applyRfCorePatch)
                  000242f4    00000060     drivers_cc13x2.a : TRNGCC26XX.oem4f (.text:TRNGCC26XX_startTrng)
                  00024354    00000060     zd_object.obj (.text:ZDO_ProcessMgmtPermitJoinReq)
                  000243b4    00000060     zd_profile.obj (.text:ZDP_NwkAddrReq)
                  00024414    00000060     bdb_finding_and_binding.obj (.text:bdb_SendIdentifyQuery)
                  00024474    00000060     gp_common.obj (.text:gpLookForGpd)
                  000244d4    00000060     maclib_nosecure_cc13x2_2_4g.a : mac_radio.obj (.text:macGetRadioTxPowerReg)
                  00024534    00000060                                   : mac_timer.obj (.text:macTimerCancel)
                  00024594    00000060                                   : mac_timer.obj (.text:macTimerGetNextTimer)
                  000245f4    00000060     zcl_samplethermostat.obj (.text:zclSampleThermostat_UpdateLedState$14)
                  00024654    0000005e     libZStack_nwk_zr_ccs.a : ssp_hash.obj (.text:SSP_KeyedHash)
                  000246b2    0000005e     zmac.obj (.text:convertTxOptions)
                  00024710    0000005e     zstacktask.obj (.text:gpSecRecMsgSend$39)
                  0002476e    0000005e     zstacktask.obj (.text:sendZdoSrcRtgInd$39)
                  000247cc    0000005c     nvocmp.obj (.text:NVOCMP_readItem$4)
                  00024828    0000005c     osal_port.obj (.text:OsalPort_msgReceive)
                  00024884    0000005c     osal_port.obj (.text:OsalPort_setEvent)
                  000248e0    0000005c     drivers_cc13x2.a : PINCC26XX.oem4f (.text:PIN_remove)
                  0002493c    0000005c     rf_multiMode_cc13x2.a : RFCC26X2_multiMode.c.cc13x2.ccs.o (.text:RF_hwiCpe0PowerFsm)
                  00024998    0000005c     libZStack_nwk_zr_ccs.a : rtg.obj (.text:RTG_GetRtgSrcIndex$94)
                  000249f4    0000005c     zd_object.obj (.text:ZDO_RemoveMatchMemory$58)
                  00024a50    0000005c     zd_sec_mgr.obj (.text:ZDSecMgrGenerateKeyFromSeed)
                  00024aac    0000005c     zd_sec_mgr.obj (.text:ZDSecMgrReadKeyFromNv)
                  00024b08    0000005c     drivers_cc13x2.a : NVSCC26XX.oem4f (.text:doErase)
                  00024b64    0000005c                      : SPICC26X2DMA.oem4f (.text:initHw)
                  00024bc0    0000005c     maclib_nosecure_cc13x2_2_4g.a : mac_radio.obj (.text:macRadioSetChannel)
                  00024c1c    0000005c                                   : mac_radio.obj (.text:macRadioSetChannelRx)
                  00024c78    0000005c                                   : mac_hl_patch.obj (.text:macSetDefaultsByPatch)
                  00024cd4    0000005c     libZStack_nwk_zr_ccs.a : nwk.obj (.text:nwk_BeaconFromNative)
                  00024d30    0000005c     zstacktask.obj (.text:processApsAddGroup$39)
                  00024d8c    0000005c     zstacktask.obj (.text:sendActiveEPRspInd$39)
                  00024de8    0000005c     zstacktask.obj (.text:sendMatchDescRspInd$39)
                  00024e44    0000005c     drivers_cc13x2.a : UARTCC26XX.oem4f (.text:startTxFifoEmptyClk)
                  00024ea0    0000005c     app_pem4f.oem4f (.text:xdc_runtime_Startup_getState__I)
                  00024efc    0000005c     zcl_samplethermostat.obj (.text:zclSampleThermostat_initParameters$14)
                  00024f58    0000005c     zglobals.obj (.text:zgInitItems)
                  00024fb4    0000005a     zcl.obj (.text:zclParseInDiscAttrsExtRspCmd$23)
                  0002500e    00000002     --HOLE-- [fill = 0]
                  00025010    00000058     libZStack_nwk_zr_ccs.a : addr_mgr.obj (.text:AddrMgrEntryAdd$80)
                  00025068    00000058     nvocmp.obj (.text:NVOCMP_getItemLenApi$4)
                  000250c0    00000058     osal_port_timers.obj (.text:OsalPortTimers_stopTimer)
                  00025118    00000058     drivers_cc13x2.a : PowerCC26X2_calibrateRCOSC.oem4f (.text:PowerCC26X2_initiateCalibration)
                  00025170    00000058     rf_multiMode_cc13x2.a : RFCC26X2_multiMode.c.cc13x2.ccs.o (.text:RF_TxPowerTable_findValue)
                  000251c8    00000058     drivers_cc13x2.a : TRNGCC26XX.oem4f (.text:TRNG_init)
                  00025220    00000058     zd_profile.obj (.text:ZDP_MgmtPermitJoinReq)
                  00025278    00000058     bdb.obj (.text:bdb_TCJoiningDeviceFree$41)
                  000252d0    00000058     boot.aem4f : boot.oem4f (.text)
                  00025328    00000058     drivers_cc13x2.a : NVSSPI25X.oem4f (.text:extFlashWaitReady)
                  00025380    00000058     maclib_nosecure_cc13x2_2_4g.a : mac_sleep.obj (.text:macCanSleep)
                  000253d8    00000058     libZStack_nwk_zr_ccs.a : nwk_util.obj (.text:nwkTransmissionFailures)
                  00025430    00000058                            : nwk.obj (.text:nwk_indSendError$90)
                  00025488    00000058     osal_nv.obj (.text:osal_nv_item_init_ex)
                  000254e0    00000058     rom_sysbios.aem4f : rom_sysbios.obj (.text:pthread_exit)
                  00025538    00000058                       : rom_sysbios.obj (.text:ti_sysbios_heaps_HeapMem_alloc__E)
                  00025590    00000058     osal_port_timers.obj (.text:timerCb$52)
                  000255e8    00000058     zcl_general.obj (.text:zclGeneral_HdlIncoming$24)
                  00025640    00000056     drivers_cc13x2.a : LED.oem4f (.text:LED_startBlinking)
                  00025696    00000056     rf_multiMode_cc13x2.a : RFCC26X2_multiMode.c.cc13x2.ccs.o (.text:RF_defaultSubmitPolicy)
                  000256ec    00000056     zd_sec_mgr.obj (.text:ZDSecMgrAuthenticationCheck)
                  00025742    00000056     libZStack_nwk_zr_ccs.a : dgp_stub.obj (.text:gp_SecBuildNonce$79)
                  00025798    00000056     zcl_sampleapps_ui.obj (.text:uiArrayToString$10)
                  000257ee    00000056     zcl.obj (.text:zclParseInReadReportCfgCmd)
                  00025844    00000054     drivers_cc13x2.a : AESCCMCC26XX.oem4f (.text:AESCCM_construct)
                  00025898    00000054                      : AESECBCC26XX.oem4f (.text:AESECB_construct)
                  000258ec    00000054     libZStack_nwk_zr_ccs.a : assoc_list.obj (.text:AssocRemove)
                  00025940    00000054     driverlib.lib : prcm.obj (.text:NOROM_PRCMPowerDomainsAllOff)
                  00025994    00000054     nvocmp.obj (.text:NVOCMP_doNVCRC$4)
                  000259e8    00000054     drivers_cc13x2.a : NVSCC26XX.oem4f (.text:NVSCC26XX_init)
                  00025a3c    00000054     rf_multiMode_cc13x2.a : RFCC26X2_multiMode.c.cc13x2.ccs.o (.text:RF_fsmXOSCState)
                  00025a90    00000054     libZStack_nwk_zr_ccs.a : rtg.obj (.text:RTG_GetStochastic)
                  00025ae4    00000054     drivers_cc13x2.a : StructRingBuf.oem4f (.text:StructRingBuf_put)
                  00025b38    00000054     dpl_cc13x2.a : SwiP_tirtos.oem4f (.text:SwiP_construct)
                  00025b8c    00000054     bdb.obj (.text:bdb_ZclIdentifyCmdInd)
                  00025be0    00000054     zcl_green_power.obj (.text:gp_AddNotificationMsgNode)
                  00025c34    00000054     gp_proxy.obj (.text:gp_returnOperationalChannel)
                  00025c88    00000054     zcl.obj (.text:zclParseInDiscAttrsRspCmd$23)
                  00025cdc    00000052     zstacktask.obj (.text:processSecNwkKeyGetReq$39)
                  00025d2e    00000002     --HOLE-- [fill = 0]
                  00025d30    00000051     zcl_sampleapps_ui.obj (.text:uiActionProcessConfigureFindBind$10)
                  00025d81    00000003     --HOLE-- [fill = 0]
                  00025d84    00000050     libZStack_nwk_zr_ccs.a : addr_mgr.obj (.text:AddrMgrEntryGet)
                  00025dd4    00000050     zstacktask.obj (.text:BDBBindNotificationsendMsgToAllCBs$39)
                  00025e24    00000050     zstacktask.obj (.text:BDBTCLinkKeyExchangeNotificationsendMsgToAllCB$39)
                  00025e74    00000050     drivers_cc13x2.a : GPIOCC26XX.oem4f (.text:GPIO_enableInt)
                  00025ec4    00000050     nvocmp.obj (.text:NVOCMP_compactNvApi$4)
                  00025f14    00000050     libZStack_nwk_zr_ccs.a : nwk_util.obj (.text:NwkNotMyChildListDelete)
                  00025f64    00000050                            : rtg.obj (.text:RTG_SendBrokenRoute)
                  00025fb4    00000050     drivers_cc13x2.a : SPICC26X2DMA.oem4f (.text:SPICC26X2DMA_close)
                  00026004    00000050     libZStack_nwk_zr_ccs.a : ssp.obj (.text:SSP_GetNwkKey)
                  00026054    00000050     drivers_cc13x2.a : TRNGCC26XX.oem4f (.text:TRNGCC26XX_waitForResult)
                  000260a4    00000050                      : NVSSPI25X.oem4f (.text:extFlashSpiWrite)
                  000260f4    00000050     maclib_nosecure_cc13x2_2_4g.a : mac_rx_onoff.obj (.text:macRxOffRequest)
                  00026144    00000050                                   : mac_timer.obj (.text:macTimerStart)
                  00026194    00000050     libZStack_nwk_zr_ccs.a : nwk_util.obj (.text:nlmeAddConflictedAddrTable$92)
                  000261e4    00000050     osal_port.obj (.text:osalHeapInitFxn)
                  00026234    00000050     osal_nv.obj (.text:osal_nv_delete_ex)
                  00026284    00000050     zstacktask.obj (.text:sendLeaveInd$39)
                  000262d4    00000050     zcl_port.obj (.text:zclport_writeNV)
                  00026324    0000004f     zcl_sampleapps_ui.obj (.text:uiActionProcessConfigureNwkFormation$10)
                  00026373    00000001     --HOLE-- [fill = 0]
                  00026374    0000004f     zcl_sampleapps_ui.obj (.text:uiActionProcessConfigureNwkSteering$10)
                  000263c3    00000001     --HOLE-- [fill = 0]
                  000263c4    0000004e     libZStack_nwk_zr_ccs.a : aps_util.obj (.text:apsAckFindMatchCB$86)
                  00026412    0000004e     zstacktask.obj (.text:processSecNwkKeySetReq$39)
                  00026460    0000004c     libZStack_nwk_zr_ccs.a : aps_mede.obj (.text:APSME_GetRequest)
                  000264ac    0000004c     zstacktask.obj (.text:BDBsendMsgToAllCBs$39)
                  000264f8    0000004c     cui.obj (.text:CUI_updateCursor$9)
                  00026544    0000004c     main.obj (.text:Main_assertHandler)
                  00026590    0000004c     driverlib.lib : prcm.obj (.text:NOROM_PRCMPowerDomainsAllOn)
                  000265dc    0000004c     nvocmp.obj (.text:NVOCMP_setItemInactive$4)
                  00026628    0000004c     osal_port.obj (.text:OsalPort_msgSend)
                  00026674    0000004c     rf_multiMode_cc13x2.a : RFCC26X2_multiMode.c.cc13x2.ccs.o (.text:RF_wakeupNotification)
                  000266c0    0000004c     libZStack_nwk_zr_ccs.a : rtg.obj (.text:RTG_GetLinkCost$94)
                  0002670c    0000004c     drivers_cc13x2.a : StructRingBuf.oem4f (.text:StructRingBuf_get)
                  00026758    0000004c                      : UARTCC26XX.oem4f (.text:UARTCC26XX_readCancel)
                  000267a4    0000004c                      : UDMACC26XX.oem4f (.text:UDMACC26XX_open)
                  000267f0    0000004c     util_timer.obj (.text:UtilTimer_construct)
                  0002683c    0000004c     zmac.obj (.text:ZMacAssociateRsp)
                  00026888    0000004c     zmac.obj (.text:ZMacSendNoData)
                  000268d4    0000004c     af.obj (.text:afDelete)
                  00026920    0000004c     bdb_finding_and_binding.obj (.text:bdb_SetIdentifyActiveEndpoint)
                  0002696c    0000004c     rtsv7M4_T_le_v4SPD16_eabi.lib : cpy_tbl.c.obj (.text:copy_in)
                  000269b8    0000004c     gp_proxy.obj (.text:gp_stopCommissioningMode)
                  00026a04    0000004c     maclib_nosecure_cc13x2_2_4g.a : mac_low_level.obj (.text:macLowLevelYield)
                  00026a50    0000004c     libZStack_nwk_zr_ccs.a : nwk_bufs.obj (.text:nwkDB_DeleteRecAll)
                  00026a9c    0000004c     osal_port.obj (.text:osalHeapGetStatsFxn)
                  00026ae8    0000004c     osal_nv.obj (.text:osal_nv_read_match_entry)
                  00026b34    0000004a     zcl.obj (.text:zclFindAttrRec)
                  00026b7e    00000002     --HOLE-- [fill = 0]
                  00026b80    00000048     libZStack_nwk_zr_ccs.a : addr_mgr.obj (.text:AddrMgrEntrySet$80)
                  00026bc8    00000048     ti_drivers_config.obj (.text:Board_wakeUpExtFlash)
                  00026c10    00000048     libZStack_nwk_zr_ccs.a : nl_mede.obj (.text:NLME_PermitJoiningSet$88)
                  00026c58    00000048     rf_multiMode_cc13x2.a : rfc.c.cc13x2.ccs.o (.text:NOROM_RFCSynthPowerDown)
                  00026ca0    00000048     nvocmp.obj (.text:NVOCMP_write$4)
                  00026ce8    00000048     drivers_cc13x2.a : NVSSPI25X.oem4f (.text:NVSSPI25X_read)
                  00026d30    00000048                      : NVS.oem4f (.text:NVS_open)
                  00026d78    00000048                      : PINCC26XX.oem4f (.text:PIN_setOutputEnable)
                  00026dc0    00000048                      : PowerCC26X2_calibrateRCOSC.oem4f (.text:PowerCC26X2_RCOSC_clockFunc)
                  00026e08    00000048                      : PowerCC26X2.oem4f (.text:PowerCC26XX_switchXOSC_HF)
                  00026e50    00000048     cui.obj (.text:UartReadCallback$9)
                  00026e98    00000048     mac_util.obj (.text:Util_itoa)
                  00026ee0    00000048     zd_object.obj (.text:ZDO_CompareClusterLists$58)
                  00026f28    00000048     zd_profile.obj (.text:ZDO_RegisterForZDOMsg)
                  00026f70    00000048     af.obj (.text:afDataReqMTU)
                  00026fb8    00000048     bdb_reporting.obj (.text:bdb_clusterEndpointArrayIncrementAll$43)
                  00027000    00000048     bdb_finding_and_binding.obj (.text:bdb_setEpDescListToActiveEndpoint)
                  00027048    00000048     binding_table.obj (.text:bindAddressClear)
                  00027090    00000048     drivers_cc13x2.a : NVSCC26XX.oem4f (.text:disableFlashCache)
                  000270d8    00000048                      : NVSSPI25X.oem4f (.text:extFlashMassErase)
                  00027120    00000048     zstacktask.obj (.text:isDevicePartOfNetwork$39)
                  00027168    00000048     maclib_nosecure_cc13x2_2_4g.a : mac_radio.obj (.text:macRadioNeedAdjustPower)
                  000271b0    00000048                                   : mac_timer.obj (.text:macTimerUpdActive)
                  000271f8    00000048     libZStack_nwk_zr_ccs.a : nwk.obj (.text:nwkBuildDataCnf)
                  00027240    00000048     zstacktask.obj (.text:sendDeviceAnnounceInd$39)
                  00027288    00000048     zstacktask.obj (.text:sendNwkFrameFwdNotificationCBMsg$39)
                  000272d0    00000048     drivers_cc13x2.a : PowerCC26X2.oem4f (.text:switchXOSCHF)
                  00027318    00000048                      : UARTCC26XX.oem4f (.text:writeFinishedDoCallback)
                  00027360    00000048     zcl_green_power.obj (.text:zclGp_HdlIncoming$25)
                  000273a8    00000046     drivers_cc13x2.a : RingBuf.oem4f (.text:RingBuf_put)
                  000273ee    00000046     zstacktask.obj (.text:gpCheckAnnceMsgSend$39)
                  00027434    00000046     libZStack_nwk_zr_ccs.a : nwk.obj (.text:nwk_comm_status_ind_processing$90)
                  0002747a    00000046                            : rtg.obj (.text:rtgRReqFindMatchCB$94)
                  000274c0    00000046     zcl.obj (.text:zclParseInReadCmd)
                  00027506    00000002     --HOLE-- [fill = 0]
                  00027508    00000044     drivers_cc13x2.a : GPIOCC26XX.oem4f (.text:GPIO_disableInt)
                  0002754c    00000044     maclib_nosecure_cc13x2_2_4g.a : mac_timer.obj (.text:MAC_PwrNextTimeout)
                  00027590    00000044     driverlib.lib : chipinfo.obj (.text:NOROM_ChipInfo_GetHwRevision)
                  000275d4    00000044     nvocmp.obj (.text:NVOCMP_getFreeNvApi$4)
                  00027618    00000044     drivers_cc13x2.a : NVSCC26XX.oem4f (.text:NVSCC26XX_read)
                  0002765c    00000044                      : PINCC26XX.oem4f (.text:PIN_swi)
                  000276a0    00000044                      : PWM.oem4f (.text:PWM_init)
                  000276e4    00000044     libZStack_nwk_zr_ccs.a : rtg.obj (.text:RTG_MTORouteReq)
                  00027728    00000044     drivers_cc13x2.a : SPI.oem4f (.text:SPI_init)
                  0002776c    00000044                      : UART.oem4f (.text:UART_init)
                  000277b0    00000044     zd_app.obj (.text:ZDApp_RestoreNwkKey)
                  000277f4    00000044     zd_app.obj (.text:ZDO_JoinConfirmCB)
                  00027838    00000044     zd_profile.obj (.text:ZDP_MgmtLeaveReq)
                  0002787c    00000044     zd_profile.obj (.text:ZDP_SendData)
                  000278c0    00000044     bdb_reporting.obj (.text:bdb_RepLoadCfgRecords$43)
                  00027904    00000044     bdb_reporting.obj (.text:bdb_clusterEndpointArrayUpdateAt$43)
                  00027948    00000044     maclib_nosecure_cc13x2_2_4g.a : mac_rx_onoff.obj (.text:macRxDisable)
                  0002798c    00000044                                   : mac_tx.obj (.text:macTxTimestampCallback)
                  000279d0    00000044     libZStack_nwk_zr_ccs.a : nwk_util.obj (.text:nwkHandleBrokenRoute)
                  00027a14    00000044                            : nwk_util.obj (.text:nwkNeighborAdd)
                  00027a58    00000044                            : rtg.obj (.text:rtgIsValidNeighbor$94)
                  00027a9c    00000044     zcl_samplethermostat.obj (.text:zclSampleThermostat_initialization$14)
                  00027ae0    00000044     zstacktask.obj (.text:zdoNwkDiscCnfCB$39)
                  00027b24    00000042     drivers_cc13x2.a : SPICC26X2DMA.oem4f (.text:SPICC26X2DMA_swiFxn)
                  00027b66    00000042     zstacktask.obj (.text:gp_CommissioningModeInd$39)
                  00027ba8    00000040     libZStack_nwk_zr_ccs.a : aps_mede.obj (.text:APSDE_FrameSend)
                  00027be8    00000040     zstacktask.obj (.text:BDBIdentifyTimesendMsgToAllCBs$39)
                  00027c28    00000040     dpl_cc13x2.a : ClockP_tirtos.oem4f (.text:ClockP_construct)
                  00027c68    00000040                  : ClockP_tirtos.oem4f (.text:ClockP_create)
                  00027ca8    00000040     libZStack_nwk_zr_ccs.a : nwk_util.obj (.text:NLDE_BuildSrcRtgFrame)
                  00027ce8    00000040                            : nwk_util.obj (.text:NLME_IsAddressBroadcast)
                  00027d28    00000040     driverlib.lib : osc.obj (.text:NOROM_OSC_HPOSCRelativeFrequencyOffsetGet)
                  00027d68    00000040     osal_port_timers.obj (.text:OsalPortTimers_getTimerTimeout)
                  00027da8    00000040     osal_port.obj (.text:OsalPort_heapFree$51)
                  00027de8    00000040     drivers_cc13x2.a : PWM.oem4f (.text:PWM_open)
                  00027e28    00000040                      : PowerCC26X2.oem4f (.text:PowerCC26XX_isStableXOSC_HF)
                  00027e68    00000040     libZStack_nwk_zr_ccs.a : rtg.obj (.text:RTG_BcastHold$94)
                  00027ea8    00000040     drivers_cc13x2.a : Random.oem4f (.text:Random_getNumber)
                  00027ee8    00000040                      : RingBuf.oem4f (.text:RingBuf_get)
                  00027f28    00000040                      : SPI.oem4f (.text:SPI_open)
                  00027f68    00000040                      : TRNGCC26XX.oem4f (.text:TRNGCC26XX_copyToClient)
                  00027fa8    00000040                      : UART.oem4f (.text:UART_open)
                  00027fe8    00000040     zd_app.obj (.text:ZDO_LeaveCnf)
                  00028028    00000040     zd_sec_mgr.obj (.text:ZDSecMgrUpdateTCAddress)
                  00028068    00000040     libZStack_nwk_zr_ccs.a : aps_groups.obj (.text:aps_GroupsWriteNV)
                  000280a8    00000040     bdb.obj (.text:bdb_SendMsg)
[...]
200055ed  ZDNwkMgr_MgmtNwkUpdateNotifyTransSeq                            
200055ee  ZDNwkMgr_NumUpdateNotifySent                                    
200055ef  ZDNwkMgr_WaitingForNotifyConfirm                                
200055f0  ZDNwkMgr_NewChannel                                             
200055f2  ZDNwkMgr_UpdateNotifyTimer                                      
200055f4  ZDNwkMgr_TotalTransmissions                                     
200055f6  ZDNwkMgr_TxFailures                                             
200055f8  pZDNwkMgr_ProcessDataConfirm                                    
200055fc  pZDNwkMgr_ReportChannelInterference                             
20005600  pZDNwkMgr_EDScanConfirmCB                                       
20005604  pZDNwkMgr_NetworkReportCB                                       
20005608  pZDNwkMgr_NetworkUpdateCB                                       
2000560c  ZDNwkMgr_MgmtNwkUpdateNotifyAddr                                
20005618  ZDNwkMgr_MgmtNwkUpdateReq                                       
20005624  ti_sysbios_gates_GateMutex_Object__table__V                     
2000565c  macBeaconPayload                                                
20005690  zclMenuApp                                                      
200056c4  pMacDataTx                                                      
200056c8  macDataTxIndirect                                               
200056cc  macDataRequeueIndirect                                          
200056d0  macDataRxBeaconCritical                                         
200056d4  macDataTxBeaconComplete                                         
200056d8  macDataSetSched                                                 
200056dc  macDataCheckSched                                               
200056e0  macDataCheckTxTime                                              
200056e4  macDataBeaconRequeue                                            
200056e8  csmPhy                                                          
200056ec  macTimerRollover                                                
200056f0  macTimerNewRollover                                             
200056f4  ti_sysbios_knl_Swi_Module_State_0_readyQ__A                     
20005724  ti_sysbios_knl_Swi_Object__table__V                             
20005754  ti_sysbios_knl_Task_Module_State_0_readyQ__A                    
20005784  zclSampleThermostat_SystemMode                                  
20005785  zclSampleThermostat_PhysicalEnvironment                         
20005786  zclSampleThermostat_ControlSequenceOfOperation                  
20005788  zclSampleThermostat_IdentifyTime                                
2000578a  zclSampleThermostat_OccupiedCoolingSetpoint                     
2000578c  zclSampleThermostat_OccupiedHeatingSetpoint                     
2000578e  zclSampleThermostat_LocalTemperature                            
20005790  zclSampleThermostat_AbsMinHeatSetpointLimit                     
20005792  zclSampleThermostat_AbsMaxHeatSetpointLimit                     
20005794  zclSampleThermostat_AbsMinCoolSetpointLimit                     
20005796  zclSampleThermostat_AbsMaxCoolSetpointLimit                     
20005798  data_count                                                      
2000579c  zclSampleThermostat_SimpleDesc                                  
200057b0  macTxSlottedDelayFactor                                         
200057b1  macTxType                                                       
200057b2  macTxBe                                                         
200057b3  macTxGpInterframeDelay                                          
200057b4  txAckReq                                                        
200057b7  txSeqn                                                          
200057b9  numTx                                                           
200057ba  macTxCsmaBackoffDelay                                           
200057bc  macCsmaRtcTimerId                                               
200057c0  macAckDbg                                                       
200057f8  _hposcCoeffs                                                    
2000581c  macActionSet                                                    
20005840  bdbIndentifyActiveEndpoint                                      
20005844  pfnIdentifyTimeChangeCB                                         
20005848  pfnBindNotificationCB                                           
2000584c  bdb_FindingBindingTargetSimpleDesc                              
20005864  pbindAddEntry                                                   
20005868  pbindNumOfEntries                                               
2000586c  pbindRemoveDev                                                  
20005870  pBindInitNV                                                     
20005874  pBindSetDefaultNV                                               
20005878  pBindRestoreFromNV                                              
2000587c  pBindWriteNV                                                    
200058a0  ti_sysbios_knl_Clock_Object__table__V                           
200058c0  xdc_runtime_Error_IgnoreBlock                                   
200058e0  zcl_radius                                                      
200058e1  zcl_InSeqNum                                                    
200058e2  zcl_TransID                                                     
200058e4  zcl_ValidateAttrDataCB                                          
200058fc  gp_TaskID                                                       
20005900  GP_DataCnfGCB                                                   
20005904  GP_stopCommissioningModeGCB                                     
20005908  GP_DataIndGCB                                                   
2000590c  GP_SecReqGCB                                                    
20005910  GP_CheckAnnouncedDeviceGCB                                      
20005914  GP_expireDuplicateFilteringGCB                                  
20005918  zgGP_ProxyCommissioningMode                                     
20005919  gpTempMaster                                                    
2000591a  gp_commissioningOptions                                         
2000591b  gp_unicastCommunication                                         
2000591c  gp_OperationalChannel                                           
2000591e  gp_commissionerAddress                                          
2000592c  NLME_PermitJoining                                              
2000592d  NLME_AssocPermission                                            
20005930  NLME_ScanFields                                                 
20005934  pnwk_ScanPANChanSelect                                          
20005938  pnwk_ScanPANChanVerify                                          
2000593c  pNLME_NetworkFormationConfirm                                   
20005942  nwkFrameCounterChanges                                          
20005944  nwkFrameCounter                                                 
20005948  distributedFrameCounter                                         
20005954  gpioCallbackFunctions                                           
20005968  gpioPinConfigs                                                  
2000597c  macStateTbl                                                     
200059b0  macCfg                                                          
200059e8  pClockHandleEDScan                                              
200059ec  APSF_taskID                                                     
200059f4  pAPSF_IgnoreBlock                                               
20005a04  pOverrides_ieee154                                              
20005a10  ti_sysbios_heaps_HeapCallback_Object__table__V                  
20005a1c  lastRatChanA                                                    
20005a1d  lastRatChanB                                                    
20005a1e  macRxCmdActive                                                  
20005a1f  macTxCmdActive                                                  
20005a20  macFsCmdActive                                                  
20005a21  macRxPreempted                                                  
20005a22  numRfCmd                                                        
20005a23  numRxCmd                                                        
20005a24  numRxPostCmd                                                    
20005a38  maxSupportedEndpoints                                           
20005a39  nwkUseMultiCast                                                 
20005a40  AF_DataRequestDiscoverRoute                                     
20005a44  epList                                                          
20005a48  txCmdHandle                                                     
20005a4a  macRadioAckIeeeFrame                                            
20005a58  nwkDataBufQueue                                                 
20005a68  gpTxOffset                                                      
20005a6c  gp_macReq                                                       
20005a70  _lock                                                           
20005a74  _unlock                                                         
20005a78  RFCC26XX_schedulerPolicy                                        
20005a80  pinUpperBound                                                   
20005a84  pinLowerBound                                                   
20005a90  ti_sysbios_family_arm_m3_Hwi_Module__root__V                    
20005a98  ti_sysbios_gates_GateHwi_Module__root__V                        
20005aa0  ti_sysbios_gates_GateMutexPri_Module__root__V                   
20005aa8  ti_sysbios_gates_GateMutex_Module__root__V                      
20005ab0  ti_sysbios_hal_Hwi_Module__root__V                              
20005ab8  ti_sysbios_heaps_HeapCallback_Module__root__V                   
20005ac0  ti_sysbios_heaps_HeapMem_Module__root__V                        
20005ac8  ti_sysbios_knl_Clock_Module__root__V                            
20005ad0  ti_sysbios_knl_Event_Module__root__V                            
20005ad8  ti_sysbios_knl_Mailbox_Module__root__V                          
20005ae0  ti_sysbios_knl_Queue_Module__root__V                            
20005ae8  ti_sysbios_knl_Semaphore_Module__root__V                        
20005af0  ti_sysbios_knl_Swi_Module__root__V                              
20005af8  ti_sysbios_knl_Task_Module__root__V                             
20005b00  zTouchLinkNwkStartRtr                                           
20005b02  zgNwkCommissionedNwkAddr                                        
20005b04  zgStartDelay                                                    
20005b05  zgZdoDirectCB                                                   
20005b06  zgNwkMgrMode                                                    
20005b07  zgSapiEndpoint                                                  
20005b10  apsGroupTable                                                   
20005b14  macRadioYielded                                                 
20005b15  bInSwi                                                          
20005b16  macTxSlottedDelay                                               
20005b17  macSrcMatchIsEnabled                                            
20005b18  macTasksEvents                                                  
20005b1c  main_func_sp                                                    
20005b20  ti_sysbios_family_arm_m3_Hwi_Module_State_0_excContext__A       
20005b24  ti_sysbios_family_arm_m3_Hwi_Module_State_0_excStack__A         
20005b28  ti_sysbios_knl_Task_Module_State_0_idleTask__A                  
20005b2c  CryptoResourceCC26XX_pollingFlag                                
20005b30  ti_sysbios_family_arm_m3_Hwi_Module_State_0_excActive__A        
20005b38  macSleepState                                                   
20005b40  buf_recieve                                                     
20005f40  buf_output                                                      
20006348  uartCC26XXObjects                                               
200066c0  ti_sysbios_knl_Task_Instance_State_0_stack__A                   
200068c0  spiCC26X2DMAObjects                                             
200069d0  enhancedAckBuf                                                  
20006acc  rreqCounter                                                     
20006bc8  ti_sysbios_family_arm_m3_Hwi_dispatchTable                      
20006ca0  LEDObjects                                                      
20006d58  macPib                                                          
20006de0  trngCC26XXObjects                                               
20006e64  bdb_reportingClusterEndpointArrayCount                          
20006e65  bdb_reportingNextClusterEndpointIndex                           
20006e66  bdb_reportingAttrCfgRecordsArrayCount                           
20006e67  bdb_reportingAttrCfgRecordsArrayMaxSize                         
20006e68  bdb_reportingAcceptDefaultConfs                                 
20006e6a  bdb_reportingNextEventTimeout                                   
20006e6c  gAttrDataValue                                                  
20006e70  bdb_reportingAttrCfgRecordsArray                                
20006e74  attrDefaultCfgRecordLinkedList                                  
20006e7c  bdb_reportingClusterEndpointArray                               
20006ee0  pinHandleTable                                                  
20006f5c  macScan                                                         
20007000  ButtonObjects                                                   
20007050  CryptoResourceCC26XX_accessSemaphore                            
200070a0  CryptoResourceCC26XX_operationSemaphore                         
200070f0  cuiMultiMenuData                                                
200071b8  macBeaconCoord                                                  
200071f4  macDeviceAction1                                                
2000722c  macBeaconDevice                                                 
20007260  macMgmtAction1                                                  
20007290  macSrcExtAddrList                                               
200072c0  macCoord                                                        
200072ec  macDevice                                                       
20007318  macRxFilter                                                     
20007319  rxPromiscuousMode                                               
2000731c  rxSeqNum                                                        
20007324  macRxDataEntryOffset                                            
20007328  rxRadioBufferPtr                                                
20007334  macRxDataEntryQueue                                             
200073bc  macBeacon                                                       
200073dc  udmaCC26XXObject                                                
20007450  CryptoResourceCC26XX_hwi                                        
2000746c  macCoordAction2                                                 
20007488  macReset                                                        
200074a4  macSrcShortAddrList                                             
200074c0  aesccmCC26XXObjects                                             
200074d8  aesecbCC26XXObjects                                             
200074f0  macScanAction                                                   
20007508  ZDO_Config_Power_Descriptor                                     
2000750c  ZDO_Config_Node_Descriptor                                      
20007544  macDeviceAction2                                                
20007558  macMgmtAction2                                                  
2000757c  macBeaconDeviceAction                                           
2000758c  macCoordAction3                                                 
2000759c  macData                                                         
200075ac  macDataTxDelay                                                  
200075e0  coexMetricsStruct                                               
200075ec  macMain                                                         
200075f8  nvsSPI25XObjects                                                
2000760c  macBeaconCoordAction1                                           
20007614  macCoordAction1                                                 
20007624  PowerCC26XX_swiKey                                              
20007628  PowerCC26XX_taskKey                                             
2000762c  _ScanChannels                                                   
20007630  macRxSymbol                                                     
20007634  macTimerActive                                                  
20007638  nvsCC26XXObjects                                                
2000763c  timerAlignedQ                                                   
20007640  timerUnalignedQ                                                 
20007646  driverlib_release_0_60278                                       
20007647  macAckTxActive                                                  
20007648  macMgmt                                                         
20007649  macPanCoordinator                                               
2000764a  macPhyChannel                                                   
2000764b  macPwr                                                          
2000764c  macRxActive                                                     
2000764d  macRxEnableFlags                                                
2000764e  macRxOutgoingAckFlag                                            
2000764f  macSymbolTimerImpending                                         
20007650  macTaskId                                                       
20007651  macTxActive                                                     
20007652  macUnitBackoffPeriod                                            
20007653  rxFhRsl                                                         
20007654  stackServiceTaskId                                              
20013a00  __stack                                                         
20014000  __STACK_END                                                     
20014000  __STACK_TOP                                                     
e000e000  ti_sysbios_family_arm_m3_Hwi_nvic                               
ffffffff  __TI_pprof_out_hndl                                             
ffffffff  __TI_prof_data_size                                             
ffffffff  __TI_prof_data_start                                            
ffffffff  __binit__                                                       
ffffffff  __c_args__                                                      
ffffffff  binit                                                           
UNDEFED   ITM_flush                                                       
UNDEFED   ITM_restore                                                     
UNDEFED   PWM_config                                                      
UNDEFED   PWM_count                                                       
UNDEFED   SHT$$INIT_ARRAY$$Base                                           
UNDEFED   SHT$$INIT_ARRAY$$Limit                                          

[2635 symbols]
