******************************************************************************
                  TI ARM Linker Unix v20.2.5                   
******************************************************************************
>> Linked Thu Dec  2 14:53:46 2021

OUTPUT FILE NAME:   <SensorTagProject.out>
ENTRY POINT SYMBOL: "ResetISR"  address: 00029dc1


MEMORY CONFIGURATION

         name            origin    length      used     unused   attr    fill
----------------------  --------  ---------  --------  --------  ----  --------
  FLASH                 00000000   00052000  000374c4  0001ab3c  R  X
  FLASH_NV              00052000   00004000  00004000  00000000  RW X
  FLASH_LAST            00056000   00002000  00000058  00001fa8  R  X
  GPRAM                 11000000   00002000  00000000  00002000  RW X
  SRAM                  20000000   00014000  00006fae  0000d052  RW X
  LOG_DATA              90000000   00040000  00000000  00040000  R   


SEGMENT ALLOCATION MAP

run origin  load origin   length   init length attrs members
----------  ----------- ---------- ----------- ----- -------
00000000    00000000    000374c8   000374c8    r-x
  00000000    00000000    0000003c   0000003c    r-- .resetVecs
  0000003c    0000003c    00000004   00000004    r-- .init_array
  00000040    00000040    00034c14   00034c14    r-x .text
  00034c54    00034c54    00002268   00002268    r-- .const
  00036ebc    00036ebc    000000d0   000000d0    r-- config_const
  00036f90    00036f90    00000538   00000538    r-- .cinit
00052000    00052000    00004000   00000000    rw-
  00052000    00052000    00004000   00000000    rw- .TI.bound:flashBuf0
00057fa8    00057fa8    00000058   00000058    r--
  00057fa8    00057fa8    00000058   00000058    r-- .ccfg
200000d8    200000d8    0000143c   00000000    rw-
  200000d8    200000d8    00000028   00000000    rw- .data.1
  20000100    20000100    00000004   00000000    rw- .data:xdcRomConstPtr
  20000104    20000104    00000004   00000000    rw- .data:xdcRomExternFuncPtr
  20000108    20000108    00000004   00000000    rw- .data:xdcRomStatePtr
  2000010c    2000010c    00000010   00000000    rw- .data:RAM_MAC_BASE_ADDR
  20000120    20000120    000013f4   00000000    rw- .data.2
20001830    20001830    00000010   00000000    rw-
  20001830    20001830    00000010   00000000    rw- .TI.bound:dmaSpi0RxControlTableEntry
20001840    20001840    00000010   00000000    rw-
  20001840    20001840    00000010   00000000    rw- .TI.bound:dmaSpi0TxControlTableEntry
20001900    20001900    00000010   00000000    rw-
  20001900    20001900    00000010   00000000    rw- .TI.bound:dmaSpi1RxControlTableEntry
20001910    20001910    00000010   00000000    rw-
  20001910    20001910    00000010   00000000    rw- .TI.bound:dmaSpi1TxControlTableEntry
20001a30    20001a30    00000010   00000000    rw-
  20001a30    20001a30    00000010   00000000    rw- .TI.bound:dmaSpi0RxAltControlTableEntry
20001a40    20001a40    00000010   00000000    rw-
  20001a40    20001a40    00000010   00000000    rw- .TI.bound:dmaSpi0TxAltControlTableEntry
20001b00    20001b00    00000010   00000000    rw-
  20001b00    20001b00    00000010   00000000    rw- .TI.bound:dmaSpi1RxAltControlTableEntry
20001b10    20001b10    0000542e   00000000    rw-
  20001b10    20001b10    00000010   00000000    rw- .TI.bound:dmaSpi1TxAltControlTableEntry
  20001b20    20001b20    0000541e   00000000    rw- .bss
20013a00    20013a00    00000600   00000000    rw-
  20013a00    20013a00    00000600   00000000    rw- .stack


SECTION ALLOCATION MAP

 output                                  attributes/
section   page    origin      length       input sections
--------  ----  ----------  ----------   ----------------
.text      0    00000040    00034c14     
                  00000040    000006a6     zstacktask.obj (.text:appMsg)
                  000006e6    00000002     ti_drivers_config.obj (.text:Board_initHook)
                  000006e8    00000508     maclib_nosecure_cc13x2_2_4g.a : mac_rx.obj (.text:macRxFrameIsr)
                  00000bf0    000004b0     rf_multiMode_cc13x2.a : RFCC26X2_multiMode.c.cc13x2.ccs.o (.text:RF_fsmActiveState)
                  000010a0    00000494     zstacktask.obj (.text:processSysConfigReadReq)
                  00001534    0000044c     bdb_reporting.obj (.text:bdb_isAttrValueChangedSurpassDelta)
                  00001980    00000424     bdb.obj (.text:bdb_reportCommissioningState)
                  00001da4    0000040c     zstacktask.obj (.text:processDevZDOCBReq)
                  000021b0    00000404     zcl.obj (.text:zcl_ProcessMessageMSG)
                  000025b4    00000400     libZStack_nwk_zed_ccs.a : aps_frag.obj (.text:APSF_ProcessEvent)
                  000029b4    000003d4                             : nwk.obj (.text:nwk_data_ind_processing)
                  00002d88    000003bc     zstacktask.obj (.text:processSysConfigWriteReq)
                  00003144    000003bc     zcl_sampleapps_ui.obj (.text:uiActionProcessSetInstallCode)
                  00003500    000003a4     zmac_cb.obj (.text:MAC_CbackEvent)
                  000038a4    0000033c     zcl_general.obj (.text:zclGeneral_ProcessInGroupsServer)
                  00003be0    00000334     zcl.obj (.text:zclProcessInWriteUndividedCmd)
                  00003f14    00000320     zd_object.obj (.text:ZDO_ProcessMatchDescReq)
                  00004234    00000320     bdb_reporting.obj (.text:bdb_ProcessInConfigReportCmd)
                  00004554    00000304     cui.obj (.text:CUI_registerMenu)
                  00004858    00000300     zd_object.obj (.text:ZDO_ProcessMgmtLqiReq)
                  00004b58    000002f4     drivers_cc13x2.a : SPICC26X2DMA.oem4f (.text:SPICC26X2DMA_transfer)
                  00004e4c    000002d8     binding_table.obj (.text:bindAddEntry)
                  00005124    000002bc     bdb.obj (.text:bdb_event_loop)
                  000053e0    000002b0     libZStack_nwk_zed_ccs.a : nwk.obj (.text:nwk_event_loop)
                  00005690    000002ac     zcl_sampleapps_ui.obj (.text:UI_DeviceStateUpdated)
                  0000593c    000002a4     zcl_sampleapps_ui.obj (.text:uiActionProcessConfigurePanId)
                  00005be0    00000298     rf_multiMode_cc13x2.a : RFCC26X2_multiMode.c.cc13x2.ccs.o (.text:RF_open)
                  00005e78    00000290     zstacktask.obj (.text:processAfRegisterReq)
                  00006108    00000288     libZStack_nwk_zed_ccs.a : aps.obj (.text:APS_event_loop)
                  00006390    00000280     zstackapi.obj (.text:Zstackapi_freeIndMsg)
                  00006610    00000280     bdb_finding_and_binding.obj (.text:bdb_checkMatchingEndpoints)
                  00006890    00000268     zcl.obj (.text:zclProcessInWriteCmd)
                  00006af8    00000260     af.obj (.text:AF_DataRequest)
                  00006d58    00000260     libZStack_nwk_zed_ccs.a : aps_mede.obj (.text:APSME_FrameSecRemoveCM)
                  00006fb8    0000025c                             : nl_mede_cb.obj (.text:NLDE_DataIndication)
                  00007214    0000025c     nvocmp.obj (.text:NVOCMP_writeItem)
                  00007470    00000254     nvocmp.obj (.text:NVOCMP_compact)
                  000076c4    00000254     zmac.obj (.text:ZMacEventLoop)
                  00007918    00000254     bdb.obj (.text:bdb_StartCommissioning)
                  00007b6c    00000252     zcl.obj (.text:zclSerializeData)
                  00007dbe    00000002     drivers_cc13x2.a : I2C.oem4f (.text:I2C_init)
                  00007dc0    00000248     zd_sec_mgr.obj (.text:ZDSecMgrTransportKeyInd)
                  00008008    00000246     zcl.obj (.text:zclParseInConfigReportCmd)
                  0000824e    0000023c     zcl.obj (.text:zcl_SendReadReportCfgRspCmdEx)
                  0000848a    00000002     libZStack_nwk_zed_ccs.a : nl_mede.obj (.text:NLME_DeviceJoiningInit)
                  0000848c    00000234     nvocmp.obj (.text:NVOCMP_initNv)
                  000086c0    00000234     drivers_cc13x2.a : SPICC26X2DMA.oem4f (.text:SPICC26X2DMA_hwiFxn)
                  000088f4    00000234     bdb_reporting.obj (.text:bdb_RepConstructAttrCfgArray)
                  00008b28    00000234     bdb.obj (.text:bdb_startResumeCommissioningProcess)
                  00008d5c    0000021c     bdb_reporting.obj (.text:bdb_ProcessInReadReportCfgCmd)
                  00008f78    00000218     mac_util.obj (.text:Util_ltoa)
                  00009190    00000214     maclib_nosecure_cc13x2_2_4g.a : mac.obj (.text:macSendReceiveCmdIeee)
                  000093a4    00000210     rf_multiMode_cc13x2.a : RFCC26X2_multiMode.c.cc13x2.ccs.o (.text:RF_scheduleCmd)
                  000095b4    00000210     bdb_reporting.obj (.text:bdb_repAttrBuildClusterEndPointArrayBasedOnConfRecordsArray)
                  000097c4    00000208     bdb_reporting.obj (.text:bdb_RepReport)
                  000099cc    00000204     zd_sec_mgr.obj (.text:APSME_TCLinkKeyLoad)
                  00009bd0    000001f4     drivers_cc13x2.a : PINCC26XX.oem4f (.text:PIN_init)
                  00009dc4    000001f0     zcl_sampleapps_ui.obj (.text:generateBdbInfoString)
                  00009fb4    000001ec     libZStack_nwk_zed_ccs.a : aps_mede.obj (.text:APSME_FrameSecSetupCM)
                  0000a1a0    000001ec     cui.obj (.text:CUI_processMenuUpdate)
                  0000a38c    000001e6     nvocmp.obj (.text:NVOCMP_findItem)
                  0000a572    00000002     rf_multiMode_cc13x2.a : rfc.c.cc13x2.ccs.o (.text:NOROM_RFCCpePatchReset)
                  0000a574    000001e4     libZStack_nwk_zed_ccs.a : aps_mede.obj (.text:APSDE_DataReq)
                  0000a758    000001e4     zcl_sampleapps_ui.obj (.text:UI_Init)
                  0000a93c    000001e4     zd_app.obj (.text:ZDApp_ProcessNetworkJoin)
                  0000ab20    000001e0     zd_sec_mgr.obj (.text:APSME_TCLinkKeySync)
                  0000ad00    000001dc     rf_multiMode_cc13x2.a : RFCC26X2_multiMode.c.cc13x2.ccs.o (.text:RF_dispatchNextCmd)
                  0000aedc    000001dc     libZStack_nwk_zed_ccs.a : ssp_hash.obj (.text:sspMMOHash)
                  0000b0b8    000001d8     zstacktask.obj (.text:zsProcessZDOMsgs)
                  0000b290    000001d4     LightSensor.obj (.text:mainThread)
                  0000b464    000001d0     zd_profile.obj (.text:ZDP_SimpleDescMsg)
                  0000b634    000001c4     zcl.obj (.text:zcl_SendCommandEx)
                  0000b7f8    000001c0     mac_settings.obj (.text:rfSetConfigIeee)
                  0000b9b8    000001b8     cui.obj (.text:CUI_init)
                  0000bb70    000001b6     rtsv7M4_T_le_v4SPD16_eabi.lib : fd_add_t2.asm.obj (.text)
                  0000bd26    00000002     drivers_cc13x2.a : NVSSPI25X.oem4f (.text:NVSSPI25X_deinitSpiCs)
                  0000bd28    000001b4     nwk_globals.obj (.text:NIB_init)
                  0000bedc    000001b4     nvocmp.obj (.text:NVOCMP_compactPage)
                  0000c090    000001b4     zd_object.obj (.text:ZDO_ProcessBindUnbindReq)
                  0000c244    000001b4     maclib_nosecure_cc13x2_2_4g.a : mac_radio_tx.obj (.text:macRadioCsmaTxCbIeee)
                  0000c3f8    000001b4                                   : mac_radio_tx.obj (.text:macRadioTxGoIeee)
                  0000c5ac    000001b4                                   : mac_hl_patch.obj (.text:macRxBeaconCritical)
                  0000c760    000001ac     zd_app.obj (.text:ZDO_beaconNotifyIndCB)
                  0000c90c    000001ac     af.obj (.text:afIncomingData)
                  0000cab8    000001ac     zstackstartup.obj (.text:stackServiceFxnsInit)
                  0000cc64    000001a6     zcl.obj (.text:zclParseInReadRspCmd)
                  0000ce0a    00000002     rf_multiMode_cc13x2.a : RFCC26X2_multiMode.c.cc13x2.ccs.o (.text:RF_defaultCallback)
                  0000ce0c    000001a4     cui.obj (.text:CUI_dispMenu)
                  0000cfb0    000001a4     maclib_nosecure_cc13x2_2_4g.a : mac_hl_patch.obj (.text:macWrapperDeleteKeyAndAssociatedDevices)
                  0000d154    000001a4     zcl_general.obj (.text:zclGeneral_ProcessInGroupsClient)
                  0000d2f8    000001a0     cui.obj (.text:CUI_statusLinePrintf)
                  0000d498    0000019c     bdb_reporting.obj (.text:bdb_RepChangedAttrValue)
                  0000d634    0000019a     zcl.obj (.text:zcl_SendReadRsp)
                  0000d7ce    00000002     rtsv7M4_T_le_v4SPD16_eabi.lib : _lock.c.obj (.text:_nop)
                  0000d7d0    00000198     drivers_cc13x2.a : PowerCC26X2.oem4f (.text:Power_sleep)
                  0000d968    00000198     zstacktask.obj (.text:processAfDataReq)
                  0000db00    00000190     cui.obj (.text:CUI_writeString)
                  0000dc90    00000190     drivers_cc13x2.a : PowerCC26X2_calibrateRCOSC.oem4f (.text:calibrateRcoscHf1)
                  0000de20    0000018e     zcl.obj (.text:zclProcessInDiscCmd)
                  0000dfae    00000002     drivers_cc13x2.a : PowerCC26X2.oem4f (.text:emptyClockFunc)
                  0000dfb0    0000018c     libZStack_nwk_zed_ccs.a : aps.obj (.text:APS_Reflect)
                  0000e13c    0000018c     drivers_cc13x2.a : PowerCC26X2_calibrateRCOSC.oem4f (.text:runCalibrateFsm)
                  0000e2c8    0000018c     zd_profile.obj (.text:zdpProcessAddrReq)
                  0000e454    00000186     drivers_cc13x2.a : Button.oem4f (.text:Button_clockTimeoutHandler)
                  0000e5da    00000002                      : CryptoResourceCC26XX.oem4f (.text:errorSpin)
                  0000e5dc    00000184     libZStack_nwk_zed_ccs.a : rtg.obj (.text:RTG_AddRtgEntry)
                  0000e760    00000184     zd_profile.obj (.text:ZDP_MatchDescReq)
                  0000e8e4    00000184     zd_profile.obj (.text:ZDP_MgmtBindRsp)
                  0000ea68    00000180     zd_app.obj (.text:ZDOInitDeviceEx)
                  0000ebe8    00000180     zstackstartup.obj (.text:stackInit)
                  0000ed68    0000017c     maclib_nosecure_cc13x2_2_4g.a : mac_rx.obj (.text:rxPayloadIsr)
                  0000eee4    0000017c     zcl.obj (.text:zclParseInWriteCmd)
                  0000f060    00000178     drivers_cc13x2.a : SPICC26X2DMA.oem4f (.text:SPICC26X2DMA_transferCancel)
                  0000f1d8    00000178     zd_profile.obj (.text:ZDP_MgmtLqiRsp)
                  0000f350    00000178     drivers_cc13x2.a : SPICC26X2DMA.oem4f (.text:configNextTransfer)
                  0000f4c8    00000178     maclib_nosecure_cc13x2_2_4g.a : mac.obj (.text:macRxCbIeee)
                  0000f640    00000174     cui.obj (.text:CUI_acquireStatusLine)
                  0000f7b4    00000174     cui.obj (.text:CUI_handleMenuList)
                  0000f928    00000174     drivers_cc13x2.a : PowerCC26X2.oem4f (.text:Power_init)
                  0000fa9c    00000174     maclib_nosecure_cc13x2_2_4g.a : mac_hl_patch.obj (.text:macWrapperDeleteAllDevices)
                  0000fc10    00000172     zcl.obj (.text:zcl_SendReportCmdEx)
                  0000fd82    00000002     maclib_nosecure_cc13x2_2_4g.a : mac_pwr.obj (.text:macApiPwrOnReq)
                  0000fd84    0000016c     zcl_sampleapps_ui.obj (.text:UI_UpdateDeviceInfoLine)
                  0000fef0    0000016c     zd_profile.obj (.text:ZDP_EndDeviceBindReq)
                  0001005c    0000016c     libZStack_nwk_zed_ccs.a : nwk.obj (.text:nwk_beacon_notify_ind_processing)
                  000101c8    0000016a     zd_object.obj (.text:ZDO_ParseSimpleDescBuf)
                  00010332    00000002     maclib_nosecure_cc13x2_2_4g.a : mac_radio.obj (.text:macRadioSetRE)
                  00010334    00000168     drivers_cc13x2.a : NVSSPI25X.oem4f (.text:NVSSPI25X_write)
                  0001049c    00000168     maclib_nosecure_cc13x2_2_4g.a : mac_tx.obj (.text:macTxFrame)
                  00010604    00000164     libZStack_nwk_zed_ccs.a : nwk_util.obj (.text:NLDE_BuildMsg)
                  00010768    00000164     drivers_cc13x2.a : UARTCC26XX.oem4f (.text:UARTCC26XX_open)
                  000108cc    00000160     libZStack_nwk_zed_ccs.a : aps.obj (.text:APS_DataIndReflect)
                  00010a2c    00000160     bdb.obj (.text:bdb_filterNwkDisc)
                  00010b8c    0000015c     cui.obj (.text:CUI_handleMenuIntercept)
                  00010ce8    0000015c     zd_sec_mgr.obj (.text:ZDSecMgrRestoreFromNV)
                  00010e44    0000015c     zcl.obj (.text:zclFindNextCmdRec)
                  00010fa0    00000158     zcl_general.obj (.text:zclGeneral_ProcessInIdentity)
                  000110f8    00000154     rf_multiMode_cc13x2.a : RFCC26X2_multiMode.c.cc13x2.ccs.o (.text:RF_radioOpDoneCb)
                  0001124c    00000154     drivers_cc13x2.a : UARTCC26XX.oem4f (.text:UARTCC26XX_hwiIntFxn)
                  000113a0    00000154     zstacktask.obj (.text:processSysNwkInfoReadReq)
                  000114f4    00000150     drivers_cc13x2.a : SPICC26X2DMA.oem4f (.text:SPICC26X2DMA_open)
                  00011644    00000150     libZStack_nwk_zed_ccs.a : nwk_util.obj (.text:nwk_SetCurrentPollRateType)
                  00011794    0000014a     zcl.obj (.text:zcl_SendConfigReportRspCmdEx)
                  000118de    00000002     maclib_nosecure_cc13x2_2_4g.a : mac_radio_tx.obj (.text:macRadioTxCancelTxAck)
                  000118e0    00000148     rf_multiMode_cc13x2.a : RFCC26X2_multiMode.c.cc13x2.ccs.o (.text:RF_fsmSetupState)
                  00011a28    00000148     drivers_cc13x2.a : SPICC26X2DMA.oem4f (.text:initIO)
                  00011b70    00000148     zcl.obj (.text:zclProcessInReadCmd)
                  00011cb8    00000144     libZStack_nwk_zed_ccs.a : ssp.obj (.text:SSP_NwkSecurityProc)
                  00011dfc    00000144     zd_object.obj (.text:ZDO_ParseNodeDescRsp)
                  00011f40    00000144     zcl.obj (.text:zclGetDataTypeLength)
                  00012084    00000140     zstacktask.obj (.text:processSecApsLinkKeySetReq)
                  000121c4    00000140     zcl_sampletemperaturesensor.obj (.text:zclSampleTemperatureSensor_UiActionChangeTemp)
                  00012304    0000013c     drivers_cc13x2.a : AESCCMCC26XX.oem4f (.text:AESCCM_startOperation)
                  00012440    0000013c     zcl_sampletemperaturesensor.obj (.text:zclSampleTemperatureSensor_Init)
                  0001257c    0000013a     drivers_cc13x2.a : UARTCC26XX.oem4f (.text:UARTCC26XX_read)
                  000126b6    00000002     maclib_nosecure_cc13x2_2_4g.a : mac_rx.obj (.text:macRxRadioPowerUpInit)
                  000126b8    00000138     zd_sec_mgr.obj (.text:APSME_TCLinkKeyInit)
                  000127f0    00000138     libZStack_nwk_zed_ccs.a : nl_mede.obj (.text:NLME_ReJoinReq)
                  00012928    00000138     drivers_cc13x2.a : NVSCC26XX.oem4f (.text:NVSCC26XX_write)
                  00012a60    00000138     rf_multiMode_cc13x2.a : RFCC26X2_multiMode.c.cc13x2.ccs.o (.text:RF_abortCmd)
                  00012b98    00000138                           : RFCC26X2_multiMode.c.cc13x2.ccs.o (.text:RF_ratSetupChannel)
                  00012cd0    00000138     bdb.obj (.text:bdb_ProcessOSALMsg)
                  00012e08    00000138     bdb_reporting.obj (.text:bdb_RepFindAttrEntry)
                  00012f40    00000138     maclib_nosecure_cc13x2_2_4g.a : mac_tx.obj (.text:txCsmaDelay)
                  00013078    00000138     zcl_sampletemperaturesensor.obj (.text:zclSampleTemperatureSensor_processZStackMsgs)
                  000131b0    00000138     zstackstartup.obj (.text:zmain_ext_addr)
                  000132e8    00000136     zstacktask.obj (.text:processAfIncomingMsgInd)
                  0001341e    00000002     rtsv7M4_T_le_v4SPD16_eabi.lib : div0.asm.obj (.text)
                  00013420    00000134     osal_port.obj (.text:OsalPort_heapMalloc)
                  00013554    00000134     bdb_reporting.obj (.text:bdb_clusterEndpointArrayIncrementAll)
                  00013688    00000130     zcl_sampleapps_ui.obj (.text:UI_UpdateBindInfoLine)
                  000137b8    00000130     zd_sec_mgr.obj (.text:ZDSecMgrNwkKeyInit)
                  000138e8    00000130     bdb_finding_and_binding.obj (.text:bdb_ProcessRespondentList)
                  00013a18    00000130     rtsv7M4_T_le_v4SPD16_eabi.lib : strtol.c.obj (.text:strtol)
                  00013b48    00000130     zcl.obj (.text:zclProcessInDiscAttrsExtCmd)
                  00013c78    0000012c     zd_profile.obj (.text:ZDP_NodeDescMsg)
                  00013da4    0000012c     bdb_reporting.obj (.text:bdb_RepAddAttrCfgRecordDefaultToList)
                  00013ed0    0000012c     maclib_nosecure_cc13x2_2_4g.a : mac_hl_patch.obj (.text:macScanNextChan)
                  00013ffc    00000128     libZStack_nwk_zed_ccs.a : aps_frag.obj (.text:APSF_SendFragmented)
                  00014124    00000128                             : rtg.obj (.text:NLME_RouteDiscoveryRequest)
                  0001424c    00000128     zd_sec_mgr.obj (.text:ZDSecMgrUpdateNV)
                  00014374    00000128     maclib_nosecure_cc13x2_2_4g.a : mac_hl_patch.obj (.text:macBuildDataFrame)
                  0001449c    00000128     zcl_sampleapps_ui.obj (.text:uiActionProcessApplyInstallCode)
                  000145c4    00000124     cui.obj (.text:CUI_menuActionHelp)
                  000146e8    00000124     osal_port_timers.obj (.text:createTimerEntry)
                  0001480c    00000124     maclib_nosecure_cc13x2_2_4g.a : mac_radio.obj (.text:macRadioInitIeee)
                  00014930    00000122     drivers_cc13x2.a : I2C.oem4f (.text:I2C_transferTimeout)
                  00014a52    00000002     app_pem4f.oem4f (.text:ti_sysbios_BIOS_nullFunc__I)
                  00014a54    00000120     rf_multiMode_cc13x2.a : RFCC26X2_multiMode.c.cc13x2.ccs.o (.text:RF_close)
                  00014b74    00000120     bdb_reporting.obj (.text:bdb_RepUpdateMarkBindings)
                  00014c94    00000120     drivers_cc13x2.a : PowerCC26X2.oem4f (.text:configureXOSCHF)
                  00014db4    00000120     libZStack_nwk_zed_ccs.a : nwk_bufs.obj (.text:nwk_MacDataBuffersAdd)
                  00014ed4    00000120     zcl.obj (.text:zclProcessInDiscAttrsCmd)
                  00014ff4    0000011c     libZStack_nwk_zed_ccs.a : nwk_util.obj (.text:NLDE_DataReqSend)
                  00015110    0000011c     bdb_reporting.obj (.text:bdb_RepSetupReporting)
                  0001522c    0000011c     main.obj (.text:main)
                  00015348    00000118     libZStack_nwk_zed_ccs.a : nwk_util.obj (.text:NLDE_ParseMsg)
                  00015460    00000118     nvocmp.obj (.text:NVOCMP_readHeader)
                  00015578    00000118     maclib_nosecure_cc13x2_2_4g.a : mac.obj (.text:macSetupRATChanCompare)
                  00015690    00000116     zstacktask.obj (.text:sendNodeDescRspInd)
                  000157a6    00000002     rom_sysbios.aem4f : rom_sysbios.obj (.text:ti_sysbios_heaps_HeapCallback_defaultDelete)
                  000157a8    00000114     nvocmp.obj (.text:NVOCMP_initNvApi)
                  000158bc    00000114     drivers_cc13x2.a : PINCC26XX.oem4f (.text:PINCC26XX_setIoCfg)
                  000159d0    00000114     zstacktask.obj (.text:processSecApsLinkKeyGetReq)
                  00015ae4    00000110     libZStack_nwk_zed_ccs.a : aps_mede.obj (.text:APSDE_FrameAlloc)
                  00015bf4    00000110     drivers_cc13x2.a : GPIOCC26XX.oem4f (.text:GPIO_setConfig)
                  00015d04    00000110                      : I2CCC26XX.oem4f (.text:I2CCC26XX_hwiFxn)
                  00015e14    00000110                      : LED.oem4f (.text:LED_open)
                  00015f24    00000110     libZStack_nwk_zed_ccs.a : nl_mede_cb.obj (.text:NLDE_DataCnf)
                  00016034    00000110     zcl_sampleapps_ui.obj (.text:UI_UpdateNwkStatusLine)
                  00016144    00000110     zstacktask.obj (.text:ZStackTaskProcessEvent)
                  00016254    0000010e     zstacktask.obj (.text:sendSimpleDescRspInd)
                  00016362    00000002     rom_sysbios.aem4f : rom_sysbios.obj (.text:xdc_runtime_SysCallback_defaultAbort)
                  00016364    0000010c     drivers_cc13x2.a : I2CCC26XX.oem4f (.text:I2C_open)
                  00016470    0000010c     zd_object.obj (.text:ZDO_StartDevice)
                  0001657c    0000010c     zstacktask.obj (.text:processDevForceNetworkSettingsReq)
                  00016688    0000010c     zcl.obj (.text:zcl_SendDiscoverAttrsExtRsp)
                  00016794    00000108     drivers_cc13x2.a : AESECBCC26XX.oem4f (.text:AESECB_startOperation)
                  0001689c    00000108     binding_table.obj (.text:bindFindExisting)
                  000169a4    00000108     libZStack_nwk_zed_ccs.a : ssp.obj (.text:ccmStar)
                  00016aac    00000108     zcl.obj (.text:zcl_SendDiscoverCmdsRspCmd)
                  00016bb4    00000106     app_pem4f.oem4f (.text:xdc_runtime_System_printfExtend__I)
                  00016cba    00000106     zcl_general.obj (.text:zclGeneral_SendGroupGetMembershipRequest)
                  00016dc0    00000104     libZStack_nwk_zed_ccs.a : aps_mede.obj (.text:APSDE_FrameHdrSet)
                  00016ec4    00000104     nvocmp.obj (.text:NVOCMP_erase)
                  00016fc8    00000104     rf_multiMode_cc13x2.a : RFCC26X2_multiMode.c.cc13x2.ccs.o (.text:RF_hwiCpe0Active)
                  000170cc    00000104     bdb_reporting.obj (.text:bdb_clusterEndpointArrayMoveTo)
                  000171d0    00000104     bdb.obj (.text:bdb_rejoinNwk)
                  000172d4    00000104     bdb_reporting.obj (.text:bdb_repAttrCfgRecordsArrayAdd)
                  000173d8    00000102     zcl_general.obj (.text:zclGeneral_SendAddGroupRequestEx)
                  000174da    00000002     rom_sysbios.aem4f : rom_sysbios.obj (.text:xdc_runtime_SysCallback_defaultExit)
                  000174dc    00000100     nvocmp.obj (.text:NVOCMP_updateItemApi)
                  000175dc    00000100     libZStack_nwk_zed_ccs.a : nwk.obj (.text:nwk_associate_cnf_processing)
                  000176dc    00000100     zcl.obj (.text:zcl_SendDiscoverAttrsRspCmd)
                  000177dc    000000fc     rf_multiMode_cc13x2.a : RFCC26X2_multiMode.c.cc13x2.ccs.o (.text:RF_decodeOverridePointers)
                  000178d8    000000fc     zd_profile.obj (.text:ZDP_BindUnbindReq)
                  000179d4    000000fc     zcl.obj (.text:zcl_SendWriteRsp)
                  00017ad0    000000fa     zd_object.obj (.text:ZDO_ProcessMgmtBindReq)
                  00017bca    00000002     rom_sysbios.aem4f : rom_sysbios.obj (.text:xdc_runtime_SysCallback_defaultFlush)
                  00017bcc    000000f8     drivers_cc13x2.a : NVSSPI25X.oem4f (.text:NVSSPI25X_open)
                  00017cc4    000000f8     zd_object.obj (.text:ZDO_ParseAddrRsp)
                  00017dbc    000000f8     bdb_reporting.obj (.text:bdb_repAttrCfgRecordsArrayConsolidateValues)
                  00017eb4    000000f8     zcl_port.obj (.text:zcl_HandleExternal)
                  00017fac    000000f4     cui.obj (.text:CUI_assert)
                  000180a0    000000f4     drivers_cc13x2.a : SPICC26X2DMA.oem4f (.text:SPICC26X2DMA_control)
                  00018194    000000f4     af.obj (.text:afBuildMSGIncoming)
                  00018288    000000f2     libZStack_nwk_zed_ccs.a : aps_util.obj (.text:APSDE_ParseMsg)
                  0001837a    00000002     rom_sysbios.aem4f : rom_sysbios.obj (.text:xdc_runtime_SysCallback_defaultPutch)
                  0001837c    000000f0     libZStack_nwk_zed_ccs.a : nl_mede.obj (.text:NLME_NetworkFormationRequest)
                  0001846c    000000f0     driverlib.lib : sys_ctrl.obj (.text:NOROM_SysCtrlStandby)
                  0001855c    000000f0     rf_multiMode_cc13x2.a : RFCC26X2_multiMode.c.cc13x2.ccs.o (.text:RF_fsmPowerUpState)
                  0001864c    000000f0     zd_app.obj (.text:ZDApp_event_loop)
                  0001873c    000000f0     zstacktask.obj (.text:processZdoBindReq)
                  0001882c    000000ec     rom_sysbios.aem4f : rom_sysbios.obj (.text:pthread_create)
                  00018918    000000ec     zcl_port.obj (.text:zclport_registerEndpoint)
                  00018a04    000000e8     libZStack_nwk_zed_ccs.a : aps_mede.obj (.text:APSME_AddTCLinkKey)
                  00018aec    000000e8                             : aps_mede.obj (.text:APSME_VerifyKeyReq)
                  00018bd4    000000e8     drivers_cc13x2.a : Button.oem4f (.text:Button_open)
                  00018cbc    000000e8     cui.obj (.text:CUI_clientOpen)
                  00018da4    000000e4     nvocmp.obj (.text:NVOCMP_addItem)
                  00018e88    000000e4     nvocmp.obj (.text:NVOCMP_createItemApi)
                  00018f6c    000000e4     nvocmp.obj (.text:NVOCMP_eraseNvApi)
                  00019050    000000e4     zcl_sampleapps_ui.obj (.text:uiActionProcessConfigureChannels)
                  00019134    000000e0     drivers_cc13x2.a : UARTCC26XX.oem4f (.text:UARTCC26XX_write)
                  00019214    000000e0     zd_sec_mgr.obj (.text:ZDSecMgrReadKeyFromNv)
                  000192f4    000000e0     maclib_nosecure_cc13x2_2_4g.a : mac_symbol_timer.obj (.text:macSymbolTimerUpdateWakeup)
                  000193d4    000000e0     zcl.obj (.text:zclFindNextAttrRec)
                  000194b4    000000dc     bdb.obj (.text:bdb_crcBitByBitFast)
                  00019590    000000dc     bdb_finding_and_binding.obj (.text:bdb_zclFindingBindingEpType)
                  0001966c    000000dc     zcl_sampletemperaturesensor.obj (.text:zclSampleTemperatureSensor_processAfIncomingMsgInd)
                  00019748    000000d8     libZStack_nwk_zed_ccs.a : addr_mgr.obj (.text:AddrMgrEntryUpdate)
                  00019820    000000d8     maclib_nosecure_cc13x2_2_4g.a : mac_hl_patch.obj (.text:MAC_MlmeScanReq)
                  000198f8    000000d8     nvocmp.obj (.text:NVOCMP_deleteItemApi)
                  000199d0    000000d8     osal_port.obj (.text:OsalPort_msgFindDequeue)
                  00019aa8    000000d8     rf_multiMode_cc13x2.a : RFCC26X2_multiMode.c.cc13x2.ccs.o (.text:RF_control)
                  00019b80    000000d8                           : RFCC26X2_multiMode.c.cc13x2.ccs.o (.text:RF_pendCmd)
                  00019c58    000000d8     zd_app.obj (.text:ZDApp_ProcessOSALMsg)
                  00019d30    000000d8     maclib_nosecure_cc13x2_2_4g.a : mac_hl_patch.obj (.text:macBuildHeaderIes)
                  00019e08    000000d8                                   : mac_tx.obj (.text:txCsmaPrep)
                  00019ee0    000000d4     libZStack_nwk_zed_ccs.a : nwk_util.obj (.text:NLME_RestoreFromNV)
                  00019fb4    000000d4                             : nwk_util.obj (.text:RTG_UpdateNeighborEntry)
                  0001a088    000000d4     zd_app.obj (.text:ZDO_JoinConfirmCB)
                  0001a15c    000000d4     zd_sec_mgr.obj (.text:ZDSecMgrSetDefaultNV)
                  0001a230    000000d4     bdb.obj (.text:bdb_ProcessNodeDescRsp)
                  0001a304    000000d4     bdb_reporting.obj (.text:bdb_clusterEndpointArrayGetMin)
                  0001a3d8    000000d4     binding_table.obj (.text:bindRemoveDev)
                  0001a4ac    000000d4     maclib_nosecure_cc13x2_2_4g.a : mac_hl_patch.obj (.text:macEdScanISR)
                  0001a580    000000d4     zstacktask.obj (.text:processBdbGetAttributesReq)
                  0001a654    000000d2     rf_multiMode_cc13x2.a : RFCC26X2_multiMode.c.cc13x2.ccs.o (.text:RF_updatePaConfiguration)
                  0001a726    00000002     zcl_sampletemperaturesensor.obj (.text:zclSampleTemperatureSensor_RemoveAppNvmData)
                  0001a728    000000d0     nvocmp.obj (.text:NVOCMP_readContItemApi)
                  0001a7f8    000000d0     osal_port.obj (.text:OsalPort_pwrmgrTaskState)
                  0001a8c8    000000d0     zd_app.obj (.text:ZDApp_RestoreNwkSecMaterial)
                  0001a998    000000d0     zd_sec_mgr.obj (.text:ZDSecMgrDeviceRemove)
                  0001aa68    000000d0     maclib_nosecure_cc13x2_2_4g.a : mac_hl_patch.obj (.text:macApiStartReq)
                  0001ab38    000000ce     zcl_general.obj (.text:zclGeneral_SendGroupViewResponse)
                  0001ac06    00000002     --HOLE-- [fill = 0]
                  0001ac08    000000cc     driverlib.lib : aes.obj (.text:NOROM_AESWriteToKeyStore)
                  0001acd4    000000cc     rf_multiMode_cc13x2.a : RFCC26X2_multiMode.c.cc13x2.ccs.o (.text:RF_swiHw)
                  0001ada0    000000cc     libZStack_nwk_zed_ccs.a : ssp.obj (.text:SSP_Process)
                  0001ae6c    000000cc     zmac.obj (.text:ZMacDataReqSec)
                  0001af38    000000cc     maclib_nosecure_cc13x2_2_4g.a : mac_timer.obj (.text:macSymbolTimerTriggerCallback)
                  0001b004    000000cc     zcl_sampleapps_ui.obj (.text:uiArrayToString)
                  0001b0d0    000000c8     dpl_cc13x2.a : PowerCC26X2_tirtos.oem4f (.text:PowerCC26XX_standbyPolicy)
                  0001b198    000000c8     bdb_reporting.obj (.text:bdb_clusterEndpointArrayAdd)
                  0001b260    000000c8     zcl.obj (.text:zclParseInDiscAttrsExtRspCmd)
                  0001b328    000000c8     zcl.obj (.text:zclParseInWriteRspCmd)
                  0001b3f0    000000c4     drivers_cc13x2.a : GPIOCC26XX.oem4f (.text:GPIO_init)
                  0001b4b4    000000c4     maclib_nosecure_cc13x2_2_4g.a : mac_autopend.obj (.text:MAC_SrcMatchAddEntry)
                  0001b578    000000c4     libZStack_nwk_zed_ccs.a : nl_mede.obj (.text:NLME_JoinRequest)
                  0001b63c    000000c4                             : nwk_util.obj (.text:NLME_LeaveCmdProcess)
                  0001b700    000000c4     nvocmp.obj (.text:NVOCMP_writeItemApi)
                  0001b7c4    000000c4     zd_app.obj (.text:ZDO_LeaveInd)
                  0001b888    000000c4     zd_object.obj (.text:ZDO_ProcessMgmtLeaveReq)
                  0001b94c    000000c4     zd_profile.obj (.text:ZDP_IncomingData)
                  0001ba10    000000c4     zstackstartup.obj (.text:stackTaskFxn)
                  0001bad4    000000c2     zcl.obj (.text:zclParseHdr)
                  0001bb96    00000002     --HOLE-- [fill = 0]
                  0001bb98    000000c0     drivers_cc13x2.a : PowerCC26X2.oem4f (.text:Power_releaseDependency)
                  0001bc58    000000c0                      : TRNGCC26XX.oem4f (.text:TRNG_getRandom)
                  0001bd18    000000c0                      : UARTCC26XX.oem4f (.text:UARTCC26XX_initIO)
                  0001bdd8    000000c0     zcl_sampleapps_ui.obj (.text:UI_UpdateBdbStatusLine)
                  0001be98    000000c0     zd_config.obj (.text:ZDConfig_UpdateNodeDescriptor)
                  0001bf58    000000c0     zd_profile.obj (.text:ZDP_EPRsp)
                  0001c018    000000c0     bdb_finding_and_binding.obj (.text:bdb_ProcessSimpleDesc)
                  0001c0d8    000000c0     maclib_nosecure_cc13x2_2_4g.a : mac.obj (.text:macGetRFCmdDuration)
                  0001c198    000000c0     zstacktask.obj (.text:processDevNwkDiscoveryReq)
                  0001c258    000000bc     nvocmp.obj (.text:NVOCMP_readItem)
                  0001c314    000000bc     rf_multiMode_cc13x2.a : RFCC26X2_multiMode.c.cc13x2.ccs.o (.text:RF_initRadioSetup)
                  0001c3d0    000000bc     bdb_reporting.obj (.text:bdb_clusterEndpointArrayUpdateAt)
                  0001c48c    000000bc     libZStack_nwk_zed_ccs.a : nwk.obj (.text:nwk_data_cnf_processing)
                  0001c548    000000ba     drivers_cc13x2.a : I2CCC26XX.oem4f (.text:I2CCC26XX_swiFxn)
                  0001c602    000000ba     zstacktask.obj (.text:sendBeaconNotifyInd)
                  0001c6bc    000000b8     nvocmp.obj (.text:NVOCMP_findSignature)
                  0001c774    000000b8     drivers_cc13x2.a : PowerCC26X2.oem4f (.text:Power_setDependency)
                  0001c82c    000000b8                      : UARTCC26XX.oem4f (.text:UARTCC26XX_initHw)
                  0001c8e4    000000b8     zd_app.obj (.text:ZDApp_SaveNwkKey)
                  0001c99c    000000b8     bdb_finding_and_binding.obj (.text:bdb_ProcessIEEEAddrRsp)
                  0001ca54    000000b8     drivers_cc13x2.a : NVSSPI25X.oem4f (.text:doErase)
                  0001cb0c    000000b8     maclib_nosecure_cc13x2_2_4g.a : mac_hl_patch.obj (.text:macMgmtReset)
                  0001cbc4    000000b8     zstackapi.obj (.text:sendReqRsp)
                  0001cc7c    000000b8     zcl_sampleapps_ui.obj (.text:uiActionProcessConfigureBdbModes)
                  0001cd34    000000b8     zcl.obj (.text:zclParseInDiscAttrsRspCmd)
                  0001cdec    000000b6     nvocmp.obj (.text:NVOCMP_doNVCRC)
                  0001cea2    00000002     --HOLE-- [fill = 0]
                  0001cea4    000000b4     nvocmp.obj (.text:NVOCMP_checkItem)
                  0001cf58    000000b4     mac_util.obj (.text:Util_itoa)
                  0001d00c    000000b4     maclib_nosecure_cc13x2_2_4g.a : mac_radio.obj (.text:scheduleNopWakeupCmd)
                  0001d0c0    000000b2     nvocmp.obj (.text:NVOCMP_findOffset)
                  0001d172    000000b2     zcl.obj (.text:zclParseInReadReportCfgCmd)
                  0001d224    000000b0     zd_sec_mgr.obj (.text:APSME_LinkKeySet)
                  0001d2d4    000000b0     libZStack_nwk_zed_ccs.a : aps.obj (.text:APS_GetBind)
                  0001d384    000000b0     osal_port.obj (.text:OsalPort_setTimer)
                  0001d434    000000b0     libZStack_nwk_zed_ccs.a : rtg.obj (.text:RTG_AddSrcRtgEntry_Guaranteed)
                  0001d4e4    000000b0     zd_sec_mgr.obj (.text:ZDSecMgrGenerateKeyFromSeed)
                  0001d594    000000b0     zd_sec_mgr.obj (.text:ZDSecMgrSaveTCLinkKey)
                  0001d644    000000b0     binding_table.obj (.text:bindRemoveClusterIdFromList)
                  0001d6f4    000000b0     maclib_nosecure_cc13x2_2_4g.a : mac_hl_patch.obj (.text:macApiBeaconStartReq)
                  0001d7a4    000000b0                                   : mac_hl_patch.obj (.text:macDataTxComplete)
                  0001d854    000000b0                                   : mac_rx.obj (.text:macRxInit)
                  0001d904    000000b0                                   : mac_hl_patch.obj (.text:macScanRxCoordRealign)
                  0001d9b4    000000b0     zstacktask.obj (.text:processBdbSetAttributesReq)
                  0001da64    000000b0     zstacktask.obj (.text:sendIeeeAddrRspInd)
                  0001db14    000000b0     zstacktask.obj (.text:sendNwkAddrRspInd)
                  0001dbc4    000000b0     zstackapi.obj (.text:sendReqDefaultRsp)
                  0001dc74    000000b0     zcl.obj (.text:zclAnalogDataType)
                  0001dd24    000000ae     zmac.obj (.text:convertTxOptions)
                  0001ddd2    000000ae     zstacktask.obj (.text:processZdoUnbindReq)
                  0001de80    000000ac     libZStack_nwk_zed_ccs.a : aps_mede_cb.obj (.text:APSDE_DataIndication)
                  0001df2c    000000ac     nvocmp.obj (.text:NVOCMP_readItemApi)
                  0001dfd8    000000ac     drivers_cc13x2.a : PINCC26XX.oem4f (.text:PIN_open)
                  0001e084    000000ac     driverlib.lib : setup.obj (.text:TrimAfterColdResetWakeupFromShutDown)
                  0001e130    000000ac     zd_profile.obj (.text:ZDO_SendMsgCBs)
                  0001e1dc    000000ac     zd_sec_mgr.obj (.text:ZDSecMgrWriteNV)
                  0001e288    000000ac     zstacktask.obj (.text:processSecApsLinkKeyRemoveReq)
                  0001e334    000000a8     osal_port.obj (.text:HEAPMGR_GETLARGESTFREEBUF)
                  0001e3dc    000000a8     zd_sec_mgr.obj (.text:ZDSecMgrSaveApsLinkKey)
                  0001e484    000000a8     maclib_nosecure_cc13x2_2_4g.a : mac_hl_patch.obj (.text:macBeaconCheckTxTime)
                  0001e52c    000000a8                                   : mac_hl_patch.obj (.text:macTrackTimeoutCallback)
                  0001e5d4    000000a8     zstacktask.obj (.text:processZdoMgmtLeaveReq)
                  0001e67c    000000a8     osal_port_timers.obj (.text:timerCb)
                  0001e724    000000a6     bdb.obj (.text:bdb_AddRespondentNode)
                  0001e7ca    000000a6     zstacktask.obj (.text:processApsFindGroupReq)
                  0001e870    000000a4     libZStack_nwk_zed_ccs.a : aps_frag.obj (.text:APSF_ProcessAck)
                  0001e914    000000a4     nvocmp.obj (.text:NVOCMP_compactNvApi)
                  0001e9b8    000000a4     osal_port.obj (.text:OsalPort_registerTask)
                  0001ea5c    000000a4     osal_port.obj (.text:OsalPort_setEvent)
                  0001eb00    000000a4     rf_multiMode_cc13x2.a : RFCC26X2_multiMode.c.cc13x2.ccs.o (.text:RF_ratRestartChannels)
                  0001eba4    000000a4     zd_object.obj (.text:ZDO_ProcessSimpleDescReq)
                  0001ec48    000000a4     libZStack_nwk_zed_ccs.a : nwk_util.obj (.text:nwk_SetConfigPollRate)
                  0001ecec    000000a2     nvocmp.obj (.text:NVOCMP_getDstPage)
                  0001ed8e    000000a2     zcl_port.obj (.text:zcl_AF_DataRequest)
                  0001ee30    000000a0     libZStack_nwk_zed_ccs.a : aps_mede.obj (.text:APSME_RemoveDeviceReq)
                  0001eed0    000000a0                             : aps_mede.obj (.text:APSME_SearchTCLinkKeyEntry)
                  0001ef70    000000a0                             : nwk_util.obj (.text:NLDE_ParseMsg2)
                  0001f010    000000a0                             : nwk_util.obj (.text:NLME_ProcessEndDevTimeoutRsp)
                  0001f0b0    000000a0     nvocmp.obj (.text:NVOCMP_setPageState)
                  0001f150    000000a0     rf_multiMode_cc13x2.a : RFCC26X2_multiMode.c.cc13x2.ccs.o (.text:RF_requestAccess)
                  0001f1f0    000000a0     libZStack_nwk_zed_ccs.a : ssp.obj (.text:SSP_SwitchNwkKey)
                  0001f290    000000a0     auto_init.aem4f : auto_init.oem4f (.text)
                  0001f330    000000a0     maclib_nosecure_cc13x2_2_4g.a : mac_radio.obj (.text:macRadioUpdateChannel)
                  0001f3d0    000000a0                                   : mac_radio.obj (.text:macRadioUpdateChannelRx)
                  0001f470    000000a0     zstacktask.obj (.text:processDevForceNetworkUpdateReq)
                  0001f510    000000a0     rom_sysbios.aem4f : rom_sysbios.obj (.text:ti_sysbios_knl_Task_setPri__E)
                  0001f5b0    0000009e     libZStack_nwk_zed_ccs.a : aps.obj (.text:APS_ReReflect)
                  0001f64e    0000009e     osal_port.obj (.text:OsalPort_buildUint32)
                  0001f6ec    0000009e     zstacktask.obj (.text:sendActiveEPRspInd)
                  0001f78a    0000009e     zstacktask.obj (.text:sendMatchDescRspInd)
                  0001f828    0000009e     zstacktask.obj (.text:sendZdoSrcRtgInd)
                  0001f8c6    00000002     --HOLE-- [fill = 0]
                  0001f8c8    0000009c     osal_port.obj (.text:OsalPort_heapInit)
                  0001f964    0000009c     libZStack_nwk_zed_ccs.a : rtg.obj (.text:RTG_GetRtgEntry)
                  0001fa00    0000009c     drivers_cc13x2.a : TRNGCC26XX.oem4f (.text:TRNG_construct)
                  0001fa9c    0000009c     zstacktask.obj (.text:ZStackTaskInit)
                  0001fb38    0000009c     zstackapi.obj (.text:Zstackapi_sysNwkInfoReadReq)
                  0001fbd4    0000009c     binding_table.obj (.text:bindAddressClear)
                  0001fc70    0000009c     maclib_nosecure_cc13x2_2_4g.a : mac_hl_patch.obj (.text:macAutoPendAddSrcMatchTableEntry)
                  0001fd0c    0000009c                                   : mac_sleep.obj (.text:macSleep)
                  0001fda8    0000009c                                   : mac_tx.obj (.text:macTxChannelBusyCallback)
                  0001fe44    0000009c     libZStack_nwk_zed_ccs.a : nwk_util.obj (.text:nwkNeighborFindRandom)
                  0001fee0    0000009c     osal_nv.obj (.text:osal_nv_delete_ex)
                  0001ff7c    0000009c     rtsv7M4_T_le_v4SPD16_eabi.lib : memcpy_t2.asm.obj (.text)
                  00020018    0000009c     zstackstartup.obj (.text:stackTask_init)
                  000200b4    00000098     driverlib.lib : setup.obj (.text:NOROM_SetupTrimDevice)
                  0002014c    00000098     osal_port.obj (.text:OsalPort_clearEvent)
                  000201e4    00000098     rf_multiMode_cc13x2.a : RFCC26X2_multiMode.c.cc13x2.ccs.o (.text:RF_calculateDispatchTime)
                  0002027c    00000098     drivers_cc13x2.a : TRNGCC26XX.oem4f (.text:TRNGCC26XX_hwiFxn)
                  00020314    00000098     zd_profile.obj (.text:ZDP_PowerDescMsg)
                  000203ac    00000098     bdb_finding_and_binding.obj (.text:bdb_FindIfAppCluster)
                  00020444    00000098     zd_profile.obj (.text:fillAndSend)
                  000204dc    00000098     drivers_cc13x2.a : UARTCC26XX.oem4f (.text:writeTxFifoFlush)
                  00020574    00000098     zcl.obj (.text:zclBuildHdr)
                  0002060c    00000096     drivers_cc13x2.a : I2CCC26XX.oem4f (.text:I2CSupport_primeTransfer)
                  000206a2    00000096     rtsv7M4_T_le_v4SPD16_eabi.lib : ull_div_t2.asm.obj (.text)
                  00020738    00000096     zcl.obj (.text:zclFindAttrRec)
                  000207ce    00000096     zcl.obj (.text:zclProcessInDiscAttrs)
                  00020864    00000096     zcl.obj (.text:zclRevertWriteUndividedCmd)
                  000208fa    00000002     --HOLE-- [fill = 0]
                  000208fc    00000094     nvocmp.obj (.text:NVOCMP_loadApiPtrs)
                  00020990    00000094     zd_app.obj (.text:ZDApp_StoreNwkSecMaterial)
                  00020a24    00000094     bdb_reporting.obj (.text:bdb_RepInitAttrCfgRecords)
                  00020ab8    00000094     bdb_reporting.obj (.text:bdb_repAttrCfgRecordsArraySearch)
                  00020b4c    00000094     bdb_finding_and_binding.obj (.text:bdb_setEpDescListToActiveEndpoint)
                  00020be0    00000094     maclib_nosecure_cc13x2_2_4g.a : mac_timer.obj (.text:macTimerUpdateSymbolTimer)
                  00020c74    00000094     zstacktask.obj (.text:processApsAddGroup)
                  00020d08    00000094     zcl_sampletemperaturesensor.obj (.text:zclSampleTemperatureSensor_ProcessIncomingMsg)
                  00020d9c    00000094     zcl_port.obj (.text:zclport_registerZclHandleExternal)
                  00020e30    00000092     drivers_cc13x2.a : UARTCC26XX.oem4f (.text:UARTCC26XX_writeCancel)
                  00020ec2    00000092     libZStack_nwk_zed_ccs.a : aps_util.obj (.text:apsGenerateAck)
                  00020f54    00000090                             : aps.obj (.text:APS_EndDeviceBroadcastCheck)
                  00020fe4    00000090     binding_table.obj (.text:InitBindingTable)
                  00021074    00000090     libZStack_nwk_zed_ccs.a : nwk_util.obj (.text:NLME_LeaveCmdSend)
                  00021104    00000090     osal_port.obj (.text:OsalPort_msgFind)
                  00021194    00000090     rf_multiMode_cc13x2.a : RFCC26X2_multiMode.c.cc13x2.ccs.o (.text:RF_discardPendCmd)
                  00021224    00000090                           : RFCC26X2_multiMode.c.cc13x2.ccs.o (.text:RF_getInfo)
                  000212b4    00000090     cui.obj (.text:UartWriteCallback)
                  00021344    00000090     zd_profile.obj (.text:ZDP_MgmtPermitJoinReq)
                  000213d4    00000090     zmac.obj (.text:ZMacScanReq)
                  00021464    00000090     maclib_nosecure_cc13x2_2_4g.a : mac_hl_patch.obj (.text:macCcmDecrypt)
                  000214f4    00000090                                   : mac_autopend.obj (.text:macSrcMatchCheckSrcAddr)
                  00021584    00000090     zcl_sampleapps_ui.obj (.text:uiActionProcessConfigurePriChannels)
                  00021614    00000090     zcl_sampleapps_ui.obj (.text:uiActionProcessConfigureSecChannels)
                  000216a4    00000090     zcl_sampleapps_ui.obj (.text:uiProcessIdentifyTimeChange)
                  00021734    0000008e     nvocmp.obj (.text:NVOCMP_setItemInactive)
                  000217c2    0000008e     nwk_globals.obj (.text:nwk_adjustDelay)
                  00021850    0000008c     maclib_nosecure_cc13x2_2_4g.a : mac_hl_patch.obj (.text:MAC_ResumeReq)
                  000218dc    0000008c     libZStack_nwk_zed_ccs.a : nwk_util.obj (.text:NLME_CheckNewAddrSet)
                  00021968    0000008c                             : nwk_util.obj (.text:NLME_SendNetworkReport)
                  000219f4    0000008c     osal_port_timers.obj (.text:OsalPortTimers_stopTimer)
                  00021a80    0000008c     osal_port.obj (.text:OsalPort_msgReceive)
                  00021b0c    0000008c     zd_object.obj (.text:ZDO_ParseBindUnbindReq)
                  00021b98    0000008c     zd_object.obj (.text:ZDO_ProcessActiveEPReq)
                  00021c24    0000008c     zd_profile.obj (.text:ZDO_RegisterForZDOMsg)
                  00021cb0    0000008c     zd_profile.obj (.text:ZDP_NwkAddrReq)
                  00021d3c    0000008c     bdb.obj (.text:bdb_nwkJoiningFormation)
                  00021dc8    0000008c     bdb.obj (.text:bdb_parentLost)
                  00021e54    0000008c     maclib_nosecure_cc13x2_2_4g.a : mac_hl_patch.obj (.text:macCcmEncrypt)
                  00021ee0    0000008c                                   : mac_mcu.obj (.text:macMcuOverflowSetPeriod)
                  00021f6c    0000008c     libZStack_nwk_zed_ccs.a : nwk_util.obj (.text:nwkChangePanID)
                  00021ff8    0000008c     rom_sysbios.aem4f : rom_sysbios.obj (.text:ti_sysbios_gates_GateMutexPri_enter__E)
                  00022084    0000008c     zcl_sampleapps_ui.obj (.text:uiUintToString)
                  00022110    0000008a     zcl_general.obj (.text:zclGeneral_HdlInSpecificCommands)
                  0002219a    0000008a     zcl.obj (.text:zclGetAttrDataLength)
                  00022224    00000088     cui.obj (.text:CUI_menuActionExecute)
                  000222ac    00000088     driverlib.lib : osc.obj (.text:NOROM_OSCHF_AttemptToSwitchToXosc)
                  00022334    00000088     rf_multiMode_cc13x2.a : RFCC26X2_multiMode.c.cc13x2.ccs.o (.text:RF_cmdDispatchTime)
                  000223bc    00000088                           : RFCC26X2_multiMode.c.cc13x2.ccs.o (.text:RF_getTxPower)
                  00022444    00000088     rom_sysbios.aem4f : rom_sysbios.obj (.text:_pthread_removeThreadKeys)
                  000224cc    00000088     bdb_reporting.obj (.text:bdb_RepProcessEvent)
                  00022554    00000088     bdb_finding_and_binding.obj (.text:bdb_SetIdentifyActiveEndpoint)
                  000225dc    00000088     bdb.obj (.text:bdb_setActiveCentralizedLinkKey)
                  00022664    00000088     drivers_cc13x2.a : PowerCC26X2_calibrateRCOSC.oem4f (.text:calibrateRcoscHf2)
                  000226ec    00000088                      : PowerCC26X2.oem4f (.text:disableLFClockQualifiers)
                  00022774    00000088     maclib_nosecure_cc13x2_2_4g.a : mac_mcu.obj (.text:macMcuOverflowSetCompare)
                  000227fc    00000088                                   : mac_pwr.obj (.text:macPwrVote)
                  00022884    00000088                                   : mac_symbol_timer.obj (.text:macSymbolTimerInit)
                  0002290c    00000088     osal_nv.obj (.text:osal_nv_item_init_ex)
                  00022994    00000088     drivers_cc13x2.a : PowerCC26X2_calibrateRCOSC.oem4f (.text:updateSubSecInc)
                  00022a1c    00000088     zcl.obj (.text:zclWriteAttrData)
                  00022aa4    00000086     nvocmp.obj (.text:NVOCMP_scanPage)
                  00022b2a    00000086     rtsv7M4_T_le_v4SPD16_eabi.lib : fd_cmp_t2.asm.obj (.text:__aeabi_cdrcmple)
                  00022bb0    00000086     zcl.obj (.text:zclParseInReadCmd)
                  00022c36    00000084     ti_drivers_config.obj (.text:Board_sendExtFlashByte)
                  00022cba    00000002     --HOLE-- [fill = 0]
                  00022cbc    00000084     libZStack_nwk_zed_ccs.a : nwk_util.obj (.text:NLDE_SendMsg)
                  00022d40    00000084     drivers_cc13x2.a : NVSSPI25X.oem4f (.text:NVSSPI25X_close)
                  00022dc4    00000084     osal_port.obj (.text:OsalPort_msgSend)
                  00022e48    00000084     rf_multiMode_cc13x2.a : RFCC26X2_multiMode.c.cc13x2.ccs.o (.text:RF_issueRadioFreeCb)
                  00022ecc    00000084                           : RFCC26X2_multiMode.c.cc13x2.ccs.o (.text:RF_verifyGap)
                  00022f50    00000084     drivers_cc13x2.a : UARTCC26XX.oem4f (.text:UARTCC26XX_close)
                  00022fd4    00000084     zd_profile.obj (.text:ZDP_IEEEAddrReq)
                  00023058    00000084     bdb.obj (.text:bdb_ZclIdentifyCmdInd)
                  000230dc    00000084     bdb.obj (.text:bdb_requestTCStackVersion)
                  00023160    00000084     binding_table.obj (.text:bindFind)
                  000231e4    00000084     maclib_nosecure_cc13x2_2_4g.a : mac_radio.obj (.text:macRadioStartScan)
                  00023268    00000084                                   : mac_timer.obj (.text:macTimerSetRollover)
                  000232ec    00000084     libZStack_nwk_zed_ccs.a : nwk.obj (.text:nwk_data_req_send)
                  00023370    00000084     osal_nv.obj (.text:osal_nv_write_ex)
                  000233f4    00000084     zcl_general.obj (.text:zclGeneral_RegisterCmdCallbacks)
                  00023478    00000082     libZStack_nwk_zed_ccs.a : aps_mede.obj (.text:APSME_RequestKeyReq)
                  000234fa    00000082     binding_table.obj (.text:bindAddrIndexGet)
                  0002357c    00000082     zstacktask.obj (.text:processSecNwkKeyGetReq)
                  000235fe    00000080     zmac.obj (.text:ApiMac_convertCapabilityInfo)
                  0002367e    00000002     --HOLE-- [fill = 0]
                  00023680    00000080     driverlib.lib : chipinfo.obj (.text:NOROM_ChipInfo_GetChipType)
                  00023700    00000080                   : sys_ctrl.obj (.text:NOROM_SysCtrlSetRechargeBeforePowerDown)
                  00023780    00000080     drivers_cc13x2.a : NVSCC26XX.oem4f (.text:NVSCC26XX_open)
                  00023800    00000080     libZStack_nwk_zed_ccs.a : rtg.obj (.text:RTG_CheckRtStatus)
                  00023880    00000080                             : rtg.obj (.text:RTG_UpdateRtDiscEntry)
                  00023900    00000080     zd_app.obj (.text:ZDAppDetermineDeviceType)
                  00023980    00000080     zd_app.obj (.text:ZDApp_RestoreNetworkState)
                  00023a00    00000080     zd_profile.obj (.text:ZDP_DeviceAnnce)
                  00023a80    00000080     zd_sec_mgr.obj (.text:ZDSecMgrEntryLookupExtGetIndex)
                  00023b00    00000080     zd_sec_mgr.obj (.text:ZDSecMgrEntryNew)
                  00023b80    00000080     af.obj (.text:afRegisterExtended)
                  00023c00    00000080     zstacktask.obj (.text:convertMsgTransOptions)
                  00023c80    00000080     maclib_nosecure_cc13x2_2_4g.a : mac_radio.obj (.text:macRadioWakeupCb)
                  00023d00    00000080                                   : mac.obj (.text:macSetTxPowerVal)
                  00023d80    00000080                                   : mac_tx.obj (.text:macTxDoneCallback)
                  00023e00    00000080                                   : mac_tx.obj (.text:macTxStartQueuedFrame)
                  00023e80    00000080     libZStack_nwk_zed_ccs.a : nwk_bufs.obj (.text:nwk_MacDataBuffersDealloc)
                  00023f00    00000080     zstacktask.obj (.text:processAfReflectErrorInd)
                  00023f80    00000080     rom_sysbios.aem4f : rom_sysbios.obj (.text:ti_sysbios_family_arm_cc26xx_Timer_start__E)
                  00024000    0000007c     libZStack_nwk_zed_ccs.a : nwk_util.obj (.text:NLME_CmdCnf)
                  0002407c    0000007c     nvocmp.obj (.text:NVOCMP_getItemLenApi)
                  000240f8    0000007c     nvocmp.obj (.text:NVOCMP_write)
                  00024174    0000007c     rf_multiMode_cc13x2.a : RFCC26X2_multiMode.c.cc13x2.ccs.o (.text:RF_ratFreeChannel)
                  000241f0    0000007c     zd_profile.obj (.text:ZDP_SendData)
                  0002426c    0000007c     zmac.obj (.text:ZMacAssociateReq)
                  000242e8    0000007c     af.obj (.text:afDelete)
                  00024364    0000007c     bdb_finding_and_binding.obj (.text:bdb_SendIdentifyQuery)
                  000243e0    0000007c     bdb_reporting.obj (.text:bdb_clusterEndpointArraySearch)
                  0002445c    0000007c     bdb.obj (.text:bdb_crcInit)
                  000244d8    0000007c     drivers_cc13x2.a : NVSSPI25X.oem4f (.text:doRead)
                  00024554    0000007c     maclib_nosecure_cc13x2_2_4g.a : mac_hl_patch.obj (.text:macTrackStartCallback)
                  000245d0    0000007c     zstacktask.obj (.text:sendLeaveInd)
                  0002464c    0000007c     zcl_sampletemperaturesensor.obj (.text:zclSampleTemperatureSensor_InitializeStatusLine)
                  000246c8    0000007c     zcl_sampletemperaturesensor.obj (.text:zclSampleTemperatureSensor_process_loop)
                  00024744    0000007a     zd_object.obj (.text:ZDO_ParseEPListRsp)
                  000247be    0000007a     rtsv7M4_T_le_v4SPD16_eabi.lib : memset_t2.asm.obj (.text)
                  00024838    00000078     libZStack_nwk_zed_ccs.a : aps_mede.obj (.text:APSME_CmdTransportKey)
                  000248b0    00000078                             : addr_mgr.obj (.text:AddrMgrEntryLookupNwk)
                  00024928    00000078                             : assoc_list.obj (.text:AssocGetWithAddress)
                  000249a0    00000078     binding_table.obj (.text:BindRestoreFromNV)
                  00024a18    00000078     maclib_nosecure_cc13x2_2_4g.a : mac_autopend.obj (.text:MAC_SrcMatchEnable)
                  00024a90    00000078     libZStack_nwk_zed_ccs.a : nwk_util.obj (.text:NLME_RejoinRspCmdProcess)
                  00024b08    00000078                             : rtg.obj (.text:RTG_GetRtgSrcIndex)
                  00024b80    00000078     zd_app.obj (.text:ZDApp_LeaveReset)
                  00024bf8    00000078     zd_sec_mgr.obj (.text:ZDSecMgrClearNVKeyValues)
                  00024c70    00000078     binding_table.obj (.text:bindNumReflections)
                  00024ce8    00000078     drivers_cc13x2.a : NVSSPI25X.oem4f (.text:doWriteVerify)
                  00024d60    00000078     maclib_nosecure_cc13x2_2_4g.a : mac_symbol_timer.obj (.text:macSymbolTimerPeriodIsr)
                  00024dd8    00000078                                   : mac_timer.obj (.text:macTimerRealign)
                  00024e50    00000078     libZStack_nwk_zed_ccs.a : nwk_bufs.obj (.text:nwkDB_Add)
                  00024ec8    00000078     zstacktask.obj (.text:processDevForceMacParamsReq)
                  00024f40    00000078     zstacktask.obj (.text:processSecNwkKeySetReq)
                  00024fb8    00000078     zcl.obj (.text:zclFindClusterOption)
                  00025030    00000078     zcl.obj (.text:zcl_registerAttrList)
                  000250a8    00000078     zcl_sampleapps_ui.obj (.text:zclsampleApp_ui_event_loop)
                  00025120    00000076     libZStack_nwk_zed_ccs.a : nwk_util.obj (.text:NLME_SendNetworkStatus)
                  00025196    00000076     rom_sysbios.aem4f : rom_sysbios.obj (.text:ti_sysbios_heaps_HeapMem_allocUnprotected__E)
                  0002520c    00000074     cui.obj (.text:CUI_menuActionNavigate)
                  00025280    00000074     binding_table.obj (.text:GetBindingTableEntry)
                  000252f4    00000074     libZStack_nwk_zed_ccs.a : nwk_util.obj (.text:NLDE_DataIndSend)
                  00025368    00000074     drivers_cc13x2.a : PowerCC26X2_calibrateRCOSC.oem4f (.text:PowerCC26X2_auxISR)
                  000253dc    00000074     rf_multiMode_cc13x2.a : RFCC26X2_multiMode.c.cc13x2.ccs.o (.text:RF_ratDisableChannel)
                  00025450    00000074                           : RFCC26X2_multiMode.c.cc13x2.ccs.o (.text:RF_yield)
                  000254c4    00000074     zd_object.obj (.text:ZDO_ProcessNodeDescReq)
                  00025538    00000074     zd_object.obj (.text:ZDO_ProcessPowerDescReq)
                  000255ac    00000074     zd_sec_mgr.obj (.text:ZDSecMgrEntryInit)
                  00025620    00000074     zd_sec_mgr.obj (.text:ZDSecMgrInitNV)
                  00025694    00000074     zmac.obj (.text:ZMacInit)
                  00025708    00000074     zmac_cb.obj (.text:ZMacLqiAdjust)
                  0002577c    00000074     OPT3001.obj (.text:_ZN7OPT30018parseLuxEj)
                  000257f0    00000074     libZStack_nwk_zed_ccs.a : aps_groups.obj (.text:aps_AddGroup)
                  00025864    00000074     bdb.obj (.text:bdb_joinProcess)
                  000258d8    00000074     binding_table.obj (.text:bindAddrMgrLocalLoad)
                  0002594c    00000074     maclib_nosecure_cc13x2_2_4g.a : mac_hl_patch.obj (.text:macAutoPoll)
                  000259c0    00000074                                   : mac_radio_tx.obj (.text:macRadioTxPrepCsmaSlottedIeee)
                  00025a34    00000074                                   : mac.obj (.text:macSetupReceiveCmd)
                  00025aa8    00000074     libZStack_nwk_zed_ccs.a : nwk_util.obj (.text:nwkProcessPanIdScan)
                  00025b1c    00000074     zstacktask.obj (.text:processZdoEndDeviceBindReq)
                  00025b90    00000074     rom_sysbios.aem4f : rom_sysbios.obj (.text:ti_sysbios_gates_GateMutexPri_leave__E)
                  00025c04    00000074     maclib_nosecure_cc13x2_2_4g.a : mac_tx.obj (.text:txComplete)
                  00025c78    00000074     zcl_general.obj (.text:zclGeneral_AddGroup)
                  00025cec    00000074     zcl.obj (.text:zclParseInDiscCmdsRspCmd)
                  00025d60    00000072     rf_multiMode_cc13x2.a : RFCC26X2_multiMode.c.cc13x2.ccs.o (.text:RF_detachOverrides)
                  00025dd2    00000072     drivers_cc13x2.a : SPICC26X2DMA.oem4f (.text:csnCallback)
                  00025e44    00000071     zcl_sampleapps_ui.obj (.text:uiActionProcessConfigureFindBind)
                  00025eb5    00000003     --HOLE-- [fill = 0]
                  00025eb8    00000070     drivers_cc13x2.a : AESCCMCC26XX.oem4f (.text:AESCCM_cleanup)
                  00025f28    00000070     libZStack_nwk_zed_ccs.a : aps_mede.obj (.text:APSME_FrameSecApplyCM)
                  00025f98    00000070                             : nl_mede.obj (.text:NLME_GetRequest)
                  00026008    00000070     rf_multiMode_cc13x2.a : rfc.c.cc13x2.ccs.o (.text:NOROM_RFCAnaDivTxOverride)
                  00026078    00000070     osal_port.obj (.text:OsalPort_heapFree)
                  000260e8    00000070     drivers_cc13x2.a : PINCC26XX.oem4f (.text:PIN_add)
                  00026158    00000070     rf_multiMode_cc13x2.a : RFCC26X2_multiMode.c.cc13x2.ccs.o (.text:RF_getCurrentTime)
                  000261c8    00000070     drivers_cc13x2.a : Random.oem4f (.text:Random_seedAutomatic)
                  00026238    00000070     zd_sec_mgr.obj (.text:ZDSecMgrEntryLookupAMI)
                  000262a8    00000070     bdb.obj (.text:bdb_nwkAssocAttemt)
                  00026318    00000070     bdb_finding_and_binding.obj (.text:bdb_zclFindingBindingAddBindEntry)
                  00026388    00000070     zstacktask.obj (.text:buildMsgServerCap)
                  000263f8    00000070     osal_nv.obj (.text:osal_nv_read_match_entry)
                  00026468    00000070     zstacktask.obj (.text:processDevJoinReq)
                  000264d8    00000070     zcl_sampletemperaturesensor.obj (.text:zclSampleTemperatureSensor_UpdateStatusLine)
                  00026548    00000070     zcl.obj (.text:zcl_registerClusterOptionList)
                  000265b8    00000070     zcl.obj (.text:zcl_registerPlugin)
                  00026628    00000070     zglobals.obj (.text:zgInit)
                  00026698    0000006f     zcl_sampleapps_ui.obj (.text:uiActionProcessConfigureNwkSteering)
                  00026707    00000001     --HOLE-- [fill = 0]
                  00026708    0000006e     af.obj (.text:AF_DataRequestSrcRtg)
                  00026776    0000006e     nvocmp.obj (.text:NVOCMP_verifyCRC)
                  000267e4    0000006e     rf_multiMode_cc13x2.a : RFCC26X2_multiMode.c.cc13x2.ccs.o (.text:RF_attachOverrides)
                  00026852    0000006e                           : RFCC26X2_multiMode.c.cc13x2.ccs.o (.text:RF_howToSchedule)
                  000268c0    0000006e     zd_app.obj (.text:ZDApp_ProcessSecEvent)
                  0002692e    0000006e     zd_object.obj (.text:ZDO_AnyClusterMatches)
                  0002699c    0000006e     zstacktask.obj (.text:convertCapabilityInfo)
                  00026a0a    0000006e     rtsv7M4_T_le_v4SPD16_eabi.lib : ll_div_t2.asm.obj (.text)
                  00026a78    0000006e     zstacktask.obj (.text:sendDeviceAnnounceInd)
                  00026ae6    00000002     --HOLE-- [fill = 0]
                  00026ae8    0000006d     rom_sysbios.aem4f : rom_sysbios.obj (.text:xdc_runtime_System_formatNum__I)
                  00026b55    00000003     --HOLE-- [fill = 0]
                  00026b58    0000006c     libZStack_nwk_zed_ccs.a : aps_mede.obj (.text:APSME_CmdPkt)
                  00026bc4    0000006c                             : aps_mede.obj (.text:APSME_LookupExtAddr)
                  00026c30    0000006c                             : addr_mgr.obj (.text:AddrMgrEntryLookupExt)
                  00026c9c    0000006c     rf_multiMode_cc13x2.a : RFCC26X2_multiMode.c.cc13x2.ccs.o (.text:RF_dispatchNextEvent)
                  00026d08    0000006c     bdb.obj (.text:bdb_SendMsg)
                  00026d74    0000006c     maclib_nosecure_cc13x2_2_4g.a : mac_rx.obj (.text:macRxHaltCleanup)
                  00026de0    0000006c                                   : mac_rx_onoff.obj (.text:macRxOn)
                  00026e4c    0000006c                                   : mac_hl_patch.obj (.text:macTrackPeriodCallback)
                  00026eb8    0000006c     libZStack_nwk_zed_ccs.a : nwk.obj (.text:nwkPollConfirmProcessing)
                  00026f24    0000006c                             : nwk_util.obj (.text:nwk_GetConfigPollRate)
                  00026f90    0000006c     osal_nv.obj (.text:osal_nv_read_ex)
                  00026ffc    0000006c     zstacktask.obj (.text:processZdoMatchDescReq)
                  00027068    0000006c     mac_user_config.obj (.text:rfSelect)
                  000270d4    0000006c     zcl.obj (.text:zclWriteAttrDataUsingCB)
                  00027140    0000006b     cui.obj (.text:CUI_statusLineResourceRequest)
                  000271ab    00000001     --HOLE-- [fill = 0]
                  000271ac    0000006a     osal_port.obj (.text:OsalPort_msgEnqueueMax)
                  00027216    0000006a     bdb.obj (.text:bdb_crcReflect)
                  00027280    0000006a     zstacktask.obj (.text:processAfDataConfirm)
                  000272ea    00000002     --HOLE-- [fill = 0]
                  000272ec    00000068     libZStack_nwk_zed_ccs.a : aps_mede_cb.obj (.text:APSME_ConfirmKeyInd)
                  00027354    00000068                             : aps_mede.obj (.text:APSME_LinkKeySync)
                  000273bc    00000068     zstacktask.obj (.text:BDBsendMsgToAllCBs)
                  00027424    00000068     driverlib.lib : osc.obj (.text:NOROM_OSCHF_SwitchToRcOscTurnOffXosc)
                  0002748c    00000068     rf_multiMode_cc13x2.a : RFCC26X2_multiMode.c.cc13x2.ccs.o (.text:RF_hwiHw)
                  000274f4    00000068     libZStack_nwk_zed_ccs.a : rtg.obj (.text:RTG_SendRErr)
                  0002755c    00000068     zd_app.obj (.text:ZDApp_LeaveUpdate)
                  000275c4    00000068     zd_app.obj (.text:ZDApp_ProcessSecMsg)
                  0002762c    00000068     zd_config.obj (.text:ZDConfig_UpdatePowerDescriptor)
                  00027694    00000068     zd_object.obj (.text:ZDO_UpdateNwkStatus)
                  000276fc    00000068     zd_sec_mgr.obj (.text:ZDSecMgrAuthenticationCheck)
                  00027764    00000068     af.obj (.text:afReflectError)
                  000277cc    00000068     bdb.obj (.text:bdb_NetworkRestoredResumeState)
                  00027834    00000068     bdb_reporting.obj (.text:bdb_RepCalculateEventElapsedTime)
                  0002789c    00000068     bdb_reporting.obj (.text:bdb_RepLoadCfgRecords)
                  00027904    00000068     bdb_finding_and_binding.obj (.text:bdb_ZclIdentifyQueryCmdInd)
                  0002796c    00000068     bdb.obj (.text:bdb_tcLinkKeyExchangeAttempt)
                  000279d4    00000068     bdb.obj (.text:bdb_tryNwkAssoc)
                  00027a3c    00000068     binding_table.obj (.text:bindNumOfEntries)
                  00027aa4    00000068     zmac.obj (.text:convertCapInfo)
                  00027b0c    00000068     rtsv7M4_T_le_v4SPD16_eabi.lib : copy_decompress_lzss.c.obj (.text:decompress:lzss:__TI_decompress_lzss)
                  00027b74    00000068     maclib_nosecure_cc13x2_2_4g.a : mac_timer.obj (.text:macSymbolTimerRolloverCallback)
                  00027bdc    00000068                                   : mac_timer.obj (.text:macTimerAddTimer)
                  00027c44    00000068     zcl.obj (.text:zcl_DeviceOperational)
                  00027cac    00000068     zglobals.obj (.text:zgInitItems)
                  00027d14    00000066     libZStack_nwk_zed_ccs.a : ssp.obj (.text:SSP_ParseAuxHdr)
                  00027d7a    00000066     zd_app.obj (.text:ZDApp_ProcessMsgCBs)
                  00027de0    00000066     zd_sec_mgr.obj (.text:ZDSecMgrApsLinkKeyInit)
                  00027e46    00000066     af.obj (.text:afDataConfirm)
                  00027eac    00000066     zcl_general.obj (.text:zclGeneral_SendGroupResponse)
                  00027f12    00000002     --HOLE-- [fill = 0]
                  00027f14    00000064     drivers_cc13x2.a : AESCCMCC26XX.oem4f (.text:AESCCM_waitForResult)
                  00027f78    00000064                      : AESECBCC26XX.oem4f (.text:AESECB_waitForResult)
                  00027fdc    00000064     zstacktask.obj (.text:BDBBindNotificationsendMsgToAllCBs)
                  00028040    00000064     drivers_cc13x2.a : Button.oem4f (.text:Button_gpioCallbackFxn)
                  000280a4    00000064                      : I2CCC26XX.oem4f (.text:I2CCC26XX_initIO)
                  00028108    00000064                      : UARTCC26XX.oem4f (.text:UARTCC26XX_control)
                  0002816c    00000064     zd_sec_mgr.obj (.text:ZDSecMgrEntryFree)
                  000281d0    00000064     bdb_reporting.obj (.text:bdb_RepMarkHasBindingInEndpointClusterArray)
                  00028234    00000064     binding_table.obj (.text:bindFindEmpty)
                  00028298    00000064     zstacktask.obj (.text:epTableRemoveEntry)
                  000282fc    00000064     zstacktask.obj (.text:isDevicePartOfNetwork)
                  00028360    00000064     maclib_nosecure_cc13x2_2_4g.a : mac_radio_tx.obj (.text:macRadioTxPrepSlotted)
                  000283c4    00000064                                   : mac.obj (.text:macRequestBackoff)
                  00028428    00000064                                   : mac_timer.obj (.text:macTimerGetNextTimer)
                  0002848c    00000064     libZStack_nwk_zed_ccs.a : nwk.obj (.text:nwk_scan_cnf_processing)
                  000284f0    00000064     zcl_general.obj (.text:zclGeneral_SendIdentifyQueryResponse)
                  00028554    00000064     zcl_port.obj (.text:zclPortFindEntity)
                  000285b8    00000064     zcl.obj (.text:zcl_BuildAnalogData)
                  0002861c    00000064     zglobals.obj (.text:zgWriteStartupOptions)
                  00028680    00000062     libZStack_nwk_zed_ccs.a : aps.obj (.text:APS_ReflectMonitor)
                  000286e2    00000062     rf_multiMode_cc13x2.a : RFCC26X2_multiMode.c.cc13x2.ccs.o (.text:RF_syncCb)
                  00028744    00000062     drivers_cc13x2.a : UARTCC26XX.oem4f (.text:UARTCC26XX_swiIntFxn)
                  000287a6    00000062     zcl_port.obj (.text:convertTxOptions)
                  00028808    00000062     libZStack_nwk_zed_ccs.a : nwk.obj (.text:nwk_BeaconToNative)
                  0002886a    00000062     zstacktask.obj (.text:sendTcDeviceInd)
                  000288cc    00000060     drivers_cc13x2.a : AESCCMCC26XX.oem4f (.text:AESCCM_hwiFxn)
                  0002892c    00000060                      : AESECBCC26XX.oem4f (.text:AESECB_hwiFxn)
                  0002898c    00000060     zstacktask.obj (.text:BDBFilterNwkDescriptorsendMsgCB)
                  000289ec    00000060     drivers_cc13x2.a : CryptoResourceCC26XX.oem4f (.text:CryptoResourceCC26XX_constructRTOSObjects)
                  00028a4c    00000060                      : GPIOCC26XX.oem4f (.text:GPIO_write)
                  00028aac    00000060                      : I2CCC26XX.oem4f (.text:I2CCC26XX_initHw)
                  00028b0c    00000060     libZStack_nwk_zed_ccs.a : nl_mede.obj (.text:NLME_NwkDiscReq2)
                  00028b6c    00000060     rf_multiMode_cc13x2.a : RFCC26X2_multiMode.c.cc13x2.ccs.o (.text:RF_applyRfCorePatch)
                  00028bcc    00000060     drivers_cc13x2.a : TRNGCC26XX.oem4f (.text:TRNGCC26XX_startTrng)
                  00028c2c    00000060     cui.obj (.text:UartReadCallback)
                  00028c8c    00000060     util_timer.obj (.text:UtilTimer_construct)
                  00028cec    00000060     zd_profile.obj (.text:ZDP_GenericRsp)
                  00028d4c    00000060     zd_profile.obj (.text:ZDP_MgmtLeaveReq)
                  00028dac    00000060     zd_sec_mgr.obj (.text:ZDSecMgrAddLinkKey)
                  00028e0c    00000060     zd_sec_mgr.obj (.text:ZDSecMgrEntryLookupAMIGetIndex)
                  00028e6c    00000060     bdb_reporting.obj (.text:bdb_linkedListAttrGetAtIndex)
                  00028ecc    00000060     bdb.obj (.text:bdb_nwkDiscoveryAttempt)
                  00028f2c    00000060     maclib_nosecure_cc13x2_2_4g.a : mac_timer.obj (.text:macTimerCancel)
                  00028f8c    00000060     libZStack_nwk_zed_ccs.a : nwk_util.obj (.text:nwkNeighborCheckAddr)
                  00028fec    00000060     zcl_sampletemperaturesensor.obj (.text:zclSampleTemperatureSensor_ProcessCommissioningStatus)
                  0002904c    00000060     zcl_sampletemperaturesensor.obj (.text:zclSampleTemperatureSensor_initParameters)
                  000290ac    00000060     zcl_port.obj (.text:zcl_afFindEndPointDesc)
                  0002910c    0000005e     libZStack_nwk_zed_ccs.a : ssp_hash.obj (.text:SSP_KeyedHash)
                  0002916a    0000005e     zstacktask.obj (.text:sendZdoConcentratorInd)
                  000291c8    0000005c     binding_table.obj (.text:BindInitNV)
                  00029224    0000005c     libZStack_nwk_zed_ccs.a : nl_mede.obj (.text:NLDE_DataReq)
                  00029280    0000005c     osal_port.obj (.text:OsalPort_blockOnEvent)
                  000292dc    0000005c     drivers_cc13x2.a : PINCC26XX.oem4f (.text:PIN_remove)
                  00029338    0000005c     rf_multiMode_cc13x2.a : RFCC26X2_multiMode.c.cc13x2.ccs.o (.text:RF_hwiCpe0PowerFsm)
                  00029394    0000005c     drivers_cc13x2.a : NVSCC26XX.oem4f (.text:doErase)
                  000293f0    0000005c                      : SPICC26X2DMA.oem4f (.text:initHw)
                  0002944c    0000005c     maclib_nosecure_cc13x2_2_4g.a : mac_radio.obj (.text:macRadioSetChannel)
                  000294a8    0000005c                                   : mac_radio.obj (.text:macRadioSetChannelRx)
                  00029504    0000005c     libZStack_nwk_zed_ccs.a : nwk.obj (.text:nwk_BeaconFromNative)
                  00029560    0000005c                             : nwk.obj (.text:nwk_getNetworkDesc)
                  000295bc    0000005c     zstacktask.obj (.text:processAfConfigGetReq)
                  00029618    0000005c     zstacktask.obj (.text:processApsFindAllGroupsReq)
                  00029674    0000005c     drivers_cc13x2.a : UARTCC26XX.oem4f (.text:startTxFifoEmptyClk)
                  000296d0    0000005c     app_pem4f.oem4f (.text:xdc_runtime_Startup_getState__I)
                  0002972c    0000005c     zcl_sampletemperaturesensor.obj (.text:zclSampleTemperatureSensor_processKey)
                  00029788    0000005c     zglobals.obj (.text:zgItemInit)
                  000297e4    0000005a     zcl.obj (.text:zcl_SendDefaultRspCmd)
                  0002983e    00000002     --HOLE-- [fill = 0]
                  00029840    00000058     libZStack_nwk_zed_ccs.a : aps.obj (.text:APS_CmdInd)
                  00029898    00000058                             : addr_mgr.obj (.text:AddrMgrEntryAdd)
                  000298f0    00000058     cui.obj (.text:CUI_updateCursor)
                  00029948    00000058     libZStack_nwk_zed_ccs.a : nwk_util.obj (.text:NLME_InitNV)
                  000299a0    00000058                             : nl_mede.obj (.text:NLME_NetworkDiscoveryRequest)
                  000299f8    00000058                             : nwk_util.obj (.text:NLME_SendEndDevTimeoutReq)
                  00029a50    00000058     nvocmp.obj (.text:NVOCMP_getFreeNvApi)
                  00029aa8    00000058     drivers_cc13x2.a : PowerCC26X2_calibrateRCOSC.oem4f (.text:PowerCC26X2_initiateCalibration)
                  00029b00    00000058     rf_multiMode_cc13x2.a : RFCC26X2_multiMode.c.cc13x2.ccs.o (.text:RF_TxPowerTable_findValue)
                  00029b58    00000058     drivers_cc13x2.a : TRNGCC26XX.oem4f (.text:TRNG_init)
                  00029bb0    00000058     zd_app.obj (.text:ZDApp_AnnounceNewAddress)
                  00029c08    00000058     zd_app.obj (.text:ZDApp_SecInit)
                  00029c60    00000058     OPT3001.obj (.text:_ZN7OPT30018transferEv)
                  00029cb8    00000058     bdb.obj (.text:bdb_nwkDescFree)
                  00029d10    00000058     bdb.obj (.text:bdb_processTimeout)
                  00029d68    00000058     bdb.obj (.text:bdb_requestTCLinkKey)
                  00029dc0    00000058     boot.aem4f : boot.oem4f (.text)
                  00029e18    00000058     drivers_cc13x2.a : NVSSPI25X.oem4f (.text:extFlashWaitReady)
                  00029e70    00000058     maclib_nosecure_cc13x2_2_4g.a : mac_sleep.obj (.text:macCanSleep)
                  00029ec8    00000058                                   : mac_hl_patch.obj (.text:macSetDefaultsByPatch)
                  00029f20    00000058                                   : mac_symbol_timer.obj (.text:macSymbolTimerEventHandler)
                  00029f78    00000058     nwk_globals.obj (.text:nwk_InitializeDefaultPollRates)
[...]
200012a6  CryptoResourceCC26XX_pollingFlag                                   
200012a8  requestNewTrustCenterLinkKey                                       
200012ac  requestLinkKeyTimeout                                              
200012b0  ZDSecMgrTCAuthenticated                                            
200012b4  ZDSecMgrEntries                                                    
200012b8  gZDSECMGR_TC_ATTEMPT_DEFAULT_KEY                                   
200012b9  ZDSecMgrAppKeyType                                                 
200012be  nwkFrameCounterChanges                                             
200012c0  nwkFrameCounter                                                    
200012cc  RF_cmdNop                                                          
200012dc  RF_cmdNopFg                                                        
200012ec  RF_prop_ieee154                                                    
200012fc  ZDApp_epDesc                                                       
2000130c  macCfg                                                             
2000132c  zdoDiscCounter                                                     
2000132d  zdappMgmtNwkDiscReqInProgress                                      
2000132e  FrameCounterUpdated                                                
20001330  ZDApp_AutoFindMode_epDesc                                          
20001334  devState                                                           
20001335  prevDevState                                                       
20001336  devStartMode                                                       
20001337  retryCnt                                                           
20001338  ZDApp_NewDeviceList                                                
2000133c  ZDP_SeqNum                                                         
2000133d  childIndex                                                         
20001345  ZDP_TxOptions                                                      
20001348  zdoMsgCBs                                                          
2000134c  zdoBindUnbindAuthClusterId                                         
2000134e  zdoBindUnbindAuthEndpoint                                          
20001350  matchED                                                            
20001354  apsChannelMask                                                     
20001358  zdpExternalStateTaskID                                             
2000135a  gMIN_TREE_LQI                                                      
2000135b  gAPS_MAX_ENDDEVICE_BROADCAST_ENTRIES                               
2000135c  APSF_taskID                                                        
20001364  pAPSF_IgnoreBlock                                                  
20001370  pClockHandleEDScan                                                 
20001374  __TI_cleanup_ptr                                                   
20001378  __TI_dtors_ptr                                                     
2000137c  __TI_enable_exit_profile_output                                    
20001380  apsfSendFragmented                                                 
20001384  apsfProcessAck                                                     
20001388  apsfSendOsalMsg                                                    
2000138c  pOverrides_ieee154                                                 
20001398  ti_sysbios_heaps_HeapCallback_Object__table__V                     
200013a4  pfnIdentifyTimeChangeCB                                            
200013a8  pfnBindNotificationCB                                              
200013ac  bdbIndentifyActiveEndpoint                                         
200013ad  lastRatChanA                                                       
200013ae  lastRatChanB                                                       
200013af  macRxCmdActive                                                     
200013b0  macTxCmdActive                                                     
200013b1  macFsCmdActive                                                     
200013b2  macRxPreempted                                                     
200013b3  numRfCmd                                                           
200013b4  numRxCmd                                                           
200013b5  numRxPostCmd                                                       
200013b6  ti_sysbios_family_arm_m3_Hwi_Module_State_0_excActive__A           
200013b8  maxSupportedEndpoints                                              
200013b9  zspbPermitJoin                                                     
200013ba  nwkUseMultiCast                                                    
200013cc  nwkDataBufQueue                                                    
200013dc  txCmdHandle                                                        
200013de  macRadioAckIeeeFrame                                               
200013e4  _lock                                                              
200013e8  _unlock                                                            
200013ec  RFCC26XX_schedulerPolicy                                           
200013f4  pinUpperBound                                                      
200013f8  pinLowerBound                                                      
2000140c  ti_sysbios_family_arm_m3_Hwi_Module__root__V                       
20001414  ti_sysbios_gates_GateHwi_Module__root__V                           
2000141c  ti_sysbios_gates_GateMutexPri_Module__root__V                      
20001424  ti_sysbios_gates_GateMutex_Module__root__V                         
2000142c  ti_sysbios_hal_Hwi_Module__root__V                                 
20001434  ti_sysbios_heaps_HeapCallback_Module__root__V                      
2000143c  ti_sysbios_heaps_HeapMem_Module__root__V                           
20001444  ti_sysbios_knl_Clock_Module__root__V                               
2000144c  ti_sysbios_knl_Event_Module__root__V                               
20001454  ti_sysbios_knl_Mailbox_Module__root__V                             
2000145c  ti_sysbios_knl_Queue_Module__root__V                               
20001464  ti_sysbios_knl_Semaphore_Module__root__V                           
2000146c  ti_sysbios_knl_Swi_Module__root__V                                 
20001474  ti_sysbios_knl_Task_Module__root__V                                
20001484  zdoBindUnbindAuthAddr                                              
2000148c  zgApsTrustCenterAddr                                               
20001494  zgApsUseExtendedPANID                                              
2000149c  zgExtendedPANID                                                    
200014a8  pZMac_AppCallback                                                  
200014ac  grpName                                                            
200014b8  zclSampleTemperatureSensor_PhysicalEnvironment                     
200014ba  zclSampleTemperatureSensor_MeasuredValue                           
200014bc  data_count                                                         
200014bf  nwkSendMTOReq                                                      
200014c5  macSleepState                                                      
200014c6  macTxSlottedDelayFactor                                            
200014c7  Main_assertReason                                                  
200014dc  apsGroupTable                                                      
200014e0  distributedFrameCounter                                            
200014e4  macTxSlottedDelay                                                  
200014e5  bInSwi                                                             
200014e6  macSrcMatchIsEnabled                                               
200014e7  macRadioYielded                                                    
200014f0  reportableChange                                                   
200014f8  main_func_sp                                                       
200014fc  ti_sysbios_family_arm_m3_Hwi_Module_State_0_excContext__A          
20001500  ti_sysbios_family_arm_m3_Hwi_Module_State_0_excStack__A            
20001504  ti_sysbios_knl_Task_Module_State_0_idleTask__A                     
20001510  pZStackCfg                                                         
20003f20  myTaskStack                                                        
20004ad8  AssociatedDevList                                                  
20004fcc  rreqCounter                                                        
20004fd0  ti_sysbios_knl_Task_Instance_State_0_stack__A                      
200051d0  uartCC26XXObjects                                                  
2000538c  menuBuff                                                           
20005534  taskTbl                                                            
2000569c  i2cCC26xxObjects                                                   
200057e8  rtgTable                                                           
20005928  spiCC26X2DMAObjects                                                
20005a38  enhancedAckBuf                                                     
20005c30  ti_sysbios_family_arm_m3_Hwi_dispatchTable                         
20005d08  LEDObjects                                                         
20005dc0  macPib                                                             
20005e48  trngCC26XXObjects                                                  
20005ecc  pinHandleTable                                                     
20005f48  neighborTable                                                      
20005fb8  apsEndDeviceBroadcastTable                                         
20006024  bdb_reportingClusterEndpointArray                                  
20006088  rtgSrcTable                                                        
200060e8  macScan                                                            
2000631c  ButtonObjects                                                      
2000636c  CryptoResourceCC26XX_accessSemaphore                               
200063bc  CryptoResourceCC26XX_operationSemaphore                            
2000640c  myTask                                                             
2000645c  rtDiscTable                                                        
200064ac  stackTask                                                          
200064fc  cuiMultiMenuData                                                   
20006648  RF_cmdIEEERx                                                       
20006684  macBeaconCoord                                                     
200066c0  BindingTable                                                       
200066f8  macDeviceAction1                                                   
20006798  macBeaconDevice                                                    
200067cc  macMgmtAction1                                                     
200067fc  macSrcExtAddrList                                                  
2000682c  NVOCMP_nvHandle                                                    
2000685a  bdb_reportingNextEventTimeout                                      
2000685c  macCoord                                                           
20006888  macDevice                                                          
200068da  zclSampleTemperatureSensor_IdentifyTime                            
200068dc  macRxFilter                                                        
200068dd  rxPromiscuousMode                                                  
200068e0  rxSeqNum                                                           
200068e8  macRxDataEntryOffset                                               
200068f4  rxRadioBufferPtr                                                   
200068f8  macRxDataEntryQueue                                                
2000696c  ApsLinkKeyRAMEntry                                                 
20006990  TCLinkKeyRAMEntry                                                  
200069b4  bcastHoldAckMask                                                   
200069d8  zdoCBFunc                                                          
20006a9c  RF_cmdIEEECsma                                                     
20006abc  RF_cmdRadioSetup                                                   
20006adc  macBeacon                                                          
20006afc  udmaCC26XXObject                                                   
20006ba8  CryptoResourceCC26XX_hwi                                           
20006bc4  macCoordAction2                                                    
20006be0  macReset                                                           
20006bfc  macSrcShortAddrList                                                
20006c18  stackSem                                                           
20006c34  RF_cmdFsRx                                                         
20006c4c  RF_cmdFsTx                                                         
20006c64  RF_cmdIEEETx                                                       
20006c7c  aesccmCC26XXObjects                                                
20006c94  aesecbCC26XXObjects                                                
20006cac  macScanAction                                                      
20006cc4  rtgSrcRelayList                                                    
20006d04  RF_cmdRxAckCmd                                                     
20006d18  bdb_FindingBindingTargetSimpleDesc                                 
20006d2c  macDeviceAction2                                                   
20006d40  macMgmtAction2                                                     
20006d78  macBeaconDeviceAction                                              
20006d88  macCoordAction3                                                    
20006d98  macData                                                            
20006da8  macDataTxDelay                                                     
20006dc6  ZDO_Config_Node_Descriptor                                         
20006e1c  bcastHoldHandle                                                    
20006e28  coexMetricsStruct                                                  
20006e34  macMain                                                            
20006e40  nvsSPI25XObjects                                                   
20006e4c  ZDAppNwkAddr                                                       
20006e56  NVOCMP_size                                                        
20006e57  ZDAppTaskID                                                        
20006e98  ZDO_UseExtendedPANID                                               
20006ea0  aExtendedAddress                                                   
20006ea8  attrDefaultCfgRecordLinkedList                                     
20006eb0  macBeaconCoordAction1                                              
20006eb8  macCoordAction1                                                    
20006ed0  PowerCC26XX_swiKey                                                 
20006ed4  PowerCC26XX_taskKey                                                
20006ed8  TRNG_handle                                                        
20006edc  ZAESCCM_handle                                                     
20006ee0  ZAESECB_handle                                                     
20006ee4  ZDO_Config_Power_Descriptor                                        
20006ee8  _ScanChannels                                                      
20006eec  __dso_handle                                                       
20006ef0  bdbCommissioningProcedureState                                     
20006ef4  bdb_reportingAttrCfgRecordsArray                                   
20006ef8  epList                                                             
20006efc  gAttrDataValue                                                     
20006f00  gCuiHandle                                                         
20006f04  macRxSymbol                                                        
20006f08  macTimerActive                                                     
20006f0c  macTxTimestamp                                                     
20006f10  nvsCC26XXObjects                                                   
20006f14  pTasksEvents                                                       
20006f18  runtimeChannel                                                     
20006f1c  timerAlignedQ                                                      
20006f20  timerUnalignedQ                                                    
20006f24  ZDApp_LeaveCtrl                                                    
20006f25  _tmpRejoinState                                                    
20006f26  bdb_TaskID                                                         
20006f27  bdb_reportingAcceptDefaultConfs                                    
20006f28  bdb_reportingAttrCfgRecordsArrayCount                              
20006f29  bdb_reportingAttrCfgRecordsArrayMaxSize                            
20006f2a  bdb_reportingClusterEndpointArrayCount                             
20006f2b  bdb_reportingNextClusterEndpointIndex                              
20006f2c  driverlib_release_0_60278                                          
20006f2d  gAction                                                            
20006f2e  macAckTxActive                                                     
20006f2f  macMgmt                                                            
20006f30  macPanCoordinator                                                  
20006f31  macPhyChannel                                                      
20006f32  macPwr                                                             
20006f33  macRxActive                                                        
20006f34  macRxEnableFlags                                                   
20006f35  macRxOutgoingAckFlag                                               
20006f36  macSymbolTimerImpending                                            
20006f37  macTaskId                                                          
20006f38  macTxActive                                                        
20006f39  macUnitBackoffPeriod                                               
20006f3a  nwkStatus                                                          
20006f3b  rxFhRsl                                                            
20006f3c  stackServiceTaskId                                                 
20006f3d  zgUseDefaultTCLK                                                   
20013a00  __stack                                                            
20014000  __STACK_END                                                        
20014000  __STACK_TOP                                                        
e000e000  ti_sysbios_family_arm_m3_Hwi_nvic                                  
ffffffff  __TI_pprof_out_hndl                                                
ffffffff  __TI_prof_data_size                                                
ffffffff  __TI_prof_data_start                                               
ffffffff  __binit__                                                          
ffffffff  __c_args__                                                         
ffffffff  binit                                                              
UNDEFED   ITM_flush                                                          
UNDEFED   ITM_restore                                                        
UNDEFED   PWM_config                                                         
UNDEFED   PWM_count                                                          

[2865 symbols]
